10.25.99.197 - - [15/Oct/2014:18:09:43 -0700] "GET /~sforzas/fortune.html HTTP/1.1" 304 - "-" "Mozilla/5.0 (Windows NT 6.1) AppleWebKit/537.36 (KHTML, like Gecko) Chrome/38.0.2125.104 Safari/537.36"
10.25.99.197 - - [15/Oct/2014:18:09:54 -0700] "GET /~sforzas/fortune.html HTTP/1.1" 304 - "-" "Mozilla/5.0 (Windows NT 6.1) AppleWebKit/537.36 (KHTML, like Gecko) Chrome/38.0.2125.104 Safari/537.36"
10.25.99.197 - - [15/Oct/2014:18:12:11 -0700] "GET /~sforzas/fortune.html HTTP/1.1" 200 77 "-" "Mozilla/5.0 (Windows NT 6.1) AppleWebKit/537.36 (KHTML, like Gecko) Chrome/38.0.2125.104 Safari/537.36"
10.24.99.54 - - [15/Oct/2014:18:12:58 -0700] "GET /~solusj/d3.js-book-examples-master/ch1/histogram.html HTTP/1.1" 200 1128 "-" "Mozilla/5.0 (Windows NT 6.1) AppleWebKit/537.36 (KHTML, like Gecko) Chrome/35.0.1916.114 Safari/537.36"
10.24.99.54 - - [15/Oct/2014:18:12:58 -0700] "GET /~solusj/d3.js-book-examples-master/bootstrap/css/bootstrap.min.css HTTP/1.1" 304 - "http://jeremy.yosemite.edu/~solusj/d3.js-book-examples-master/ch1/histogram.html" "Mozilla/5.0 (Windows NT 6.1) AppleWebKit/537.36 (KHTML, like Gecko) Chrome/35.0.1916.114 Safari/537.36"
10.24.99.54 - - [15/Oct/2014:18:12:58 -0700] "GET /~solusj/d3.js-book-examples-master/ch1/histogram.js HTTP/1.1" 304 - "http://jeremy.yosemite.edu/~solusj/d3.js-book-examples-master/ch1/histogram.html" "Mozilla/5.0 (Windows NT 6.1) AppleWebKit/537.36 (KHTML, like Gecko) Chrome/35.0.1916.114 Safari/537.36"
10.24.99.54 - - [15/Oct/2014:18:12:59 -0700] "GET /~solusj/d3.js-book-examples-master/ch1/histogram-hours.json HTTP/1.1" 304 - "http://jeremy.yosemite.edu/~solusj/d3.js-book-examples-master/ch1/histogram.html" "Mozilla/5.0 (Windows NT 6.1) AppleWebKit/537.36 (KHTML, like Gecko) Chrome/35.0.1916.114 Safari/537.36"
10.24.99.54 - - [15/Oct/2014:18:13:28 -0700] "GET /~solusj/d3.js-book-examples-master/ch1/histogram.html HTTP/1.1" 200 951 "-" "Mozilla/5.0 (Windows NT 6.1) AppleWebKit/537.36 (KHTML, like Gecko) Chrome/35.0.1916.114 Safari/537.36"
10.24.99.54 - - [15/Oct/2014:18:13:28 -0700] "GET /~solusj/d3.js-book-examples-master/bootstrap/css/bootstrap.min.css HTTP/1.1" 304 - "http://jeremy.yosemite.edu/~solusj/d3.js-book-examples-master/ch1/histogram.html" "Mozilla/5.0 (Windows NT 6.1) AppleWebKit/537.36 (KHTML, like Gecko) Chrome/35.0.1916.114 Safari/537.36"
10.24.99.54 - - [15/Oct/2014:18:13:28 -0700] "GET /~solusj/d3.js-book-examples-master/ch1/histogram.js HTTP/1.1" 304 - "http://jeremy.yosemite.edu/~solusj/d3.js-book-examples-master/ch1/histogram.html" "Mozilla/5.0 (Windows NT 6.1) AppleWebKit/537.36 (KHTML, like Gecko) Chrome/35.0.1916.114 Safari/537.36"
10.24.99.54 - - [15/Oct/2014:18:13:28 -0700] "GET /~solusj/d3.js-book-examples-master/ch1/histogram-hours.json HTTP/1.1" 304 - "http://jeremy.yosemite.edu/~solusj/d3.js-book-examples-master/ch1/histogram.html" "Mozilla/5.0 (Windows NT 6.1) AppleWebKit/537.36 (KHTML, like Gecko) Chrome/35.0.1916.114 Safari/537.36"
10.25.99.197 - - [15/Oct/2014:18:13:29 -0700] "GET /~sforzas/fortune.html HTTP/1.1" 200 192 "-" "Mozilla/5.0 (Windows NT 6.1) AppleWebKit/537.36 (KHTML, like Gecko) Chrome/38.0.2125.104 Safari/537.36"
10.66.16.237 - - [15/Oct/2014:18:13:41 -0700] "GET /~aguilarj/fortune.html HTTP/1.1" 304 - "-" "Mozilla/5.0 (Macintosh; Intel Mac OS X 10_10_0) AppleWebKit/537.36 (KHTML, like Gecko) Chrome/38.0.2125.104 Safari/537.36"
54.197.226.18 - - [15/Oct/2014:18:14:14 -0700] "HEAD /favicon.ico HTTP/1.1" 200 - "-" "-"
10.25.99.172 - - [15/Oct/2014:18:15:04 -0700] "GET /~clinem/fortune.html HTTP/1.1" 304 - "http://jeremy.yosemite.edu/~clinem/" "Mozilla/5.0 (Windows NT 6.1) AppleWebKit/537.36 (KHTML, like Gecko) Chrome/38.0.2125.101 Safari/537.36"
10.25.99.172 - - [15/Oct/2014:18:15:10 -0700] "GET /~clinem/fortune.html HTTP/1.1" 304 - "http://jeremy.yosemite.edu/~clinem/" "Mozilla/5.0 (Windows NT 6.1) AppleWebKit/537.36 (KHTML, like Gecko) Chrome/38.0.2125.101 Safari/537.36"
10.25.99.172 - - [15/Oct/2014:18:15:11 -0700] "GET /~clinem/fortune.html HTTP/1.1" 304 - "http://jeremy.yosemite.edu/~clinem/" "Mozilla/5.0 (Windows NT 6.1) AppleWebKit/537.36 (KHTML, like Gecko) Chrome/38.0.2125.101 Safari/537.36"
10.25.99.172 - - [15/Oct/2014:18:15:13 -0700] "GET /~clinem/fortune.html HTTP/1.1" 304 - "http://jeremy.yosemite.edu/~clinem/" "Mozilla/5.0 (Windows NT 6.1) AppleWebKit/537.36 (KHTML, like Gecko) Chrome/38.0.2125.101 Safari/537.36"
10.25.99.172 - - [15/Oct/2014:18:15:13 -0700] "GET /~clinem/fortune.html HTTP/1.1" 304 - "http://jeremy.yosemite.edu/~clinem/" "Mozilla/5.0 (Windows NT 6.1) AppleWebKit/537.36 (KHTML, like Gecko) Chrome/38.0.2125.101 Safari/537.36"
10.25.99.172 - - [15/Oct/2014:18:15:20 -0700] "GET /~clinem/fortune.html HTTP/1.1" 304 - "http://jeremy.yosemite.edu/~clinem/" "Mozilla/5.0 (Windows NT 6.1) AppleWebKit/537.36 (KHTML, like Gecko) Chrome/38.0.2125.101 Safari/537.36"
10.25.99.144 - - [15/Oct/2014:18:15:25 -0700] "GET /~hatchs/fortune.html HTTP/1.1" 200 258 "-" "Mozilla/5.0 (Windows NT 6.1) AppleWebKit/537.36 (KHTML, like Gecko) Chrome/38.0.2125.104 Safari/537.36"
10.25.99.197 - - [15/Oct/2014:18:15:43 -0700] "GET /~sforzas/fortune.html HTTP/1.1" 200 185 "-" "Mozilla/5.0 (Windows NT 6.1) AppleWebKit/537.36 (KHTML, like Gecko) Chrome/38.0.2125.104 Safari/537.36"
10.24.99.54 - - [15/Oct/2014:18:16:58 -0700] "GET /~solusj/d3.js-book-examples-master/ch1/histogram.html HTTP/1.1" 200 1106 "-" "Mozilla/5.0 (Windows NT 6.1) AppleWebKit/537.36 (KHTML, like Gecko) Chrome/35.0.1916.114 Safari/537.36"
10.24.99.54 - - [15/Oct/2014:18:16:58 -0700] "GET /~solusj/d3.js-book-examples-master/bootstrap/css/bootstrap.min.css HTTP/1.1" 304 - "http://jeremy.yosemite.edu/~solusj/d3.js-book-examples-master/ch1/histogram.html" "Mozilla/5.0 (Windows NT 6.1) AppleWebKit/537.36 (KHTML, like Gecko) Chrome/35.0.1916.114 Safari/537.36"
10.24.99.54 - - [15/Oct/2014:18:16:58 -0700] "GET /~solusj/d3.js-book-examples-master/ch1/histogram.js HTTP/1.1" 304 - "http://jeremy.yosemite.edu/~solusj/d3.js-book-examples-master/ch1/histogram.html" "Mozilla/5.0 (Windows NT 6.1) AppleWebKit/537.36 (KHTML, like Gecko) Chrome/35.0.1916.114 Safari/537.36"
10.24.99.54 - - [15/Oct/2014:18:16:58 -0700] "GET /~solusj/d3.js-book-examples-master/ch1/histogram-hours.json HTTP/1.1" 304 - "http://jeremy.yosemite.edu/~solusj/d3.js-book-examples-master/ch1/histogram.html" "Mozilla/5.0 (Windows NT 6.1) AppleWebKit/537.36 (KHTML, like Gecko) Chrome/35.0.1916.114 Safari/537.36"
10.24.99.54 - - [15/Oct/2014:18:17:10 -0700] "GET /~solusj/d3.js-book-examples-master/ch1/histogram.html HTTP/1.1" 200 1094 "-" "Mozilla/5.0 (Windows NT 6.1) AppleWebKit/537.36 (KHTML, like Gecko) Chrome/35.0.1916.114 Safari/537.36"
10.24.99.54 - - [15/Oct/2014:18:17:10 -0700] "GET /~solusj/d3.js-book-examples-master/bootstrap/css/bootstrap.min.css HTTP/1.1" 304 - "http://jeremy.yosemite.edu/~solusj/d3.js-book-examples-master/ch1/histogram.html" "Mozilla/5.0 (Windows NT 6.1) AppleWebKit/537.36 (KHTML, like Gecko) Chrome/35.0.1916.114 Safari/537.36"
10.24.99.54 - - [15/Oct/2014:18:17:10 -0700] "GET /~solusj/d3.js-book-examples-master/ch1/histogram.js HTTP/1.1" 304 - "http://jeremy.yosemite.edu/~solusj/d3.js-book-examples-master/ch1/histogram.html" "Mozilla/5.0 (Windows NT 6.1) AppleWebKit/537.36 (KHTML, like Gecko) Chrome/35.0.1916.114 Safari/537.36"
10.24.99.54 - - [15/Oct/2014:18:17:11 -0700] "GET /~solusj/d3.js-book-examples-master/ch1/histogram-hours.json HTTP/1.1" 304 - "http://jeremy.yosemite.edu/~solusj/d3.js-book-examples-master/ch1/histogram.html" "Mozilla/5.0 (Windows NT 6.1) AppleWebKit/537.36 (KHTML, like Gecko) Chrome/35.0.1916.114 Safari/537.36"
10.24.99.54 - - [15/Oct/2014:18:17:12 -0700] "GET /~solusj/d3.js-book-examples-master/ch1/histogram.html HTTP/1.1" 304 - "-" "Mozilla/5.0 (Windows NT 6.1) AppleWebKit/537.36 (KHTML, like Gecko) Chrome/35.0.1916.114 Safari/537.36"
10.24.99.54 - - [15/Oct/2014:18:17:12 -0700] "GET /~solusj/d3.js-book-examples-master/bootstrap/css/bootstrap.min.css HTTP/1.1" 304 - "http://jeremy.yosemite.edu/~solusj/d3.js-book-examples-master/ch1/histogram.html" "Mozilla/5.0 (Windows NT 6.1) AppleWebKit/537.36 (KHTML, like Gecko) Chrome/35.0.1916.114 Safari/537.36"
10.24.99.54 - - [15/Oct/2014:18:17:12 -0700] "GET /~solusj/d3.js-book-examples-master/ch1/histogram.js HTTP/1.1" 304 - "http://jeremy.yosemite.edu/~solusj/d3.js-book-examples-master/ch1/histogram.html" "Mozilla/5.0 (Windows NT 6.1) AppleWebKit/537.36 (KHTML, like Gecko) Chrome/35.0.1916.114 Safari/537.36"
10.24.99.54 - - [15/Oct/2014:18:17:12 -0700] "GET /~solusj/d3.js-book-examples-master/ch1/histogram-hours.json HTTP/1.1" 304 - "http://jeremy.yosemite.edu/~solusj/d3.js-book-examples-master/ch1/histogram.html" "Mozilla/5.0 (Windows NT 6.1) AppleWebKit/537.36 (KHTML, like Gecko) Chrome/35.0.1916.114 Safari/537.36"
10.24.99.54 - - [15/Oct/2014:18:17:14 -0700] "GET /~solusj/d3.js-book-examples-master/ch1/histogram.html HTTP/1.1" 304 - "-" "Mozilla/5.0 (Windows NT 6.1) AppleWebKit/537.36 (KHTML, like Gecko) Chrome/35.0.1916.114 Safari/537.36"
10.24.99.54 - - [15/Oct/2014:18:17:14 -0700] "GET /~solusj/d3.js-book-examples-master/bootstrap/css/bootstrap.min.css HTTP/1.1" 304 - "http://jeremy.yosemite.edu/~solusj/d3.js-book-examples-master/ch1/histogram.html" "Mozilla/5.0 (Windows NT 6.1) AppleWebKit/537.36 (KHTML, like Gecko) Chrome/35.0.1916.114 Safari/537.36"
10.24.99.54 - - [15/Oct/2014:18:17:14 -0700] "GET /~solusj/d3.js-book-examples-master/ch1/histogram.js HTTP/1.1" 304 - "http://jeremy.yosemite.edu/~solusj/d3.js-book-examples-master/ch1/histogram.html" "Mozilla/5.0 (Windows NT 6.1) AppleWebKit/537.36 (KHTML, like Gecko) Chrome/35.0.1916.114 Safari/537.36"
10.24.99.54 - - [15/Oct/2014:18:17:14 -0700] "GET /~solusj/d3.js-book-examples-master/ch1/histogram-hours.json HTTP/1.1" 304 - "http://jeremy.yosemite.edu/~solusj/d3.js-book-examples-master/ch1/histogram.html" "Mozilla/5.0 (Windows NT 6.1) AppleWebKit/537.36 (KHTML, like Gecko) Chrome/35.0.1916.114 Safari/537.36"
10.66.111.250 - - [15/Oct/2014:18:18:28 -0700] "GET /~golpashinc/d3.js-book-examples-master/ch1/histogram.js HTTP/1.1" 200 1458 "-" "Mozilla/5.0 (Linux; Android 4.4.2; SHIELD Tablet Build/KOT49H) AppleWebKit/537.36 (KHTML, like Gecko) Chrome/38.0.2125.102 Safari/537.36"
10.66.111.250 - - [15/Oct/2014:18:18:45 -0700] "GET /~golpashinc/d3.js-book-examples-master/ch1/histogram.html HTTP/1.1" 200 486 "-" "Mozilla/5.0 (Linux; Android 4.4.2; SHIELD Tablet Build/KOT49H) AppleWebKit/537.36 (KHTML, like Gecko) Chrome/38.0.2125.102 Safari/537.36"
10.66.111.250 - - [15/Oct/2014:18:18:45 -0700] "GET /~golpashinc/d3.js-book-examples-master/bootstrap/css/bootstrap.min.css HTTP/1.1" 200 103314 "http://jeremy.yosemite.edu/~golpashinc/d3.js-book-examples-master/ch1/histogram.html" "Mozilla/5.0 (Linux; Android 4.4.2; SHIELD Tablet Build/KOT49H) AppleWebKit/537.36 (KHTML, like Gecko) Chrome/38.0.2125.102 Safari/537.36"
10.66.111.250 - - [15/Oct/2014:18:18:47 -0700] "GET /~golpashinc/d3.js-book-examples-master/ch1/histogram-hours.json HTTP/1.1" 200 405 "http://jeremy.yosemite.edu/~golpashinc/d3.js-book-examples-master/ch1/histogram.html" "Mozilla/5.0 (Linux; Android 4.4.2; SHIELD Tablet Build/KOT49H) AppleWebKit/537.36 (KHTML, like Gecko) Chrome/38.0.2125.102 Safari/537.36"
10.66.111.250 - - [15/Oct/2014:18:19:01 -0700] "GET /~golpashinc/d3.js-book-examples-master/ch1/histogram.html HTTP/1.1" 304 - "-" "Mozilla/5.0 (Linux; Android 4.4.2; SHIELD Tablet Build/KOT49H) AppleWebKit/537.36 (KHTML, like Gecko) Chrome/38.0.2125.102 Safari/537.36"
10.66.111.250 - - [15/Oct/2014:18:19:01 -0700] "GET /~golpashinc/d3.js-book-examples-master/bootstrap/css/bootstrap.min.css HTTP/1.1" 304 - "http://jeremy.yosemite.edu/~golpashinc/d3.js-book-examples-master/ch1/histogram.html" "Mozilla/5.0 (Linux; Android 4.4.2; SHIELD Tablet Build/KOT49H) AppleWebKit/537.36 (KHTML, like Gecko) Chrome/38.0.2125.102 Safari/537.36"
10.66.111.250 - - [15/Oct/2014:18:19:01 -0700] "GET /~golpashinc/d3.js-book-examples-master/ch1/histogram.js HTTP/1.1" 304 - "http://jeremy.yosemite.edu/~golpashinc/d3.js-book-examples-master/ch1/histogram.html" "Mozilla/5.0 (Linux; Android 4.4.2; SHIELD Tablet Build/KOT49H) AppleWebKit/537.36 (KHTML, like Gecko) Chrome/38.0.2125.102 Safari/537.36"
10.66.111.250 - - [15/Oct/2014:18:19:01 -0700] "GET /~golpashinc/d3.js-book-examples-master/ch1/histogram-hours.json HTTP/1.1" 304 - "http://jeremy.yosemite.edu/~golpashinc/d3.js-book-examples-master/ch1/histogram.html" "Mozilla/5.0 (Linux; Android 4.4.2; SHIELD Tablet Build/KOT49H) AppleWebKit/537.36 (KHTML, like Gecko) Chrome/38.0.2125.102 Safari/537.36"
10.66.111.250 - - [15/Oct/2014:18:19:07 -0700] "GET /~golpashinc/d3.js-book-examples-master/ch1/histogram.html HTTP/1.1" 304 - "-" "Mozilla/5.0 (Linux; Android 4.4.2; SHIELD Tablet Build/KOT49H) AppleWebKit/537.36 (KHTML, like Gecko) Chrome/38.0.2125.102 Safari/537.36"
10.66.111.250 - - [15/Oct/2014:18:19:07 -0700] "GET /~golpashinc/d3.js-book-examples-master/bootstrap/css/bootstrap.min.css HTTP/1.1" 304 - "http://jeremy.yosemite.edu/~golpashinc/d3.js-book-examples-master/ch1/histogram.html" "Mozilla/5.0 (Linux; Android 4.4.2; SHIELD Tablet Build/KOT49H) AppleWebKit/537.36 (KHTML, like Gecko) Chrome/38.0.2125.102 Safari/537.36"
10.66.111.250 - - [15/Oct/2014:18:19:07 -0700] "GET /~golpashinc/d3.js-book-examples-master/ch1/histogram.js HTTP/1.1" 304 - "http://jeremy.yosemite.edu/~golpashinc/d3.js-book-examples-master/ch1/histogram.html" "Mozilla/5.0 (Linux; Android 4.4.2; SHIELD Tablet Build/KOT49H) AppleWebKit/537.36 (KHTML, like Gecko) Chrome/38.0.2125.102 Safari/537.36"
10.66.111.250 - - [15/Oct/2014:18:19:07 -0700] "GET /~golpashinc/d3.js-book-examples-master/ch1/histogram-hours.json HTTP/1.1" 304 - "http://jeremy.yosemite.edu/~golpashinc/d3.js-book-examples-master/ch1/histogram.html" "Mozilla/5.0 (Linux; Android 4.4.2; SHIELD Tablet Build/KOT49H) AppleWebKit/537.36 (KHTML, like Gecko) Chrome/38.0.2125.102 Safari/537.36"
10.25.99.148 - - [15/Oct/2014:18:20:07 -0700] "GET /~jandad/fortune.html HTTP/1.1" 200 935 "-" "Mozilla/5.0 (Windows NT 6.1) AppleWebKit/537.36 (KHTML, like Gecko) Chrome/38.0.2125.104 Safari/537.36"
10.25.99.148 - - [15/Oct/2014:18:20:10 -0700] "GET /~jandad/fortune.html HTTP/1.1" 304 - "-" "Mozilla/5.0 (Windows NT 6.1) AppleWebKit/537.36 (KHTML, like Gecko) Chrome/38.0.2125.104 Safari/537.36"
10.25.99.148 - - [15/Oct/2014:18:20:10 -0700] "GET /~jandad/fortune.html HTTP/1.1" 304 - "-" "Mozilla/5.0 (Windows NT 6.1) AppleWebKit/537.36 (KHTML, like Gecko) Chrome/38.0.2125.104 Safari/537.36"
10.25.99.148 - - [15/Oct/2014:18:20:11 -0700] "GET /~jandad/fortune.html HTTP/1.1" 304 - "-" "Mozilla/5.0 (Windows NT 6.1) AppleWebKit/537.36 (KHTML, like Gecko) Chrome/38.0.2125.104 Safari/537.36"
10.66.111.250 - - [15/Oct/2014:18:21:09 -0700] "GET /~golpashinc/d3.js-book-examples-master/ch1/histogram.html HTTP/1.1" 304 - "-" "Mozilla/5.0 (Linux; Android 4.4.2; SHIELD Tablet Build/KOT49H) AppleWebKit/537.36 (KHTML, like Gecko) Chrome/38.0.2125.102 Safari/537.36"
10.66.111.250 - - [15/Oct/2014:18:21:09 -0700] "GET /~golpashinc/d3.js-book-examples-master/bootstrap/css/bootstrap.min.css HTTP/1.1" 304 - "http://jeremy.yosemite.edu/~golpashinc/d3.js-book-examples-master/ch1/histogram.html" "Mozilla/5.0 (Linux; Android 4.4.2; SHIELD Tablet Build/KOT49H) AppleWebKit/537.36 (KHTML, like Gecko) Chrome/38.0.2125.102 Safari/537.36"
10.66.111.250 - - [15/Oct/2014:18:21:09 -0700] "GET /~golpashinc/d3.js-book-examples-master/ch1/histogram.js HTTP/1.1" 304 - "http://jeremy.yosemite.edu/~golpashinc/d3.js-book-examples-master/ch1/histogram.html" "Mozilla/5.0 (Linux; Android 4.4.2; SHIELD Tablet Build/KOT49H) AppleWebKit/537.36 (KHTML, like Gecko) Chrome/38.0.2125.102 Safari/537.36"
10.66.111.250 - - [15/Oct/2014:18:21:09 -0700] "GET /~golpashinc/d3.js-book-examples-master/ch1/histogram-hours.json HTTP/1.1" 200 405 "http://jeremy.yosemite.edu/~golpashinc/d3.js-book-examples-master/ch1/histogram.html" "Mozilla/5.0 (Linux; Android 4.4.2; SHIELD Tablet Build/KOT49H) AppleWebKit/537.36 (KHTML, like Gecko) Chrome/38.0.2125.102 Safari/537.36"
10.25.99.19 - - [15/Oct/2014:18:22:17 -0700] "GET /~hays/fortune.html HTTP/1.1" 200 285 "-" "Mozilla/5.0 (Windows NT 6.1) AppleWebKit/537.36 (KHTML, like Gecko) Chrome/38.0.2125.104 Safari/537.36"
10.25.99.19 - - [15/Oct/2014:18:22:31 -0700] "GET /~hays/fortune.html HTTP/1.1" 304 - "-" "Mozilla/5.0 (Windows NT 6.1) AppleWebKit/537.36 (KHTML, like Gecko) Chrome/38.0.2125.104 Safari/537.36"
54.197.226.18 - - [15/Oct/2014:18:23:06 -0700] "HEAD /favicon.ico HTTP/1.1" 200 - "-" "-"
10.66.3.32 - - [15/Oct/2014:18:23:27 -0700] "GET /~weatheringtonb/fortune.html HTTP/1.1" 200 253 "-" "Mozilla/5.0 (Windows NT 6.1; WOW64; Trident/7.0; rv:11.0) like Gecko"
10.66.3.32 - - [15/Oct/2014:18:23:44 -0700] "GET /~weatheringtonb/fortune.html HTTP/1.1" 200 244 "-" "Mozilla/5.0 (Windows NT 6.1; WOW64; Trident/7.0; rv:11.0) like Gecko"
10.25.99.19 - - [15/Oct/2014:18:23:51 -0700] "GET /~hays/fortune.html HTTP/1.1" 304 - "-" "Mozilla/5.0 (Windows NT 6.1) AppleWebKit/537.36 (KHTML, like Gecko) Chrome/38.0.2125.104 Safari/537.36"
10.25.99.72 - - [15/Oct/2014:18:24:28 -0700] "GET /~delgado-braunn/fortune.html HTTP/1.1" 200 186 "-" "Mozilla/5.0 (Windows NT 6.1) AppleWebKit/537.36 (KHTML, like Gecko) Chrome/38.0.2125.104 Safari/537.36"
10.66.5.199 - - [15/Oct/2014:18:24:48 -0700] "GET /~armijoj/fortune.html HTTP/1.1" 304 - "http://jeremy.yosemite.edu/~armijoj/" "Mozilla/5.0 (Windows NT 6.2; WOW64) AppleWebKit/537.36 (KHTML, like Gecko) Chrome/37.0.2062.124 Safari/537.36"
10.66.5.199 - - [15/Oct/2014:18:24:50 -0700] "GET /~armijoj/fortune.html HTTP/1.1" 304 - "http://jeremy.yosemite.edu/~armijoj/" "Mozilla/5.0 (Windows NT 6.2; WOW64) AppleWebKit/537.36 (KHTML, like Gecko) Chrome/37.0.2062.124 Safari/537.36"
10.66.5.199 - - [15/Oct/2014:18:24:50 -0700] "GET /~armijoj/fortune.html HTTP/1.1" 304 - "http://jeremy.yosemite.edu/~armijoj/" "Mozilla/5.0 (Windows NT 6.2; WOW64) AppleWebKit/537.36 (KHTML, like Gecko) Chrome/37.0.2062.124 Safari/537.36"
10.66.5.199 - - [15/Oct/2014:18:24:50 -0700] "GET /~armijoj/fortune.html HTTP/1.1" 304 - "http://jeremy.yosemite.edu/~armijoj/" "Mozilla/5.0 (Windows NT 6.2; WOW64) AppleWebKit/537.36 (KHTML, like Gecko) Chrome/37.0.2062.124 Safari/537.36"
10.66.5.199 - - [15/Oct/2014:18:24:51 -0700] "GET /~armijoj/fortune.html HTTP/1.1" 304 - "http://jeremy.yosemite.edu/~armijoj/" "Mozilla/5.0 (Windows NT 6.2; WOW64) AppleWebKit/537.36 (KHTML, like Gecko) Chrome/37.0.2062.124 Safari/537.36"
10.66.5.199 - - [15/Oct/2014:18:24:51 -0700] "GET /~armijoj/fortune.html HTTP/1.1" 304 - "http://jeremy.yosemite.edu/~armijoj/" "Mozilla/5.0 (Windows NT 6.2; WOW64) AppleWebKit/537.36 (KHTML, like Gecko) Chrome/37.0.2062.124 Safari/537.36"
10.66.5.199 - - [15/Oct/2014:18:24:52 -0700] "GET /~armijoj/fortune.html HTTP/1.1" 304 - "http://jeremy.yosemite.edu/~armijoj/" "Mozilla/5.0 (Windows NT 6.2; WOW64) AppleWebKit/537.36 (KHTML, like Gecko) Chrome/37.0.2062.124 Safari/537.36"
10.66.5.199 - - [15/Oct/2014:18:24:52 -0700] "GET /~armijoj/fortune.html HTTP/1.1" 200 150 "http://jeremy.yosemite.edu/~armijoj/" "Mozilla/5.0 (Windows NT 6.2; WOW64) AppleWebKit/537.36 (KHTML, like Gecko) Chrome/37.0.2062.124 Safari/537.36"
10.66.5.199 - - [15/Oct/2014:18:24:52 -0700] "GET /~armijoj/fortune.html HTTP/1.1" 304 - "http://jeremy.yosemite.edu/~armijoj/" "Mozilla/5.0 (Windows NT 6.2; WOW64) AppleWebKit/537.36 (KHTML, like Gecko) Chrome/37.0.2062.124 Safari/537.36"
10.25.99.26 - - [15/Oct/2014:18:25:36 -0700] "GET /~singhp/fortune.html HTTP/1.1" 200 146 "-" "Mozilla/5.0 (Windows NT 6.1) AppleWebKit/537.36 (KHTML, like Gecko) Chrome/38.0.2125.104 Safari/537.36"
10.25.99.144 - - [15/Oct/2014:18:25:41 -0700] "GET /~hatchs/fortune.html HTTP/1.1" 304 - "-" "Mozilla/5.0 (Windows NT 6.1) AppleWebKit/537.36 (KHTML, like Gecko) Chrome/38.0.2125.104 Safari/537.36"
10.25.99.144 - - [15/Oct/2014:18:25:42 -0700] "GET /~hatchs/fortune.html HTTP/1.1" 304 - "-" "Mozilla/5.0 (Windows NT 6.1) AppleWebKit/537.36 (KHTML, like Gecko) Chrome/38.0.2125.104 Safari/537.36"
10.25.99.144 - - [15/Oct/2014:18:25:43 -0700] "GET /~hatchs/fortune.html HTTP/1.1" 304 - "-" "Mozilla/5.0 (Windows NT 6.1) AppleWebKit/537.36 (KHTML, like Gecko) Chrome/38.0.2125.104 Safari/537.36"
10.25.99.148 - - [15/Oct/2014:18:25:54 -0700] "GET /~jandad/fortune.html HTTP/1.1" 304 - "-" "Mozilla/5.0 (Windows NT 6.1) AppleWebKit/537.36 (KHTML, like Gecko) Chrome/38.0.2125.104 Safari/537.36"
10.25.99.172 - - [15/Oct/2014:18:26:59 -0700] "GET /~clinem/fortune.html HTTP/1.1" 304 - "http://jeremy.yosemite.edu/~clinem/" "Mozilla/5.0 (Windows NT 6.1) AppleWebKit/537.36 (KHTML, like Gecko) Chrome/38.0.2125.101 Safari/537.36"
10.25.99.172 - - [15/Oct/2014:18:27:01 -0700] "GET /~clinem/fortune.html HTTP/1.1" 304 - "http://jeremy.yosemite.edu/~clinem/" "Mozilla/5.0 (Windows NT 6.1) AppleWebKit/537.36 (KHTML, like Gecko) Chrome/38.0.2125.101 Safari/537.36"
10.25.99.172 - - [15/Oct/2014:18:27:02 -0700] "GET /~clinem/fortune.html HTTP/1.1" 304 - "http://jeremy.yosemite.edu/~clinem/" "Mozilla/5.0 (Windows NT 6.1) AppleWebKit/537.36 (KHTML, like Gecko) Chrome/38.0.2125.101 Safari/537.36"
10.66.16.237 - - [15/Oct/2014:18:27:20 -0700] "GET /~aguilarj/fortune.html HTTP/1.1" 200 120 "-" "Mozilla/5.0 (Macintosh; Intel Mac OS X 10_10_0) AppleWebKit/537.36 (KHTML, like Gecko) Chrome/38.0.2125.104 Safari/537.36"
10.25.99.26 - - [15/Oct/2014:18:27:28 -0700] "GET /~singhp/fortune.html HTTP/1.1" 304 - "-" "Mozilla/5.0 (Windows NT 6.1) AppleWebKit/537.36 (KHTML, like Gecko) Chrome/38.0.2125.104 Safari/537.36"
10.25.99.26 - - [15/Oct/2014:18:27:29 -0700] "GET /~singhp/fortune.html HTTP/1.1" 304 - "-" "Mozilla/5.0 (Windows NT 6.1) AppleWebKit/537.36 (KHTML, like Gecko) Chrome/38.0.2125.104 Safari/537.36"
10.25.99.26 - - [15/Oct/2014:18:27:30 -0700] "GET /~singhp/fortune.html HTTP/1.1" 304 - "-" "Mozilla/5.0 (Windows NT 6.1) AppleWebKit/537.36 (KHTML, like Gecko) Chrome/38.0.2125.104 Safari/537.36"
10.24.99.54 - - [15/Oct/2014:18:31:06 -0700] "GET /~solusj/d3.js-book-examples-master/ch1/histogram.html HTTP/1.1" 200 1238 "-" "Mozilla/5.0 (Windows NT 6.1) AppleWebKit/537.36 (KHTML, like Gecko) Chrome/35.0.1916.114 Safari/537.36"
10.24.99.54 - - [15/Oct/2014:18:31:06 -0700] "GET /~solusj/d3.js-book-examples-master/bootstrap/css/bootstrap.min.css HTTP/1.1" 304 - "http://jeremy.yosemite.edu/~solusj/d3.js-book-examples-master/ch1/histogram.html" "Mozilla/5.0 (Windows NT 6.1) AppleWebKit/537.36 (KHTML, like Gecko) Chrome/35.0.1916.114 Safari/537.36"
10.24.99.54 - - [15/Oct/2014:18:31:06 -0700] "GET /~solusj/d3.js-book-examples-master/ch1/histogram.js HTTP/1.1" 304 - "http://jeremy.yosemite.edu/~solusj/d3.js-book-examples-master/ch1/histogram.html" "Mozilla/5.0 (Windows NT 6.1) AppleWebKit/537.36 (KHTML, like Gecko) Chrome/35.0.1916.114 Safari/537.36"
10.24.99.54 - - [15/Oct/2014:18:31:09 -0700] "GET /~solusj/d3.js-book-examples-master/ch1/histogram-hours.json HTTP/1.1" 304 - "http://jeremy.yosemite.edu/~solusj/d3.js-book-examples-master/ch1/histogram.html" "Mozilla/5.0 (Windows NT 6.1) AppleWebKit/537.36 (KHTML, like Gecko) Chrome/35.0.1916.114 Safari/537.36"
10.24.99.54 - - [15/Oct/2014:18:31:13 -0700] "GET /~solusj/d3.js-book-examples-master/ch1/histogram.html HTTP/1.1" 304 - "-" "Mozilla/5.0 (Windows NT 6.1) AppleWebKit/537.36 (KHTML, like Gecko) Chrome/35.0.1916.114 Safari/537.36"
10.24.99.54 - - [15/Oct/2014:18:31:13 -0700] "GET /~solusj/d3.js-book-examples-master/bootstrap/css/bootstrap.min.css HTTP/1.1" 304 - "http://jeremy.yosemite.edu/~solusj/d3.js-book-examples-master/ch1/histogram.html" "Mozilla/5.0 (Windows NT 6.1) AppleWebKit/537.36 (KHTML, like Gecko) Chrome/35.0.1916.114 Safari/537.36"
10.24.99.54 - - [15/Oct/2014:18:31:13 -0700] "GET /~solusj/d3.js-book-examples-master/ch1/histogram.js HTTP/1.1" 304 - "http://jeremy.yosemite.edu/~solusj/d3.js-book-examples-master/ch1/histogram.html" "Mozilla/5.0 (Windows NT 6.1) AppleWebKit/537.36 (KHTML, like Gecko) Chrome/35.0.1916.114 Safari/537.36"
10.24.99.54 - - [15/Oct/2014:18:31:13 -0700] "GET /~solusj/d3.js-book-examples-master/ch1/histogram-hours.json HTTP/1.1" 304 - "http://jeremy.yosemite.edu/~solusj/d3.js-book-examples-master/ch1/histogram.html" "Mozilla/5.0 (Windows NT 6.1) AppleWebKit/537.36 (KHTML, like Gecko) Chrome/35.0.1916.114 Safari/537.36"
10.24.99.54 - - [15/Oct/2014:18:31:46 -0700] "GET /~solusj/d3.js-book-examples-master/ch1/histogram.html HTTP/1.1" 200 1237 "-" "Mozilla/5.0 (Windows NT 6.1) AppleWebKit/537.36 (KHTML, like Gecko) Chrome/35.0.1916.114 Safari/537.36"
10.24.99.54 - - [15/Oct/2014:18:31:46 -0700] "GET /~solusj/d3.js-book-examples-master/bootstrap/css/bootstrap.min.css HTTP/1.1" 304 - "http://jeremy.yosemite.edu/~solusj/d3.js-book-examples-master/ch1/histogram.html" "Mozilla/5.0 (Windows NT 6.1) AppleWebKit/537.36 (KHTML, like Gecko) Chrome/35.0.1916.114 Safari/537.36"
10.24.99.54 - - [15/Oct/2014:18:31:46 -0700] "GET /~solusj/d3.js-book-examples-master/ch1/histogram.js HTTP/1.1" 304 - "http://jeremy.yosemite.edu/~solusj/d3.js-book-examples-master/ch1/histogram.html" "Mozilla/5.0 (Windows NT 6.1) AppleWebKit/537.36 (KHTML, like Gecko) Chrome/35.0.1916.114 Safari/537.36"
10.24.99.54 - - [15/Oct/2014:18:31:46 -0700] "GET /~solusj/d3.js-book-examples-master/ch1/histogram-hours.json HTTP/1.1" 304 - "http://jeremy.yosemite.edu/~solusj/d3.js-book-examples-master/ch1/histogram.html" "Mozilla/5.0 (Windows NT 6.1) AppleWebKit/537.36 (KHTML, like Gecko) Chrome/35.0.1916.114 Safari/537.36"
10.24.99.54 - - [15/Oct/2014:18:33:53 -0700] "GET /~solusj/d3.js-book-examples-master/ch1/histogram.html HTTP/1.1" 200 1265 "-" "Mozilla/5.0 (Windows NT 6.1) AppleWebKit/537.36 (KHTML, like Gecko) Chrome/35.0.1916.114 Safari/537.36"
10.24.99.54 - - [15/Oct/2014:18:33:53 -0700] "GET /~solusj/d3.js-book-examples-master/bootstrap/css/bootstrap.min.css HTTP/1.1" 304 - "http://jeremy.yosemite.edu/~solusj/d3.js-book-examples-master/ch1/histogram.html" "Mozilla/5.0 (Windows NT 6.1) AppleWebKit/537.36 (KHTML, like Gecko) Chrome/35.0.1916.114 Safari/537.36"
10.24.99.54 - - [15/Oct/2014:18:33:53 -0700] "GET /~solusj/d3.js-book-examples-master/ch1/histogram.js HTTP/1.1" 304 - "http://jeremy.yosemite.edu/~solusj/d3.js-book-examples-master/ch1/histogram.html" "Mozilla/5.0 (Windows NT 6.1) AppleWebKit/537.36 (KHTML, like Gecko) Chrome/35.0.1916.114 Safari/537.36"
10.24.99.54 - - [15/Oct/2014:18:33:54 -0700] "GET /~solusj/d3.js-book-examples-master/ch1/histogram-hours.json HTTP/1.1" 304 - "http://jeremy.yosemite.edu/~solusj/d3.js-book-examples-master/ch1/histogram.html" "Mozilla/5.0 (Windows NT 6.1) AppleWebKit/537.36 (KHTML, like Gecko) Chrome/35.0.1916.114 Safari/537.36"
10.66.5.199 - - [15/Oct/2014:18:34:17 -0700] "GET /~armijoj/fortune.html HTTP/1.1" 304 - "-" "Mozilla/5.0 (Windows NT 6.2; WOW64) AppleWebKit/537.36 (KHTML, like Gecko) Chrome/37.0.2062.124 Safari/537.36"
10.24.99.54 - - [15/Oct/2014:18:34:27 -0700] "GET /~solusj/d3.js-book-examples-master/ch1/histogram.html HTTP/1.1" 200 1276 "-" "Mozilla/5.0 (Windows NT 6.1) AppleWebKit/537.36 (KHTML, like Gecko) Chrome/35.0.1916.114 Safari/537.36"
10.24.99.54 - - [15/Oct/2014:18:34:27 -0700] "GET /~solusj/d3.js-book-examples-master/bootstrap/css/bootstrap.min.css HTTP/1.1" 304 - "http://jeremy.yosemite.edu/~solusj/d3.js-book-examples-master/ch1/histogram.html" "Mozilla/5.0 (Windows NT 6.1) AppleWebKit/537.36 (KHTML, like Gecko) Chrome/35.0.1916.114 Safari/537.36"
10.24.99.54 - - [15/Oct/2014:18:34:27 -0700] "GET /~solusj/d3.js-book-examples-master/ch1/histogram.js HTTP/1.1" 304 - "http://jeremy.yosemite.edu/~solusj/d3.js-book-examples-master/ch1/histogram.html" "Mozilla/5.0 (Windows NT 6.1) AppleWebKit/537.36 (KHTML, like Gecko) Chrome/35.0.1916.114 Safari/537.36"
10.24.99.54 - - [15/Oct/2014:18:34:27 -0700] "GET /~solusj/d3.js-book-examples-master/ch1/histogram-hours.json HTTP/1.1" 304 - "http://jeremy.yosemite.edu/~solusj/d3.js-book-examples-master/ch1/histogram.html" "Mozilla/5.0 (Windows NT 6.1) AppleWebKit/537.36 (KHTML, like Gecko) Chrome/35.0.1916.114 Safari/537.36"
216.24.94.139 - - [15/Oct/2014:18:36:14 -0700] "GET /tmUnblock.cgi HTTP/1.1" 400 947 "-" "-"
10.25.99.154 - - [15/Oct/2014:18:36:59 -0700] "GET /~willisc/fortune.html HTTP/1.1" 200 169 "-" "Mozilla/5.0 (Windows NT 6.1) AppleWebKit/537.36 (KHTML, like Gecko) Chrome/38.0.2125.104 Safari/537.36"
10.25.99.148 - - [15/Oct/2014:18:38:16 -0700] "GET /~jandad/fortune.html HTTP/1.1" 200 99 "-" "Mozilla/5.0 (Windows NT 6.1) AppleWebKit/537.36 (KHTML, like Gecko) Chrome/38.0.2125.104 Safari/537.36"
10.25.99.172 - - [15/Oct/2014:18:38:23 -0700] "GET /~clinem/fortune.html HTTP/1.1" 304 - "http://jeremy.yosemite.edu/~clinem/" "Mozilla/5.0 (Windows NT 6.1) AppleWebKit/537.36 (KHTML, like Gecko) Chrome/38.0.2125.101 Safari/537.36"
10.25.99.172 - - [15/Oct/2014:18:38:24 -0700] "GET /~clinem/fortune.html HTTP/1.1" 304 - "http://jeremy.yosemite.edu/~clinem/" "Mozilla/5.0 (Windows NT 6.1) AppleWebKit/537.36 (KHTML, like Gecko) Chrome/38.0.2125.101 Safari/537.36"
10.25.99.172 - - [15/Oct/2014:18:38:24 -0700] "GET /~clinem/fortune.html HTTP/1.1" 304 - "http://jeremy.yosemite.edu/~clinem/" "Mozilla/5.0 (Windows NT 6.1) AppleWebKit/537.36 (KHTML, like Gecko) Chrome/38.0.2125.101 Safari/537.36"
10.25.99.172 - - [15/Oct/2014:18:38:27 -0700] "GET /~clinem/fortune.html HTTP/1.1" 304 - "http://jeremy.yosemite.edu/~clinem/" "Mozilla/5.0 (Windows NT 6.1) AppleWebKit/537.36 (KHTML, like Gecko) Chrome/38.0.2125.101 Safari/537.36"
10.25.99.172 - - [15/Oct/2014:18:38:28 -0700] "GET /~clinem/fortune.html HTTP/1.1" 304 - "http://jeremy.yosemite.edu/~clinem/" "Mozilla/5.0 (Windows NT 6.1) AppleWebKit/537.36 (KHTML, like Gecko) Chrome/38.0.2125.101 Safari/537.36"
10.25.99.172 - - [15/Oct/2014:18:38:29 -0700] "GET /~clinem/fortune.html HTTP/1.1" 304 - "http://jeremy.yosemite.edu/~clinem/" "Mozilla/5.0 (Windows NT 6.1) AppleWebKit/537.36 (KHTML, like Gecko) Chrome/38.0.2125.101 Safari/537.36"
10.66.111.153 - - [15/Oct/2014:18:38:32 -0700] "GET /~honord/fortune.html HTTP/1.1" 200 199 "-" "Mozilla/5.0 (X11; Ubuntu; Linux x86_64; rv:32.0) Gecko/20100101 Firefox/32.0"
10.25.99.172 - - [15/Oct/2014:18:38:34 -0700] "GET /~clinem/fortune.html HTTP/1.1" 304 - "http://jeremy.yosemite.edu/~clinem/" "Mozilla/5.0 (Windows NT 6.1) AppleWebKit/537.36 (KHTML, like Gecko) Chrome/38.0.2125.101 Safari/537.36"
10.66.111.153 - - [15/Oct/2014:18:38:35 -0700] "GET /~honord/fortune.html HTTP/1.1" 304 - "-" "Mozilla/5.0 (X11; Ubuntu; Linux x86_64; rv:32.0) Gecko/20100101 Firefox/32.0"
10.25.99.172 - - [15/Oct/2014:18:40:08 -0700] "GET /~clinem/fortune.html HTTP/1.1" 304 - "http://jeremy.yosemite.edu/~clinem/" "Mozilla/5.0 (Windows NT 6.1) AppleWebKit/537.36 (KHTML, like Gecko) Chrome/38.0.2125.101 Safari/537.36"
10.25.99.172 - - [15/Oct/2014:18:40:09 -0700] "GET /~clinem/fortune.html HTTP/1.1" 304 - "http://jeremy.yosemite.edu/~clinem/" "Mozilla/5.0 (Windows NT 6.1) AppleWebKit/537.36 (KHTML, like Gecko) Chrome/38.0.2125.101 Safari/537.36"
10.25.99.172 - - [15/Oct/2014:18:40:10 -0700] "GET /~clinem/fortune.html HTTP/1.1" 304 - "http://jeremy.yosemite.edu/~clinem/" "Mozilla/5.0 (Windows NT 6.1) AppleWebKit/537.36 (KHTML, like Gecko) Chrome/38.0.2125.101 Safari/537.36"
10.25.99.172 - - [15/Oct/2014:18:40:11 -0700] "GET /~clinem/fortune.html HTTP/1.1" 304 - "http://jeremy.yosemite.edu/~clinem/" "Mozilla/5.0 (Windows NT 6.1) AppleWebKit/537.36 (KHTML, like Gecko) Chrome/38.0.2125.101 Safari/537.36"
10.25.99.172 - - [15/Oct/2014:18:40:16 -0700] "GET /~clinem/fortune.html HTTP/1.1" 304 - "http://jeremy.yosemite.edu/~clinem/" "Mozilla/5.0 (Windows NT 6.1) AppleWebKit/537.36 (KHTML, like Gecko) Chrome/38.0.2125.101 Safari/537.36"
10.66.16.135 - - [15/Oct/2014:18:40:54 -0700] "GET /~wongj/fortune.html HTTP/1.1" 304 - "-" "Mozilla/5.0 (Windows NT 6.3; WOW64; rv:32.0) Gecko/20100101 Firefox/32.0"
10.25.99.19 - - [15/Oct/2014:18:41:03 -0700] "GET /~hays/fortune.html HTTP/1.1" 304 - "-" "Mozilla/5.0 (Windows NT 6.1) AppleWebKit/537.36 (KHTML, like Gecko) Chrome/38.0.2125.104 Safari/537.36"
10.24.99.54 - - [15/Oct/2014:18:41:22 -0700] "GET /~solusj/d3.js-book-examples-master/ch1/histogram.html HTTP/1.1" 200 852 "-" "Mozilla/5.0 (Windows NT 6.1) AppleWebKit/537.36 (KHTML, like Gecko) Chrome/35.0.1916.114 Safari/537.36"
10.24.99.54 - - [15/Oct/2014:18:41:22 -0700] "GET /~solusj/d3.js-book-examples-master/bootstrap/css/bootstrap.min.css HTTP/1.1" 304 - "http://jeremy.yosemite.edu/~solusj/d3.js-book-examples-master/ch1/histogram.html" "Mozilla/5.0 (Windows NT 6.1) AppleWebKit/537.36 (KHTML, like Gecko) Chrome/35.0.1916.114 Safari/537.36"
10.24.99.54 - - [15/Oct/2014:18:41:22 -0700] "GET /~solusj/d3.js-book-examples-master/ch1/histogram.js HTTP/1.1" 304 - "http://jeremy.yosemite.edu/~solusj/d3.js-book-examples-master/ch1/histogram.html" "Mozilla/5.0 (Windows NT 6.1) AppleWebKit/537.36 (KHTML, like Gecko) Chrome/35.0.1916.114 Safari/537.36"
10.24.99.54 - - [15/Oct/2014:18:41:22 -0700] "GET /~solusj/d3.js-book-examples-master/ch1/histogram-hours.json HTTP/1.1" 304 - "http://jeremy.yosemite.edu/~solusj/d3.js-book-examples-master/ch1/histogram.html" "Mozilla/5.0 (Windows NT 6.1) AppleWebKit/537.36 (KHTML, like Gecko) Chrome/35.0.1916.114 Safari/537.36"
10.24.99.54 - - [15/Oct/2014:18:41:24 -0700] "GET /~solusj/d3.js-book-examples-master/ch1/histogram.html HTTP/1.1" 304 - "-" "Mozilla/5.0 (Windows NT 6.1) AppleWebKit/537.36 (KHTML, like Gecko) Chrome/35.0.1916.114 Safari/537.36"
10.24.99.54 - - [15/Oct/2014:18:41:24 -0700] "GET /~solusj/d3.js-book-examples-master/bootstrap/css/bootstrap.min.css HTTP/1.1" 304 - "http://jeremy.yosemite.edu/~solusj/d3.js-book-examples-master/ch1/histogram.html" "Mozilla/5.0 (Windows NT 6.1) AppleWebKit/537.36 (KHTML, like Gecko) Chrome/35.0.1916.114 Safari/537.36"
10.24.99.54 - - [15/Oct/2014:18:41:24 -0700] "GET /~solusj/d3.js-book-examples-master/ch1/histogram.js HTTP/1.1" 304 - "http://jeremy.yosemite.edu/~solusj/d3.js-book-examples-master/ch1/histogram.html" "Mozilla/5.0 (Windows NT 6.1) AppleWebKit/537.36 (KHTML, like Gecko) Chrome/35.0.1916.114 Safari/537.36"
10.24.99.54 - - [15/Oct/2014:18:41:24 -0700] "GET /~solusj/d3.js-book-examples-master/ch1/histogram-hours.json HTTP/1.1" 304 - "http://jeremy.yosemite.edu/~solusj/d3.js-book-examples-master/ch1/histogram.html" "Mozilla/5.0 (Windows NT 6.1) AppleWebKit/537.36 (KHTML, like Gecko) Chrome/35.0.1916.114 Safari/537.36"
10.24.99.54 - - [15/Oct/2014:18:42:10 -0700] "GET /~solusj/d3.js-book-examples-master/ch1/histogram.html HTTP/1.1" 200 856 "-" "Mozilla/5.0 (Windows NT 6.1) AppleWebKit/537.36 (KHTML, like Gecko) Chrome/35.0.1916.114 Safari/537.36"
10.24.99.54 - - [15/Oct/2014:18:42:10 -0700] "GET /~solusj/d3.js-book-examples-master/bootstrap/css/bootstrap.min.css HTTP/1.1" 304 - "http://jeremy.yosemite.edu/~solusj/d3.js-book-examples-master/ch1/histogram.html" "Mozilla/5.0 (Windows NT 6.1) AppleWebKit/537.36 (KHTML, like Gecko) Chrome/35.0.1916.114 Safari/537.36"
10.24.99.54 - - [15/Oct/2014:18:42:10 -0700] "GET /~solusj/d3.js-book-examples-master/ch1/histogram.js HTTP/1.1" 304 - "http://jeremy.yosemite.edu/~solusj/d3.js-book-examples-master/ch1/histogram.html" "Mozilla/5.0 (Windows NT 6.1) AppleWebKit/537.36 (KHTML, like Gecko) Chrome/35.0.1916.114 Safari/537.36"
10.24.99.54 - - [15/Oct/2014:18:42:10 -0700] "GET /~solusj/d3.js-book-examples-master/ch1/histogram-hours.json HTTP/1.1" 304 - "http://jeremy.yosemite.edu/~solusj/d3.js-book-examples-master/ch1/histogram.html" "Mozilla/5.0 (Windows NT 6.1) AppleWebKit/537.36 (KHTML, like Gecko) Chrome/35.0.1916.114 Safari/537.36"
10.24.99.54 - - [15/Oct/2014:18:42:12 -0700] "GET /~solusj/d3.js-book-examples-master/ch1/histogram.html HTTP/1.1" 304 - "-" "Mozilla/5.0 (Windows NT 6.1) AppleWebKit/537.36 (KHTML, like Gecko) Chrome/35.0.1916.114 Safari/537.36"
10.24.99.54 - - [15/Oct/2014:18:42:12 -0700] "GET /~solusj/d3.js-book-examples-master/bootstrap/css/bootstrap.min.css HTTP/1.1" 304 - "http://jeremy.yosemite.edu/~solusj/d3.js-book-examples-master/ch1/histogram.html" "Mozilla/5.0 (Windows NT 6.1) AppleWebKit/537.36 (KHTML, like Gecko) Chrome/35.0.1916.114 Safari/537.36"
10.24.99.54 - - [15/Oct/2014:18:42:12 -0700] "GET /~solusj/d3.js-book-examples-master/ch1/histogram.js HTTP/1.1" 304 - "http://jeremy.yosemite.edu/~solusj/d3.js-book-examples-master/ch1/histogram.html" "Mozilla/5.0 (Windows NT 6.1) AppleWebKit/537.36 (KHTML, like Gecko) Chrome/35.0.1916.114 Safari/537.36"
10.24.99.54 - - [15/Oct/2014:18:42:12 -0700] "GET /~solusj/d3.js-book-examples-master/ch1/histogram-hours.json HTTP/1.1" 304 - "http://jeremy.yosemite.edu/~solusj/d3.js-book-examples-master/ch1/histogram.html" "Mozilla/5.0 (Windows NT 6.1) AppleWebKit/537.36 (KHTML, like Gecko) Chrome/35.0.1916.114 Safari/537.36"
10.24.99.54 - - [15/Oct/2014:18:42:19 -0700] "GET /~solusj/d3.js-book-examples-master/ch1/histogram.html HTTP/1.1" 304 - "-" "Mozilla/5.0 (Windows NT 6.1) AppleWebKit/537.36 (KHTML, like Gecko) Chrome/35.0.1916.114 Safari/537.36"
10.24.99.54 - - [15/Oct/2014:18:42:19 -0700] "GET /~solusj/d3.js-book-examples-master/bootstrap/css/bootstrap.min.css HTTP/1.1" 304 - "http://jeremy.yosemite.edu/~solusj/d3.js-book-examples-master/ch1/histogram.html" "Mozilla/5.0 (Windows NT 6.1) AppleWebKit/537.36 (KHTML, like Gecko) Chrome/35.0.1916.114 Safari/537.36"
10.24.99.54 - - [15/Oct/2014:18:42:19 -0700] "GET /~solusj/d3.js-book-examples-master/ch1/histogram.js HTTP/1.1" 304 - "http://jeremy.yosemite.edu/~solusj/d3.js-book-examples-master/ch1/histogram.html" "Mozilla/5.0 (Windows NT 6.1) AppleWebKit/537.36 (KHTML, like Gecko) Chrome/35.0.1916.114 Safari/537.36"
10.24.99.54 - - [15/Oct/2014:18:42:19 -0700] "GET /~solusj/d3.js-book-examples-master/ch1/histogram-hours.json HTTP/1.1" 304 - "http://jeremy.yosemite.edu/~solusj/d3.js-book-examples-master/ch1/histogram.html" "Mozilla/5.0 (Windows NT 6.1) AppleWebKit/537.36 (KHTML, like Gecko) Chrome/35.0.1916.114 Safari/537.36"
10.24.99.54 - - [15/Oct/2014:18:42:58 -0700] "GET /~solusj/d3.js-book-examples-master/ch1/histogram.html HTTP/1.1" 200 854 "-" "Mozilla/5.0 (Windows NT 6.1) AppleWebKit/537.36 (KHTML, like Gecko) Chrome/35.0.1916.114 Safari/537.36"
10.24.99.54 - - [15/Oct/2014:18:42:58 -0700] "GET /~solusj/d3.js-book-examples-master/bootstrap/css/bootstrap.min.css HTTP/1.1" 304 - "http://jeremy.yosemite.edu/~solusj/d3.js-book-examples-master/ch1/histogram.html" "Mozilla/5.0 (Windows NT 6.1) AppleWebKit/537.36 (KHTML, like Gecko) Chrome/35.0.1916.114 Safari/537.36"
10.24.99.54 - - [15/Oct/2014:18:42:58 -0700] "GET /~solusj/d3.js-book-examples-master/ch1/histogram.js HTTP/1.1" 304 - "http://jeremy.yosemite.edu/~solusj/d3.js-book-examples-master/ch1/histogram.html" "Mozilla/5.0 (Windows NT 6.1) AppleWebKit/537.36 (KHTML, like Gecko) Chrome/35.0.1916.114 Safari/537.36"
10.24.99.54 - - [15/Oct/2014:18:42:58 -0700] "GET /~solusj/d3.js-book-examples-master/ch1/histogram-hours.json HTTP/1.1" 304 - "http://jeremy.yosemite.edu/~solusj/d3.js-book-examples-master/ch1/histogram.html" "Mozilla/5.0 (Windows NT 6.1) AppleWebKit/537.36 (KHTML, like Gecko) Chrome/35.0.1916.114 Safari/537.36"
10.24.99.54 - - [15/Oct/2014:18:43:00 -0700] "GET /~solusj/d3.js-book-examples-master/ch1/histogram.html HTTP/1.1" 304 - "-" "Mozilla/5.0 (Windows NT 6.1) AppleWebKit/537.36 (KHTML, like Gecko) Chrome/35.0.1916.114 Safari/537.36"
10.24.99.54 - - [15/Oct/2014:18:43:00 -0700] "GET /~solusj/d3.js-book-examples-master/bootstrap/css/bootstrap.min.css HTTP/1.1" 304 - "http://jeremy.yosemite.edu/~solusj/d3.js-book-examples-master/ch1/histogram.html" "Mozilla/5.0 (Windows NT 6.1) AppleWebKit/537.36 (KHTML, like Gecko) Chrome/35.0.1916.114 Safari/537.36"
10.24.99.54 - - [15/Oct/2014:18:43:00 -0700] "GET /~solusj/d3.js-book-examples-master/ch1/histogram.js HTTP/1.1" 304 - "http://jeremy.yosemite.edu/~solusj/d3.js-book-examples-master/ch1/histogram.html" "Mozilla/5.0 (Windows NT 6.1) AppleWebKit/537.36 (KHTML, like Gecko) Chrome/35.0.1916.114 Safari/537.36"
10.24.99.54 - - [15/Oct/2014:18:43:00 -0700] "GET /~solusj/d3.js-book-examples-master/ch1/histogram-hours.json HTTP/1.1" 304 - "http://jeremy.yosemite.edu/~solusj/d3.js-book-examples-master/ch1/histogram.html" "Mozilla/5.0 (Windows NT 6.1) AppleWebKit/537.36 (KHTML, like Gecko) Chrome/35.0.1916.114 Safari/537.36"
10.24.99.54 - - [15/Oct/2014:18:43:45 -0700] "GET /~solusj/d3.js-book-examples-master/ch1/histogram.html HTTP/1.1" 200 855 "-" "Mozilla/5.0 (Windows NT 6.1) AppleWebKit/537.36 (KHTML, like Gecko) Chrome/35.0.1916.114 Safari/537.36"
10.24.99.54 - - [15/Oct/2014:18:43:45 -0700] "GET /~solusj/d3.js-book-examples-master/bootstrap/css/bootstrap.min.css HTTP/1.1" 304 - "http://jeremy.yosemite.edu/~solusj/d3.js-book-examples-master/ch1/histogram.html" "Mozilla/5.0 (Windows NT 6.1) AppleWebKit/537.36 (KHTML, like Gecko) Chrome/35.0.1916.114 Safari/537.36"
10.24.99.54 - - [15/Oct/2014:18:43:45 -0700] "GET /~solusj/d3.js-book-examples-master/ch1/histogram.js HTTP/1.1" 304 - "http://jeremy.yosemite.edu/~solusj/d3.js-book-examples-master/ch1/histogram.html" "Mozilla/5.0 (Windows NT 6.1) AppleWebKit/537.36 (KHTML, like Gecko) Chrome/35.0.1916.114 Safari/537.36"
10.24.99.54 - - [15/Oct/2014:18:43:45 -0700] "GET /~solusj/d3.js-book-examples-master/ch1/histogram-hours.json HTTP/1.1" 304 - "http://jeremy.yosemite.edu/~solusj/d3.js-book-examples-master/ch1/histogram.html" "Mozilla/5.0 (Windows NT 6.1) AppleWebKit/537.36 (KHTML, like Gecko) Chrome/35.0.1916.114 Safari/537.36"
10.24.99.54 - - [15/Oct/2014:18:43:46 -0700] "GET /~solusj/d3.js-book-examples-master/ch1/histogram.html HTTP/1.1" 304 - "-" "Mozilla/5.0 (Windows NT 6.1) AppleWebKit/537.36 (KHTML, like Gecko) Chrome/35.0.1916.114 Safari/537.36"
10.24.99.54 - - [15/Oct/2014:18:43:46 -0700] "GET /~solusj/d3.js-book-examples-master/bootstrap/css/bootstrap.min.css HTTP/1.1" 304 - "http://jeremy.yosemite.edu/~solusj/d3.js-book-examples-master/ch1/histogram.html" "Mozilla/5.0 (Windows NT 6.1) AppleWebKit/537.36 (KHTML, like Gecko) Chrome/35.0.1916.114 Safari/537.36"
10.24.99.54 - - [15/Oct/2014:18:43:46 -0700] "GET /~solusj/d3.js-book-examples-master/ch1/histogram.js HTTP/1.1" 304 - "http://jeremy.yosemite.edu/~solusj/d3.js-book-examples-master/ch1/histogram.html" "Mozilla/5.0 (Windows NT 6.1) AppleWebKit/537.36 (KHTML, like Gecko) Chrome/35.0.1916.114 Safari/537.36"
10.24.99.54 - - [15/Oct/2014:18:43:46 -0700] "GET /~solusj/d3.js-book-examples-master/ch1/histogram-hours.json HTTP/1.1" 304 - "http://jeremy.yosemite.edu/~solusj/d3.js-book-examples-master/ch1/histogram.html" "Mozilla/5.0 (Windows NT 6.1) AppleWebKit/537.36 (KHTML, like Gecko) Chrome/35.0.1916.114 Safari/537.36"
10.24.99.54 - - [15/Oct/2014:18:44:14 -0700] "GET /~solusj/d3.js-book-examples-master/ch1/histogram.html HTTP/1.1" 200 855 "-" "Mozilla/5.0 (Windows NT 6.1) AppleWebKit/537.36 (KHTML, like Gecko) Chrome/35.0.1916.114 Safari/537.36"
10.24.99.54 - - [15/Oct/2014:18:44:14 -0700] "GET /~solusj/d3.js-book-examples-master/bootstrap/css/bootstrap.min.css HTTP/1.1" 304 - "http://jeremy.yosemite.edu/~solusj/d3.js-book-examples-master/ch1/histogram.html" "Mozilla/5.0 (Windows NT 6.1) AppleWebKit/537.36 (KHTML, like Gecko) Chrome/35.0.1916.114 Safari/537.36"
10.24.99.54 - - [15/Oct/2014:18:44:14 -0700] "GET /~solusj/d3.js-book-examples-master/ch1/histogram.js HTTP/1.1" 304 - "http://jeremy.yosemite.edu/~solusj/d3.js-book-examples-master/ch1/histogram.html" "Mozilla/5.0 (Windows NT 6.1) AppleWebKit/537.36 (KHTML, like Gecko) Chrome/35.0.1916.114 Safari/537.36"
10.24.99.54 - - [15/Oct/2014:18:44:14 -0700] "GET /~solusj/d3.js-book-examples-master/ch1/histogram-hours.json HTTP/1.1" 304 - "http://jeremy.yosemite.edu/~solusj/d3.js-book-examples-master/ch1/histogram.html" "Mozilla/5.0 (Windows NT 6.1) AppleWebKit/537.36 (KHTML, like Gecko) Chrome/35.0.1916.114 Safari/537.36"
10.24.99.54 - - [15/Oct/2014:18:45:42 -0700] "GET /~solusj/d3.js-book-examples-master/ch1/histogram.html HTTP/1.1" 200 855 "-" "Mozilla/5.0 (Windows NT 6.1) AppleWebKit/537.36 (KHTML, like Gecko) Chrome/35.0.1916.114 Safari/537.36"
10.24.99.54 - - [15/Oct/2014:18:45:42 -0700] "GET /~solusj/d3.js-book-examples-master/bootstrap/css/bootstrap.min.css HTTP/1.1" 304 - "http://jeremy.yosemite.edu/~solusj/d3.js-book-examples-master/ch1/histogram.html" "Mozilla/5.0 (Windows NT 6.1) AppleWebKit/537.36 (KHTML, like Gecko) Chrome/35.0.1916.114 Safari/537.36"
10.24.99.54 - - [15/Oct/2014:18:45:42 -0700] "GET /~solusj/d3.js-book-examples-master/ch1/histogram.js HTTP/1.1" 304 - "http://jeremy.yosemite.edu/~solusj/d3.js-book-examples-master/ch1/histogram.html" "Mozilla/5.0 (Windows NT 6.1) AppleWebKit/537.36 (KHTML, like Gecko) Chrome/35.0.1916.114 Safari/537.36"
10.24.99.54 - - [15/Oct/2014:18:45:42 -0700] "GET /~solusj/d3.js-book-examples-master/ch1/histogram-hours.json HTTP/1.1" 304 - "http://jeremy.yosemite.edu/~solusj/d3.js-book-examples-master/ch1/histogram.html" "Mozilla/5.0 (Windows NT 6.1) AppleWebKit/537.36 (KHTML, like Gecko) Chrome/35.0.1916.114 Safari/537.36"
10.24.99.54 - - [15/Oct/2014:18:45:43 -0700] "GET /~solusj/d3.js-book-examples-master/ch1/histogram.html HTTP/1.1" 304 - "-" "Mozilla/5.0 (Windows NT 6.1) AppleWebKit/537.36 (KHTML, like Gecko) Chrome/35.0.1916.114 Safari/537.36"
10.24.99.54 - - [15/Oct/2014:18:45:43 -0700] "GET /~solusj/d3.js-book-examples-master/bootstrap/css/bootstrap.min.css HTTP/1.1" 304 - "http://jeremy.yosemite.edu/~solusj/d3.js-book-examples-master/ch1/histogram.html" "Mozilla/5.0 (Windows NT 6.1) AppleWebKit/537.36 (KHTML, like Gecko) Chrome/35.0.1916.114 Safari/537.36"
10.24.99.54 - - [15/Oct/2014:18:45:43 -0700] "GET /~solusj/d3.js-book-examples-master/ch1/histogram.js HTTP/1.1" 304 - "http://jeremy.yosemite.edu/~solusj/d3.js-book-examples-master/ch1/histogram.html" "Mozilla/5.0 (Windows NT 6.1) AppleWebKit/537.36 (KHTML, like Gecko) Chrome/35.0.1916.114 Safari/537.36"
10.24.99.54 - - [15/Oct/2014:18:45:43 -0700] "GET /~solusj/d3.js-book-examples-master/ch1/histogram-hours.json HTTP/1.1" 304 - "http://jeremy.yosemite.edu/~solusj/d3.js-book-examples-master/ch1/histogram.html" "Mozilla/5.0 (Windows NT 6.1) AppleWebKit/537.36 (KHTML, like Gecko) Chrome/35.0.1916.114 Safari/537.36"
10.24.99.54 - - [15/Oct/2014:18:45:43 -0700] "GET /~solusj/d3.js-book-examples-master/ch1/histogram.html HTTP/1.1" 304 - "-" "Mozilla/5.0 (Windows NT 6.1) AppleWebKit/537.36 (KHTML, like Gecko) Chrome/35.0.1916.114 Safari/537.36"
10.24.99.54 - - [15/Oct/2014:18:45:43 -0700] "GET /~solusj/d3.js-book-examples-master/bootstrap/css/bootstrap.min.css HTTP/1.1" 304 - "http://jeremy.yosemite.edu/~solusj/d3.js-book-examples-master/ch1/histogram.html" "Mozilla/5.0 (Windows NT 6.1) AppleWebKit/537.36 (KHTML, like Gecko) Chrome/35.0.1916.114 Safari/537.36"
10.24.99.54 - - [15/Oct/2014:18:45:43 -0700] "GET /~solusj/d3.js-book-examples-master/ch1/histogram.js HTTP/1.1" 304 - "http://jeremy.yosemite.edu/~solusj/d3.js-book-examples-master/ch1/histogram.html" "Mozilla/5.0 (Windows NT 6.1) AppleWebKit/537.36 (KHTML, like Gecko) Chrome/35.0.1916.114 Safari/537.36"
10.24.99.54 - - [15/Oct/2014:18:45:44 -0700] "GET /~solusj/d3.js-book-examples-master/ch1/histogram-hours.json HTTP/1.1" 304 - "http://jeremy.yosemite.edu/~solusj/d3.js-book-examples-master/ch1/histogram.html" "Mozilla/5.0 (Windows NT 6.1) AppleWebKit/537.36 (KHTML, like Gecko) Chrome/35.0.1916.114 Safari/537.36"
10.24.99.54 - - [15/Oct/2014:18:45:56 -0700] "GET /~solusj/d3.js-book-examples-master/ch1/histogram.html HTTP/1.1" 200 855 "-" "Mozilla/5.0 (Windows NT 6.1) AppleWebKit/537.36 (KHTML, like Gecko) Chrome/35.0.1916.114 Safari/537.36"
10.24.99.54 - - [15/Oct/2014:18:45:56 -0700] "GET /~solusj/d3.js-book-examples-master/bootstrap/css/bootstrap.min.css HTTP/1.1" 304 - "http://jeremy.yosemite.edu/~solusj/d3.js-book-examples-master/ch1/histogram.html" "Mozilla/5.0 (Windows NT 6.1) AppleWebKit/537.36 (KHTML, like Gecko) Chrome/35.0.1916.114 Safari/537.36"
10.24.99.54 - - [15/Oct/2014:18:45:56 -0700] "GET /~solusj/d3.js-book-examples-master/ch1/histogram.js HTTP/1.1" 304 - "http://jeremy.yosemite.edu/~solusj/d3.js-book-examples-master/ch1/histogram.html" "Mozilla/5.0 (Windows NT 6.1) AppleWebKit/537.36 (KHTML, like Gecko) Chrome/35.0.1916.114 Safari/537.36"
10.24.99.54 - - [15/Oct/2014:18:45:56 -0700] "GET /~solusj/d3.js-book-examples-master/ch1/histogram-hours.json HTTP/1.1" 304 - "http://jeremy.yosemite.edu/~solusj/d3.js-book-examples-master/ch1/histogram.html" "Mozilla/5.0 (Windows NT 6.1) AppleWebKit/537.36 (KHTML, like Gecko) Chrome/35.0.1916.114 Safari/537.36"
10.24.99.54 - - [15/Oct/2014:18:48:40 -0700] "GET /~solusj/d3.js-book-examples-master/ch1/histogram.html HTTP/1.1" 200 958 "-" "Mozilla/5.0 (Windows NT 6.1) AppleWebKit/537.36 (KHTML, like Gecko) Chrome/35.0.1916.114 Safari/537.36"
10.24.99.54 - - [15/Oct/2014:18:48:40 -0700] "GET /~solusj/d3.js-book-examples-master/bootstrap/css/bootstrap.min.css HTTP/1.1" 304 - "http://jeremy.yosemite.edu/~solusj/d3.js-book-examples-master/ch1/histogram.html" "Mozilla/5.0 (Windows NT 6.1) AppleWebKit/537.36 (KHTML, like Gecko) Chrome/35.0.1916.114 Safari/537.36"
10.24.99.54 - - [15/Oct/2014:18:48:40 -0700] "GET /~solusj/d3.js-book-examples-master/ch1/histogram.js HTTP/1.1" 304 - "http://jeremy.yosemite.edu/~solusj/d3.js-book-examples-master/ch1/histogram.html" "Mozilla/5.0 (Windows NT 6.1) AppleWebKit/537.36 (KHTML, like Gecko) Chrome/35.0.1916.114 Safari/537.36"
10.24.99.54 - - [15/Oct/2014:18:48:40 -0700] "GET /~solusj/d3.js-book-examples-master/ch1/histogram-hours.json HTTP/1.1" 304 - "http://jeremy.yosemite.edu/~solusj/d3.js-book-examples-master/ch1/histogram.html" "Mozilla/5.0 (Windows NT 6.1) AppleWebKit/537.36 (KHTML, like Gecko) Chrome/35.0.1916.114 Safari/537.36"
10.24.99.54 - - [15/Oct/2014:18:48:40 -0700] "GET /~solusj/d3.js-book-examples-master/ch1/img_tree.png HTTP/1.1" 404 1255 "http://jeremy.yosemite.edu/~solusj/d3.js-book-examples-master/ch1/histogram.html" "Mozilla/5.0 (Windows NT 6.1) AppleWebKit/537.36 (KHTML, like Gecko) Chrome/35.0.1916.114 Safari/537.36"
