10.25.99.72 - - [15/Oct/2014:17:24:53 -0700] "GET /~delgado-braunn/fortune.html HTTP/1.1" 200 287 "-" "Mozilla/5.0 (Windows NT 6.1) AppleWebKit/537.36 (KHTML, like Gecko) Chrome/38.0.2125.104 Safari/537.36"
10.25.99.174 - - [15/Oct/2014:17:25:03 -0700] "GET /~sassenbergm/fortune.html HTTP/1.1" 200 195 "http://jeremy.yosemite.edu/~sassenbergm/" "Mozilla/5.0 (Windows NT 6.1) AppleWebKit/537.36 (KHTML, like Gecko) Chrome/38.0.2125.101 Safari/537.36"
10.25.99.174 - - [15/Oct/2014:17:25:04 -0700] "GET /~sassenbergm/fortune.html HTTP/1.1" 304 - "http://jeremy.yosemite.edu/~sassenbergm/" "Mozilla/5.0 (Windows NT 6.1) AppleWebKit/537.36 (KHTML, like Gecko) Chrome/38.0.2125.101 Safari/537.36"
10.25.99.207 - - [15/Oct/2014:17:25:05 -0700] "GET /~torresm/fortune.html HTTP/1.1" 200 402 "http://jeremy.yosemite.edu/~torresm/" "Mozilla/5.0 (Windows NT 6.1) AppleWebKit/537.36 (KHTML, like Gecko) Chrome/37.0.2062.124 Safari/537.36"
10.25.99.174 - - [15/Oct/2014:17:25:06 -0700] "GET /~sassenbergm/fortune.html HTTP/1.1" 304 - "http://jeremy.yosemite.edu/~sassenbergm/" "Mozilla/5.0 (Windows NT 6.1) AppleWebKit/537.36 (KHTML, like Gecko) Chrome/38.0.2125.101 Safari/537.36"
10.25.99.19 - - [15/Oct/2014:17:25:12 -0700] "GET /~hays/fortune.html HTTP/1.1" 200 355 "-" "Mozilla/5.0 (Windows NT 6.1) AppleWebKit/537.36 (KHTML, like Gecko) Chrome/38.0.2125.104 Safari/537.36"
10.25.99.174 - - [15/Oct/2014:17:25:17 -0700] "GET /~sassenbergm/fortune.html HTTP/1.1" 304 - "http://jeremy.yosemite.edu/~sassenbergm/" "Mozilla/5.0 (Windows NT 6.1) AppleWebKit/537.36 (KHTML, like Gecko) Chrome/38.0.2125.101 Safari/537.36"
54.197.226.18 - - [15/Oct/2014:17:25:20 -0700] "HEAD /favicon.ico HTTP/1.1" 200 - "-" "-"
108.93.94.55 - - [15/Oct/2014:17:25:21 -0700] "GET /favicon.ico HTTP/1.1" 200 302 "-" "Mozilla/5.0 (Windows NT 6.3; WOW64) AppleWebKit/537.36 (KHTML, like Gecko) Chrome/38.0.2125.101 Safari/537.36"
10.25.99.207 - - [15/Oct/2014:17:25:22 -0700] "GET /~torresm/fortune.html HTTP/1.1" 304 - "http://jeremy.yosemite.edu/~torresm/" "Mozilla/5.0 (Windows NT 6.1) AppleWebKit/537.36 (KHTML, like Gecko) Chrome/37.0.2062.124 Safari/537.36"
10.25.99.72 - - [15/Oct/2014:17:25:29 -0700] "GET /~delgado-braunn/fortune.html HTTP/1.1" 200 194 "-" "Mozilla/5.0 (Windows NT 6.1) AppleWebKit/537.36 (KHTML, like Gecko) Chrome/38.0.2125.104 Safari/537.36"
108.93.94.55 - - [15/Oct/2014:17:25:40 -0700] "GET /~golpashinc/d3.js-book-examples-master/ch2/drwho.html HTTP/1.1" 200 209 "-" "Mozilla/5.0 (Windows NT 6.3; WOW64) AppleWebKit/537.36 (KHTML, like Gecko) Chrome/38.0.2125.101 Safari/537.36"
108.93.94.55 - - [15/Oct/2014:17:25:40 -0700] "GET /~golpashinc/d3.js-book-examples-master/ch2/drwho.js HTTP/1.1" 404 1255 "http://jeremy.yosemite.edu/~golpashinc/d3.js-book-examples-master/ch2/drwho.html" "Mozilla/5.0 (Windows NT 6.3; WOW64) AppleWebKit/537.36 (KHTML, like Gecko) Chrome/38.0.2125.101 Safari/537.36"
108.93.94.55 - - [15/Oct/2014:17:25:40 -0700] "GET /~golpashinc/d3.js-book-examples-master/bootstrap/css/bootstrap.min.css HTTP/1.1" 200 103314 "http://jeremy.yosemite.edu/~golpashinc/d3.js-book-examples-master/ch2/drwho.html" "Mozilla/5.0 (Windows NT 6.3; WOW64) AppleWebKit/537.36 (KHTML, like Gecko) Chrome/38.0.2125.101 Safari/537.36"
108.93.94.55 - - [15/Oct/2014:17:25:43 -0700] "GET /~golpashinc/d3.js-book-examples-master/ch2/drwho.html HTTP/1.1" 304 - "-" "Mozilla/5.0 (Windows NT 6.3; WOW64) AppleWebKit/537.36 (KHTML, like Gecko) Chrome/38.0.2125.101 Safari/537.36"
108.93.94.55 - - [15/Oct/2014:17:25:43 -0700] "GET /~golpashinc/d3.js-book-examples-master/bootstrap/css/bootstrap.min.css HTTP/1.1" 304 - "http://jeremy.yosemite.edu/~golpashinc/d3.js-book-examples-master/ch2/drwho.html" "Mozilla/5.0 (Windows NT 6.3; WOW64) AppleWebKit/537.36 (KHTML, like Gecko) Chrome/38.0.2125.101 Safari/537.36"
108.93.94.55 - - [15/Oct/2014:17:25:43 -0700] "GET /~golpashinc/d3.js-book-examples-master/ch2/drwho.js HTTP/1.1" 404 1255 "http://jeremy.yosemite.edu/~golpashinc/d3.js-book-examples-master/ch2/drwho.html" "Mozilla/5.0 (Windows NT 6.3; WOW64) AppleWebKit/537.36 (KHTML, like Gecko) Chrome/38.0.2125.101 Safari/537.36"
10.66.111.153 - - [15/Oct/2014:17:25:44 -0700] "GET /~honord/fortune.html HTTP/1.1" 200 384 "-" "Mozilla/5.0 (X11; Ubuntu; Linux x86_64; rv:32.0) Gecko/20100101 Firefox/32.0"
::1 - - [15/Oct/2014:17:26:01 -0700] "OPTIONS * HTTP/1.0" 200 - "-" "Apache/2.4.6 (Linux/SUSE) PHP/5.4.20 OpenSSL/1.0.1i (internal dummy connection)"
10.25.99.197 - - [15/Oct/2014:17:26:01 -0700] "GET /~sforzas/fortune.html HTTP/1.1" 403 1000 "-" "Mozilla/5.0 (Windows NT 6.1) AppleWebKit/537.36 (KHTML, like Gecko) Chrome/38.0.2125.104 Safari/537.36"
10.25.99.202 - - [15/Oct/2014:17:26:11 -0700] "GET /denningt/fortune.html HTTP/1.1" 404 1010 "-" "Mozilla/4.0 (compatible; MSIE 8.0; Windows NT 6.1; Trident/4.0; SLCC2; .NET CLR 2.0.50727; .NET CLR 3.5.30729; .NET CLR 3.0.30729; Media Center PC 6.0; InfoPath.3; .NET4.0C; .NET4.0E)"
10.25.99.72 - - [15/Oct/2014:17:26:12 -0700] "GET /~delgado-braunn/fortune.html HTTP/1.1" 200 277 "-" "Mozilla/5.0 (Windows NT 6.1) AppleWebKit/537.36 (KHTML, like Gecko) Chrome/38.0.2125.104 Safari/537.36"
108.93.94.55 - - [15/Oct/2014:17:26:19 -0700] "GET /~golpashinc/d3.js-book-examples-master/ch1/histogram.html HTTP/1.1" 200 486 "-" "Mozilla/5.0 (Windows NT 6.3; WOW64) AppleWebKit/537.36 (KHTML, like Gecko) Chrome/38.0.2125.101 Safari/537.36"
108.93.94.55 - - [15/Oct/2014:17:26:20 -0700] "GET /~golpashinc/d3.js-book-examples-master/ch1/histogram.js HTTP/1.1" 200 1458 "http://jeremy.yosemite.edu/~golpashinc/d3.js-book-examples-master/ch1/histogram.html" "Mozilla/5.0 (Windows NT 6.3; WOW64) AppleWebKit/537.36 (KHTML, like Gecko) Chrome/38.0.2125.101 Safari/537.36"
108.93.94.55 - - [15/Oct/2014:17:26:20 -0700] "GET /~golpashinc/d3.js-book-examples-master/ch1/histogram-hours.json HTTP/1.1" 200 405 "http://jeremy.yosemite.edu/~golpashinc/d3.js-book-examples-master/ch1/histogram.html" "Mozilla/5.0 (Windows NT 6.3; WOW64) AppleWebKit/537.36 (KHTML, like Gecko) Chrome/38.0.2125.101 Safari/537.36"
10.25.99.202 - - [15/Oct/2014:17:26:23 -0700] "GET /denningt/fortune HTTP/1.1" 404 1010 "-" "Mozilla/4.0 (compatible; MSIE 8.0; Windows NT 6.1; Trident/4.0; SLCC2; .NET CLR 2.0.50727; .NET CLR 3.5.30729; .NET CLR 3.0.30729; Media Center PC 6.0; InfoPath.3; .NET4.0C; .NET4.0E)"
10.25.99.197 - - [15/Oct/2014:17:26:24 -0700] "GET /~clinem/fortune.html HTTP/1.1" 200 128 "-" "Mozilla/5.0 (Windows NT 6.1) AppleWebKit/537.36 (KHTML, like Gecko) Chrome/38.0.2125.104 Safari/537.36"
10.25.99.197 - - [15/Oct/2014:17:26:32 -0700] "GET /~sforzas/fortune.html HTTP/1.1" 403 1000 "-" "Mozilla/5.0 (Windows NT 6.1) AppleWebKit/537.36 (KHTML, like Gecko) Chrome/38.0.2125.104 Safari/537.36"
10.66.5.199 - - [15/Oct/2014:17:26:35 -0700] "GET /~armijoj/fortune.html HTTP/1.1" 200 175 "http://jeremy.yosemite.edu/~armijoj/" "Mozilla/5.0 (Windows NT 6.2; WOW64) AppleWebKit/537.36 (KHTML, like Gecko) Chrome/37.0.2062.124 Safari/537.36"
10.25.99.207 - - [15/Oct/2014:17:26:45 -0700] "GET /~torresm/fortune.html HTTP/1.1" 200 403 "http://jeremy.yosemite.edu/~torresm/" "Mozilla/5.0 (Windows NT 6.1) AppleWebKit/537.36 (KHTML, like Gecko) Chrome/37.0.2062.124 Safari/537.36"
10.25.99.207 - - [15/Oct/2014:17:26:48 -0700] "GET /~torresm/fortune.html HTTP/1.1" 304 - "http://jeremy.yosemite.edu/~torresm/" "Mozilla/5.0 (Windows NT 6.1) AppleWebKit/537.36 (KHTML, like Gecko) Chrome/37.0.2062.124 Safari/537.36"
10.66.5.199 - - [15/Oct/2014:17:27:16 -0700] "GET /~armijoj/fortune.html HTTP/1.1" 304 - "http://jeremy.yosemite.edu/~armijoj/" "Mozilla/5.0 (Windows NT 6.2; WOW64) AppleWebKit/537.36 (KHTML, like Gecko) Chrome/37.0.2062.124 Safari/537.36"
10.25.99.197 - - [15/Oct/2014:17:27:17 -0700] "GET /~willisc/fortune.html HTTP/1.1" 200 101 "-" "Mozilla/5.0 (Windows NT 6.1) AppleWebKit/537.36 (KHTML, like Gecko) Chrome/38.0.2125.104 Safari/537.36"
10.66.5.199 - - [15/Oct/2014:17:27:18 -0700] "GET /~armijoj/fortune.html HTTP/1.1" 304 - "http://jeremy.yosemite.edu/~armijoj/" "Mozilla/5.0 (Windows NT 6.2; WOW64) AppleWebKit/537.36 (KHTML, like Gecko) Chrome/37.0.2062.124 Safari/537.36"
10.66.5.199 - - [15/Oct/2014:17:27:18 -0700] "GET /~armijoj/fortune.html HTTP/1.1" 304 - "http://jeremy.yosemite.edu/~armijoj/" "Mozilla/5.0 (Windows NT 6.2; WOW64) AppleWebKit/537.36 (KHTML, like Gecko) Chrome/37.0.2062.124 Safari/537.36"
10.66.5.199 - - [15/Oct/2014:17:27:18 -0700] "GET /~armijoj/fortune.html HTTP/1.1" 304 - "http://jeremy.yosemite.edu/~armijoj/" "Mozilla/5.0 (Windows NT 6.2; WOW64) AppleWebKit/537.36 (KHTML, like Gecko) Chrome/37.0.2062.124 Safari/537.36"
10.66.5.199 - - [15/Oct/2014:17:27:19 -0700] "GET /~armijoj/fortune.html HTTP/1.1" 304 - "http://jeremy.yosemite.edu/~armijoj/" "Mozilla/5.0 (Windows NT 6.2; WOW64) AppleWebKit/537.36 (KHTML, like Gecko) Chrome/37.0.2062.124 Safari/537.36"
10.25.99.197 - - [15/Oct/2014:17:27:23 -0700] "GET /~sforzas/fortune.html HTTP/1.1" 403 1000 "-" "Mozilla/5.0 (Windows NT 6.1) AppleWebKit/537.36 (KHTML, like Gecko) Chrome/38.0.2125.104 Safari/537.36"
10.25.99.202 - - [15/Oct/2014:17:27:25 -0700] "GET /denningt/fortune.html HTTP/1.1" 404 1010 "-" "Mozilla/4.0 (compatible; MSIE 8.0; Windows NT 6.1; Trident/4.0; SLCC2; .NET CLR 2.0.50727; .NET CLR 3.5.30729; .NET CLR 3.0.30729; Media Center PC 6.0; InfoPath.3; .NET4.0C; .NET4.0E)"
10.25.99.148 - - [15/Oct/2014:17:27:48 -0700] "GET /~dkp/tasklist/index.html HTTP/1.1" 200 900
10.25.99.148 - - [15/Oct/2014:17:27:48 -0700] "GET /~dkp/tasklist/tutorial.js HTTP/1.1" 200 3216
10.25.99.148 - - [15/Oct/2014:17:27:48 -0700] "GET /~dkp/tasklist/style.css HTTP/1.1" 200 1536
10.25.99.148 - - [15/Oct/2014:17:27:49 -0700] "GET /favicon.ico HTTP/1.1" 200 302
10.25.99.148 - - [15/Oct/2014:17:27:53 -0700] "GET /~dkp/tasklist/index.html HTTP/1.1" 200 900
10.25.99.148 - - [15/Oct/2014:17:27:53 -0700] "GET /favicon.ico HTTP/1.1" 200 302
10.66.104.188 - - [15/Oct/2014:17:27:53 -0700] "GET /~hatchs/fortune.html HTTP/1.1" 200 306 "-" "Mozilla/5.0 (Linux; Android 4.3; SAMSUNG-SGH-I337 Build/JSS15J) AppleWebKit/537.36 (KHTML, like Gecko) Chrome/38.0.2125.102 Mobile Safari/537.36"
10.25.99.148 - - [15/Oct/2014:17:28:00 -0700] "GET /~dkp/tasklist/tutorial.js HTTP/1.1" 200 3216
10.25.99.148 - - [15/Oct/2014:17:28:00 -0700] "GET /favicon.ico HTTP/1.1" 200 302
10.25.99.148 - - [15/Oct/2014:17:28:00 -0700] "GET /~dkp/tasklist/style.css HTTP/1.1" 200 1536
10.25.99.148 - - [15/Oct/2014:17:28:00 -0700] "GET /favicon.ico HTTP/1.1" 200 302
10.66.5.199 - - [15/Oct/2014:17:28:16 -0700] "GET /~armijoj/fortune.html HTTP/1.1" 200 322 "http://jeremy.yosemite.edu/~armijoj/" "Mozilla/5.0 (Windows NT 6.2; WOW64) AppleWebKit/537.36 (KHTML, like Gecko) Chrome/37.0.2062.124 Safari/537.36"
10.25.99.197 - - [15/Oct/2014:17:28:22 -0700] "GET /~sforzas/fortune.html HTTP/1.1" 403 1000 "-" "Mozilla/5.0 (Windows NT 6.1) AppleWebKit/537.36 (KHTML, like Gecko) Chrome/38.0.2125.104 Safari/537.36"
10.66.5.199 - - [15/Oct/2014:17:28:28 -0700] "GET /~armijoj/fortune.html HTTP/1.1" 304 - "http://jeremy.yosemite.edu/~armijoj/" "Mozilla/5.0 (Windows NT 6.2; WOW64) AppleWebKit/537.36 (KHTML, like Gecko) Chrome/37.0.2062.124 Safari/537.36"
10.25.99.202 - - [15/Oct/2014:17:28:28 -0700] "GET /~denningt/fortune.html HTTP/1.1" 200 161 "-" "Mozilla/4.0 (compatible; MSIE 8.0; Windows NT 6.1; Trident/4.0; SLCC2; .NET CLR 2.0.50727; .NET CLR 3.5.30729; .NET CLR 3.0.30729; Media Center PC 6.0; InfoPath.3; .NET4.0C; .NET4.0E)"
10.25.99.202 - - [15/Oct/2014:17:28:28 -0700] "GET /favicon.ico HTTP/1.1" 200 302 "-" "Mozilla/4.0 (compatible; MSIE 8.0; Windows NT 6.1; Trident/4.0; SLCC2; .NET CLR 2.0.50727; .NET CLR 3.5.30729; .NET CLR 3.0.30729; Media Center PC 6.0; InfoPath.3; .NET4.0C; .NET4.0E)"
10.25.99.148 - - [15/Oct/2014:17:28:34 -0700] "GET /~jandad/fortune.html HTTP/1.1" 304 - "-" "Mozilla/5.0 (Windows NT 6.1) AppleWebKit/537.36 (KHTML, like Gecko) Chrome/38.0.2125.104 Safari/537.36"
10.25.99.197 - - [15/Oct/2014:17:28:41 -0700] "GET /~sforzas/fortune.html HTTP/1.1" 403 1000 "-" "Mozilla/5.0 (Windows NT 6.1) AppleWebKit/537.36 (KHTML, like Gecko) Chrome/38.0.2125.104 Safari/537.36"
10.25.99.19 - - [15/Oct/2014:17:28:56 -0700] "GET /~hays/fortune.html HTTP/1.1" 304 - "-" "Mozilla/5.0 (Windows NT 6.1) AppleWebKit/537.36 (KHTML, like Gecko) Chrome/38.0.2125.104 Safari/537.36"
10.66.3.32 - - [15/Oct/2014:17:28:56 -0700] "GET /~weatheringtonb/fortune.html HTTP/1.1" 200 119 "-" "Mozilla/5.0 (Windows NT 6.1; WOW64; Trident/7.0; rv:11.0) like Gecko"
10.66.3.32 - - [15/Oct/2014:17:28:56 -0700] "GET /favicon.ico HTTP/1.1" 200 302 "-" "Mozilla/5.0 (Windows NT 6.1; Win64; x64; Trident/7.0; rv:11.0) like Gecko"
10.25.99.19 - - [15/Oct/2014:17:28:57 -0700] "GET /~hays/fortune.html HTTP/1.1" 304 - "-" "Mozilla/5.0 (Windows NT 6.1) AppleWebKit/537.36 (KHTML, like Gecko) Chrome/38.0.2125.104 Safari/537.36"
10.25.99.19 - - [15/Oct/2014:17:28:57 -0700] "GET /~hays/fortune.html HTTP/1.1" 304 - "-" "Mozilla/5.0 (Windows NT 6.1) AppleWebKit/537.36 (KHTML, like Gecko) Chrome/38.0.2125.104 Safari/537.36"
10.25.99.19 - - [15/Oct/2014:17:28:57 -0700] "GET /~hays/fortune.html HTTP/1.1" 304 - "-" "Mozilla/5.0 (Windows NT 6.1) AppleWebKit/537.36 (KHTML, like Gecko) Chrome/38.0.2125.104 Safari/537.36"
10.66.5.199 - - [15/Oct/2014:17:29:22 -0700] "GET /~armijoj/fortune.html HTTP/1.1" 200 150 "http://jeremy.yosemite.edu/~armijoj/" "Mozilla/5.0 (Windows NT 6.2; WOW64) AppleWebKit/537.36 (KHTML, like Gecko) Chrome/37.0.2062.124 Safari/537.36"
10.25.99.197 - - [15/Oct/2014:17:29:25 -0700] "GET /~sforzas/fortune.html HTTP/1.1" 200 186 "-" "Mozilla/5.0 (Windows NT 6.1) AppleWebKit/537.36 (KHTML, like Gecko) Chrome/38.0.2125.104 Safari/537.36"
10.25.99.207 - - [15/Oct/2014:17:29:28 -0700] "GET /~torresm/fortune.html HTTP/1.1" 200 500 "http://jeremy.yosemite.edu/~torresm/" "Mozilla/5.0 (Windows NT 6.1) AppleWebKit/537.36 (KHTML, like Gecko) Chrome/37.0.2062.124 Safari/537.36"
10.25.99.179 - - [15/Oct/2014:17:29:40 -0700] "GET /~shawj/fortune.html HTTP/1.1" 200 183 "-" "Mozilla/5.0 (Windows NT 6.1) AppleWebKit/537.36 (KHTML, like Gecko) Chrome/38.0.2125.104 Safari/537.36"
10.25.99.179 - - [15/Oct/2014:17:29:40 -0700] "GET /favicon.ico HTTP/1.1" 200 302 "-" "Mozilla/5.0 (Windows NT 6.1) AppleWebKit/537.36 (KHTML, like Gecko) Chrome/38.0.2125.104 Safari/537.36"
10.66.11.92 - - [15/Oct/2014:17:29:52 -0700] "GET /~bollesm/ HTTP/1.1" 200 217 "-" "Mozilla/5.0 (Windows NT 6.3; WOW64) AppleWebKit/537.36 (KHTML, like Gecko) Chrome/37.0.2062.124 Safari/537.36"
10.25.99.202 - - [15/Oct/2014:17:30:04 -0700] "GET /~denningt/fortune.html HTTP/1.1" 304 - "-" "Mozilla/4.0 (compatible; MSIE 8.0; Windows NT 6.1; Trident/4.0; SLCC2; .NET CLR 2.0.50727; .NET CLR 3.5.30729; .NET CLR 3.0.30729; Media Center PC 6.0; InfoPath.3; .NET4.0C; .NET4.0E)"
10.25.99.144 - - [15/Oct/2014:17:30:13 -0700] "GET /hatchs/fortune.html HTTP/1.1" 404 1010 "-" "Mozilla/5.0 (Windows NT 6.1) AppleWebKit/537.36 (KHTML, like Gecko) Chrome/38.0.2125.104 Safari/537.36"
10.25.99.144 - - [15/Oct/2014:17:30:13 -0700] "GET /favicon.ico HTTP/1.1" 200 302 "-" "Mozilla/5.0 (Windows NT 6.1) AppleWebKit/537.36 (KHTML, like Gecko) Chrome/38.0.2125.104 Safari/537.36"
10.25.99.202 - - [15/Oct/2014:17:30:15 -0700] "GET /~denningt/timesheet.html HTTP/1.1" 200 212 "-" "Mozilla/4.0 (compatible; MSIE 8.0; Windows NT 6.1; Trident/4.0; SLCC2; .NET CLR 2.0.50727; .NET CLR 3.5.30729; .NET CLR 3.0.30729; Media Center PC 6.0; InfoPath.3; .NET4.0C; .NET4.0E)"
10.25.99.179 - - [15/Oct/2014:17:30:21 -0700] "GET /~shawj/fortune.html HTTP/1.1" 200 200 "-" "Mozilla/5.0 (Windows NT 6.1) AppleWebKit/537.36 (KHTML, like Gecko) Chrome/38.0.2125.104 Safari/537.36"
10.25.99.144 - - [15/Oct/2014:17:30:28 -0700] "GET /~hatchs/fortune.html HTTP/1.1" 200 306 "-" "Mozilla/5.0 (Windows NT 6.1) AppleWebKit/537.36 (KHTML, like Gecko) Chrome/38.0.2125.104 Safari/537.36"
10.66.11.92 - - [15/Oct/2014:17:30:35 -0700] "GET /~bollesm/ HTTP/1.1" 200 220 "-" "Mozilla/5.0 (Windows NT 6.3; WOW64) AppleWebKit/537.36 (KHTML, like Gecko) Chrome/37.0.2062.124 Safari/537.36"
10.25.99.72 - - [15/Oct/2014:17:30:44 -0700] "GET /~delgado-braunn/fortune.html HTTP/1.1" 200 1238 "-" "Mozilla/5.0 (Windows NT 6.1) AppleWebKit/537.36 (KHTML, like Gecko) Chrome/38.0.2125.104 Safari/537.36"
10.66.57.64 - - [15/Oct/2014:17:31:04 -0700] "GET /~giesss/fortune.html HTTP/1.1" 304 - "-" "Mozilla/5.0 (Windows NT 6.3; WOW64; rv:32.0) Gecko/20100101 Firefox/32.0"
10.25.99.179 - - [15/Oct/2014:17:31:12 -0700] "GET /~shawj/fortune.html HTTP/1.1" 200 96 "-" "Mozilla/5.0 (Windows NT 6.1) AppleWebKit/537.36 (KHTML, like Gecko) Chrome/38.0.2125.104 Safari/537.36"
10.25.99.144 - - [15/Oct/2014:17:31:29 -0700] "GET /~hatchs/fortune.html HTTP/1.1" 200 306 "-" "Mozilla/5.0 (Windows NT 6.1) AppleWebKit/537.36 (KHTML, like Gecko) Chrome/38.0.2125.104 Safari/537.36"
10.25.99.207 - - [15/Oct/2014:17:31:33 -0700] "GET /~torresm/fortune.html HTTP/1.1" 200 191 "http://jeremy.yosemite.edu/~torresm/" "Mozilla/5.0 (Windows NT 6.1) AppleWebKit/537.36 (KHTML, like Gecko) Chrome/37.0.2062.124 Safari/537.36"
10.25.99.148 - - [15/Oct/2014:17:31:34 -0700] "GET /~jandad/fortune.html HTTP/1.1" 304 - "-" "Mozilla/5.0 (Windows NT 6.1) AppleWebKit/537.36 (KHTML, like Gecko) Chrome/38.0.2125.104 Safari/537.36"
10.66.11.92 - - [15/Oct/2014:17:31:46 -0700] "GET /~bollesm/fortune.html HTTP/1.1" 304 - "-" "Mozilla/5.0 (Windows NT 6.3; WOW64) AppleWebKit/537.36 (KHTML, like Gecko) Chrome/37.0.2062.124 Safari/537.36"
10.66.11.92 - - [15/Oct/2014:17:31:47 -0700] "GET /~bollesm/fortune.html HTTP/1.1" 304 - "-" "Mozilla/5.0 (Windows NT 6.3; WOW64) AppleWebKit/537.36 (KHTML, like Gecko) Chrome/37.0.2062.124 Safari/537.36"
10.25.99.148 - - [15/Oct/2014:17:31:48 -0700] "GET /~jandad/fortune.html HTTP/1.1" 304 - "-" "Mozilla/5.0 (Windows NT 6.1) AppleWebKit/537.36 (KHTML, like Gecko) Chrome/38.0.2125.104 Safari/537.36"
10.66.11.92 - - [15/Oct/2014:17:31:50 -0700] "GET /~bollesm/ HTTP/1.1" 200 191 "-" "Mozilla/5.0 (Windows NT 6.3; WOW64) AppleWebKit/537.36 (KHTML, like Gecko) Chrome/37.0.2062.124 Safari/537.36"
10.66.11.92 - - [15/Oct/2014:17:31:51 -0700] "GET /~bollesm/ HTTP/1.1" 304 - "-" "Mozilla/5.0 (Windows NT 6.3; WOW64) AppleWebKit/537.36 (KHTML, like Gecko) Chrome/37.0.2062.124 Safari/537.36"
10.66.11.92 - - [15/Oct/2014:17:31:51 -0700] "GET /~bollesm/ HTTP/1.1" 304 - "-" "Mozilla/5.0 (Windows NT 6.3; WOW64) AppleWebKit/537.36 (KHTML, like Gecko) Chrome/37.0.2062.124 Safari/537.36"
10.66.11.92 - - [15/Oct/2014:17:31:52 -0700] "GET /~bollesm/ HTTP/1.1" 304 - "-" "Mozilla/5.0 (Windows NT 6.3; WOW64) AppleWebKit/537.36 (KHTML, like Gecko) Chrome/37.0.2062.124 Safari/537.36"
10.66.11.92 - - [15/Oct/2014:17:31:52 -0700] "GET /~bollesm/ HTTP/1.1" 304 - "-" "Mozilla/5.0 (Windows NT 6.3; WOW64) AppleWebKit/537.36 (KHTML, like Gecko) Chrome/37.0.2062.124 Safari/537.36"
10.25.99.147 - - [15/Oct/2014:17:31:54 -0700] "GET /hollowaya HTTP/1.1" 404 1010 "-" "Mozilla/5.0 (Windows NT 6.1) AppleWebKit/537.36 (KHTML, like Gecko) Chrome/37.0.2062.124 Safari/537.36"
10.25.99.147 - - [15/Oct/2014:17:31:55 -0700] "GET /favicon.ico HTTP/1.1" 200 302 "-" "Mozilla/5.0 (Windows NT 6.1) AppleWebKit/537.36 (KHTML, like Gecko) Chrome/37.0.2062.124 Safari/537.36"
10.25.99.147 - - [15/Oct/2014:17:32:07 -0700] "GET /~hollowaya HTTP/1.1" 301 334 "-" "Mozilla/5.0 (Windows NT 6.1) AppleWebKit/537.36 (KHTML, like Gecko) Chrome/37.0.2062.124 Safari/537.36"
10.25.99.147 - - [15/Oct/2014:17:32:07 -0700] "GET /~hollowaya/ HTTP/1.1" 200 813 "-" "Mozilla/5.0 (Windows NT 6.1) AppleWebKit/537.36 (KHTML, like Gecko) Chrome/37.0.2062.124 Safari/537.36"
10.25.99.147 - - [15/Oct/2014:17:32:08 -0700] "GET /icons/blank.gif HTTP/1.1" 200 148 "http://jeremy.yosemite.edu/~hollowaya/" "Mozilla/5.0 (Windows NT 6.1) AppleWebKit/537.36 (KHTML, like Gecko) Chrome/37.0.2062.124 Safari/537.36"
10.25.99.147 - - [15/Oct/2014:17:32:08 -0700] "GET /icons/back.gif HTTP/1.1" 200 216 "http://jeremy.yosemite.edu/~hollowaya/" "Mozilla/5.0 (Windows NT 6.1) AppleWebKit/537.36 (KHTML, like Gecko) Chrome/37.0.2062.124 Safari/537.36"
10.25.99.147 - - [15/Oct/2014:17:32:08 -0700] "GET /icons/text.gif HTTP/1.1" 200 229 "http://jeremy.yosemite.edu/~hollowaya/" "Mozilla/5.0 (Windows NT 6.1) AppleWebKit/537.36 (KHTML, like Gecko) Chrome/37.0.2062.124 Safari/537.36"
10.25.99.147 - - [15/Oct/2014:17:32:09 -0700] "GET /~hollowaya/fortune.html HTTP/1.1" 200 230 "http://jeremy.yosemite.edu/~hollowaya/" "Mozilla/5.0 (Windows NT 6.1) AppleWebKit/537.36 (KHTML, like Gecko) Chrome/37.0.2062.124 Safari/537.36"
10.25.99.144 - - [15/Oct/2014:17:32:16 -0700] "GET /~hatchs/fortune.html HTTP/1.1" 304 - "-" "Mozilla/5.0 (Windows NT 6.1) AppleWebKit/537.36 (KHTML, like Gecko) Chrome/38.0.2125.104 Safari/537.36"
10.25.99.207 - - [15/Oct/2014:17:32:17 -0700] "GET /~torresm/fortune.html HTTP/1.1" 304 - "http://jeremy.yosemite.edu/~torresm/" "Mozilla/5.0 (Windows NT 6.1) AppleWebKit/537.36 (KHTML, like Gecko) Chrome/37.0.2062.124 Safari/537.36"
10.25.99.144 - - [15/Oct/2014:17:32:18 -0700] "GET /~hatchs/fortune.html HTTP/1.1" 304 - "-" "Mozilla/5.0 (Windows NT 6.1) AppleWebKit/537.36 (KHTML, like Gecko) Chrome/38.0.2125.104 Safari/537.36"
10.25.99.144 - - [15/Oct/2014:17:32:18 -0700] "GET /~hatchs/fortune.html HTTP/1.1" 304 - "-" "Mozilla/5.0 (Windows NT 6.1) AppleWebKit/537.36 (KHTML, like Gecko) Chrome/38.0.2125.104 Safari/537.36"
10.25.99.144 - - [15/Oct/2014:17:32:18 -0700] "GET /~hatchs/fortune.html HTTP/1.1" 304 - "-" "Mozilla/5.0 (Windows NT 6.1) AppleWebKit/537.36 (KHTML, like Gecko) Chrome/38.0.2125.104 Safari/537.36"
10.25.99.144 - - [15/Oct/2014:17:32:19 -0700] "GET /~hatchs/fortune.html HTTP/1.1" 304 - "-" "Mozilla/5.0 (Windows NT 6.1) AppleWebKit/537.36 (KHTML, like Gecko) Chrome/38.0.2125.104 Safari/537.36"
10.25.99.179 - - [15/Oct/2014:17:32:21 -0700] "GET /~shawj/fortune.html HTTP/1.1" 200 145 "-" "Mozilla/5.0 (Windows NT 6.1) AppleWebKit/537.36 (KHTML, like Gecko) Chrome/38.0.2125.104 Safari/537.36"
10.25.99.147 - - [15/Oct/2014:17:32:23 -0700] "GET /~hollowaya/fortune.html HTTP/1.1" 304 - "http://jeremy.yosemite.edu/~hollowaya/" "Mozilla/5.0 (Windows NT 6.1) AppleWebKit/537.36 (KHTML, like Gecko) Chrome/37.0.2062.124 Safari/537.36"
10.25.99.147 - - [15/Oct/2014:17:32:25 -0700] "GET /~hollowaya/fortune.html HTTP/1.1" 304 - "http://jeremy.yosemite.edu/~hollowaya/" "Mozilla/5.0 (Windows NT 6.1) AppleWebKit/537.36 (KHTML, like Gecko) Chrome/37.0.2062.124 Safari/537.36"
10.66.61.247 - - [15/Oct/2014:17:32:30 -0700] "GET / HTTP/1.1" 200 5799 "-" "Mozilla/5.0 (Windows NT 6.3; WOW64; rv:32.0) Gecko/20100101 Firefox/32.0"
10.66.61.247 - - [15/Oct/2014:17:32:30 -0700] "GET /history/history.css HTTP/1.1" 200 365 "http://jeremy.yosemite.edu/" "Mozilla/5.0 (Windows NT 6.3; WOW64; rv:32.0) Gecko/20100101 Firefox/32.0"
10.66.61.247 - - [15/Oct/2014:17:32:30 -0700] "GET /history/history.js HTTP/1.1" 200 25646 "http://jeremy.yosemite.edu/" "Mozilla/5.0 (Windows NT 6.3; WOW64; rv:32.0) Gecko/20100101 Firefox/32.0"
10.66.61.247 - - [15/Oct/2014:17:32:30 -0700] "GET /swfobject.js HTTP/1.1" 200 25574 "http://jeremy.yosemite.edu/" "Mozilla/5.0 (Windows NT 6.3; WOW64; rv:32.0) Gecko/20100101 Firefox/32.0"
10.66.61.247 - - [15/Oct/2014:17:32:31 -0700] "GET /Main.swf HTTP/1.1" 200 1911987 "http://jeremy.yosemite.edu/" "Mozilla/5.0 (Windows NT 6.3; WOW64; rv:32.0) Gecko/20100101 Firefox/32.0"
10.66.61.247 - - [15/Oct/2014:17:32:32 -0700] "GET /favicon.ico HTTP/1.1" 200 302 "-" "Mozilla/5.0 (Windows NT 6.3; WOW64; rv:32.0) Gecko/20100101 Firefox/32.0"
10.25.99.207 - - [15/Oct/2014:17:32:38 -0700] "GET /~torresm/fortune.html HTTP/1.1" 200 1155 "http://jeremy.yosemite.edu/~torresm/" "Mozilla/5.0 (Windows NT 6.1) AppleWebKit/537.36 (KHTML, like Gecko) Chrome/37.0.2062.124 Safari/537.36"
10.25.99.148 - - [15/Oct/2014:17:32:39 -0700] "GET /~jandad/fortune.html HTTP/1.1" 304 - "-" "Mozilla/5.0 (Windows NT 6.1) AppleWebKit/537.36 (KHTML, like Gecko) Chrome/38.0.2125.104 Safari/537.36"
10.25.99.148 - - [15/Oct/2014:17:32:39 -0700] "GET /~jandad/fortune.html HTTP/1.1" 304 - "-" "Mozilla/5.0 (Windows NT 6.1) AppleWebKit/537.36 (KHTML, like Gecko) Chrome/38.0.2125.104 Safari/537.36"
10.25.99.148 - - [15/Oct/2014:17:32:40 -0700] "GET /~jandad/fortune.html HTTP/1.1" 304 - "-" "Mozilla/5.0 (Windows NT 6.1) AppleWebKit/537.36 (KHTML, like Gecko) Chrome/38.0.2125.104 Safari/537.36"
10.25.99.197 - - [15/Oct/2014:17:32:40 -0700] "GET /~sforzas/fortune.html HTTP/1.1" 200 186 "-" "Mozilla/5.0 (Windows NT 6.1) AppleWebKit/537.36 (KHTML, like Gecko) Chrome/38.0.2125.104 Safari/537.36"
10.25.99.148 - - [15/Oct/2014:17:32:41 -0700] "GET /~jandad/fortune.html HTTP/1.1" 304 - "-" "Mozilla/5.0 (Windows NT 6.1) AppleWebKit/537.36 (KHTML, like Gecko) Chrome/38.0.2125.104 Safari/537.36"
10.25.99.148 - - [15/Oct/2014:17:32:42 -0700] "GET /~jandad/fortune.html HTTP/1.1" 304 - "-" "Mozilla/5.0 (Windows NT 6.1) AppleWebKit/537.36 (KHTML, like Gecko) Chrome/38.0.2125.104 Safari/537.36"
10.25.99.197 - - [15/Oct/2014:17:32:42 -0700] "GET /~sforzas/fortune.html HTTP/1.1" 304 - "-" "Mozilla/5.0 (Windows NT 6.1) AppleWebKit/537.36 (KHTML, like Gecko) Chrome/38.0.2125.104 Safari/537.36"
10.25.99.197 - - [15/Oct/2014:17:32:43 -0700] "GET /~sforzas/fortune.html HTTP/1.1" 304 - "-" "Mozilla/5.0 (Windows NT 6.1) AppleWebKit/537.36 (KHTML, like Gecko) Chrome/38.0.2125.104 Safari/537.36"
10.25.99.197 - - [15/Oct/2014:17:32:44 -0700] "GET /~sforzas/fortune.html HTTP/1.1" 304 - "-" "Mozilla/5.0 (Windows NT 6.1) AppleWebKit/537.36 (KHTML, like Gecko) Chrome/38.0.2125.104 Safari/537.36"
10.25.99.148 - - [15/Oct/2014:17:32:45 -0700] "GET /~jandad/fortune.html HTTP/1.1" 304 - "-" "Mozilla/5.0 (Windows NT 6.1) AppleWebKit/537.36 (KHTML, like Gecko) Chrome/38.0.2125.104 Safari/537.36"
10.25.99.197 - - [15/Oct/2014:17:32:45 -0700] "GET /~sforzas/fortune.html HTTP/1.1" 304 - "-" "Mozilla/5.0 (Windows NT 6.1) AppleWebKit/537.36 (KHTML, like Gecko) Chrome/38.0.2125.104 Safari/537.36"
10.25.99.197 - - [15/Oct/2014:17:32:46 -0700] "GET /~sforzas/fortune.html HTTP/1.1" 304 - "-" "Mozilla/5.0 (Windows NT 6.1) AppleWebKit/537.36 (KHTML, like Gecko) Chrome/38.0.2125.104 Safari/537.36"
10.66.3.32 - - [15/Oct/2014:17:32:46 -0700] "GET /~weatheringtonb/fortune.html HTTP/1.1" 200 232 "-" "Mozilla/5.0 (Windows NT 6.1; WOW64; Trident/7.0; rv:11.0) like Gecko"
10.25.99.197 - - [15/Oct/2014:17:32:46 -0700] "GET /~sforzas/fortune.html HTTP/1.1" 304 - "-" "Mozilla/5.0 (Windows NT 6.1) AppleWebKit/537.36 (KHTML, like Gecko) Chrome/38.0.2125.104 Safari/537.36"
10.25.99.148 - - [15/Oct/2014:17:32:46 -0700] "GET /~jandad/fortune.html HTTP/1.1" 304 - "-" "Mozilla/5.0 (Windows NT 6.1) AppleWebKit/537.36 (KHTML, like Gecko) Chrome/38.0.2125.104 Safari/537.36"
10.66.61.247 - - [15/Oct/2014:17:32:54 -0700] "GET /dkp/ HTTP/1.1" 404 1010 "-" "Mozilla/5.0 (Windows NT 6.3; WOW64; rv:32.0) Gecko/20100101 Firefox/32.0"
10.25.99.197 - - [15/Oct/2014:17:33:02 -0700] "GET /~sforzas/fortune.html HTTP/1.1" 200 139 "-" "Mozilla/5.0 (Windows NT 6.1) AppleWebKit/537.36 (KHTML, like Gecko) Chrome/38.0.2125.104 Safari/537.36"
10.66.61.247 - - [15/Oct/2014:17:33:07 -0700] "GET /~dkp/ HTTP/1.1" 200 137 "-" "Mozilla/5.0 (Windows NT 6.3; WOW64; rv:32.0) Gecko/20100101 Firefox/32.0"
10.25.99.144 - - [15/Oct/2014:17:33:16 -0700] "GET /~hatchs/fortune.html HTTP/1.1" 200 295 "-" "Mozilla/5.0 (Windows NT 6.1) AppleWebKit/537.36 (KHTML, like Gecko) Chrome/38.0.2125.104 Safari/537.36"
10.25.99.19 - - [15/Oct/2014:17:33:16 -0700] "GET /~hays/fortune.html HTTP/1.1" 200 192 "-" "Mozilla/5.0 (Windows NT 6.1) AppleWebKit/537.36 (KHTML, like Gecko) Chrome/38.0.2125.104 Safari/537.36"
10.25.99.147 - - [15/Oct/2014:17:33:20 -0700] "GET /~hollowaya/fortune.html HTTP/1.1" 304 - "http://jeremy.yosemite.edu/~hollowaya/" "Mozilla/5.0 (Windows NT 6.1) AppleWebKit/537.36 (KHTML, like Gecko) Chrome/37.0.2062.124 Safari/537.36"
10.25.99.148 - - [15/Oct/2014:17:33:26 -0700] "GET /~jandad/fortune.html HTTP/1.1" 200 124 "-" "Mozilla/5.0 (Windows NT 6.1) AppleWebKit/537.36 (KHTML, like Gecko) Chrome/38.0.2125.104 Safari/537.36"
10.25.99.148 - - [15/Oct/2014:17:33:28 -0700] "GET /~jandad/fortune.html HTTP/1.1" 304 - "-" "Mozilla/5.0 (Windows NT 6.1) AppleWebKit/537.36 (KHTML, like Gecko) Chrome/38.0.2125.104 Safari/537.36"
10.25.99.148 - - [15/Oct/2014:17:33:28 -0700] "GET /~jandad/fortune.html HTTP/1.1" 304 - "-" "Mozilla/5.0 (Windows NT 6.1) AppleWebKit/537.36 (KHTML, like Gecko) Chrome/38.0.2125.104 Safari/537.36"
10.25.99.148 - - [15/Oct/2014:17:33:28 -0700] "GET /~jandad/fortune.html HTTP/1.1" 304 - "-" "Mozilla/5.0 (Windows NT 6.1) AppleWebKit/537.36 (KHTML, like Gecko) Chrome/38.0.2125.104 Safari/537.36"
10.25.99.148 - - [15/Oct/2014:17:33:28 -0700] "GET /~jandad/fortune.html HTTP/1.1" 304 - "-" "Mozilla/5.0 (Windows NT 6.1) AppleWebKit/537.36 (KHTML, like Gecko) Chrome/38.0.2125.104 Safari/537.36"
10.25.99.72 - - [15/Oct/2014:17:33:28 -0700] "GET /~delgado-braunn/fortune.html HTTP/1.1" 200 189 "-" "Mozilla/5.0 (Windows NT 6.1) AppleWebKit/537.36 (KHTML, like Gecko) Chrome/38.0.2125.104 Safari/537.36"
10.25.99.148 - - [15/Oct/2014:17:33:29 -0700] "GET /~jandad/fortune.html HTTP/1.1" 304 - "-" "Mozilla/5.0 (Windows NT 6.1) AppleWebKit/537.36 (KHTML, like Gecko) Chrome/38.0.2125.104 Safari/537.36"
10.25.99.148 - - [15/Oct/2014:17:33:29 -0700] "GET /~jandad/fortune.html HTTP/1.1" 304 - "-" "Mozilla/5.0 (Windows NT 6.1) AppleWebKit/537.36 (KHTML, like Gecko) Chrome/38.0.2125.104 Safari/537.36"
10.25.99.19 - - [15/Oct/2014:17:33:35 -0700] "GET /~hays/fortune.html HTTP/1.1" 200 239 "-" "Mozilla/5.0 (Windows NT 6.1) AppleWebKit/537.36 (KHTML, like Gecko) Chrome/38.0.2125.104 Safari/537.36"
10.25.99.197 - - [15/Oct/2014:17:33:42 -0700] "GET /~sforzas/fortune.html HTTP/1.1" 200 184 "-" "Mozilla/5.0 (Windows NT 6.1) AppleWebKit/537.36 (KHTML, like Gecko) Chrome/38.0.2125.104 Safari/537.36"
10.66.61.247 - - [15/Oct/2014:17:33:43 -0700] "GET /~aldridgec/fortune.html HTTP/1.1" 200 59 "-" "Mozilla/5.0 (Windows NT 6.3; WOW64; rv:32.0) Gecko/20100101 Firefox/32.0"
10.25.99.197 - - [15/Oct/2014:17:33:49 -0700] "GET /~sforzas/fortune.html HTTP/1.1" 200 500 "-" "Mozilla/5.0 (Windows NT 6.1) AppleWebKit/537.36 (KHTML, like Gecko) Chrome/38.0.2125.104 Safari/537.36"
::1 - - [15/Oct/2014:17:33:58 -0700] "OPTIONS * HTTP/1.0" 200 - "-" "Apache/2.4.6 (Linux/SUSE) PHP/5.4.20 OpenSSL/1.0.1i (internal dummy connection)"
::1 - - [15/Oct/2014:17:34:06 -0700] "OPTIONS * HTTP/1.0" 200 - "-" "Apache/2.4.6 (Linux/SUSE) PHP/5.4.20 OpenSSL/1.0.1i (internal dummy connection)"
10.66.16.135 - - [15/Oct/2014:17:34:43 -0700] "GET /~wongj/fortune.html HTTP/1.1" 200 281 "-" "Mozilla/5.0 (Windows NT 6.3; WOW64; rv:32.0) Gecko/20100101 Firefox/32.0"
10.25.99.26 - - [15/Oct/2014:17:35:18 -0700] "GET /~singhp/fortune.html HTTP/1.1" 200 28 "-" "Mozilla/5.0 (Windows NT 6.1) AppleWebKit/537.36 (KHTML, like Gecko) Chrome/38.0.2125.104 Safari/537.36"
10.25.99.26 - - [15/Oct/2014:17:35:18 -0700] "GET /favicon.ico HTTP/1.1" 200 302 "-" "Mozilla/5.0 (Windows NT 6.1) AppleWebKit/537.36 (KHTML, like Gecko) Chrome/38.0.2125.104 Safari/537.36"
10.66.111.153 - - [15/Oct/2014:17:36:03 -0700] "GET /~honord/fortune.html HTTP/1.1" 200 314 "-" "Mozilla/5.0 (X11; Ubuntu; Linux x86_64; rv:32.0) Gecko/20100101 Firefox/32.0"
10.66.111.153 - - [15/Oct/2014:17:36:15 -0700] "GET /~honord/fortune.html HTTP/1.1" 200 175 "-" "Mozilla/5.0 (X11; Ubuntu; Linux x86_64; rv:32.0) Gecko/20100101 Firefox/32.0"
10.25.99.174 - - [15/Oct/2014:17:38:06 -0700] "GET /~sassenbergm/fortune.html HTTP/1.1" 200 207 "http://jeremy.yosemite.edu/~sassenbergm/" "Mozilla/5.0 (Windows NT 6.1) AppleWebKit/537.36 (KHTML, like Gecko) Chrome/38.0.2125.101 Safari/537.36"
10.25.99.174 - - [15/Oct/2014:17:38:17 -0700] "GET /~sassenbergm/fortune.html HTTP/1.1" 304 - "http://jeremy.yosemite.edu/~sassenbergm/" "Mozilla/5.0 (Windows NT 6.1) AppleWebKit/537.36 (KHTML, like Gecko) Chrome/38.0.2125.101 Safari/537.36"
67.187.201.37 - - [15/Oct/2014:17:42:31 -0700] "GET /~darroughs/ch1/histogram.html HTTP/1.1" 404 1010 "-" "Mozilla/5.0 (Windows NT 6.1; WOW64; rv:32.0) Gecko/20100101 Firefox/32.0"
67.187.201.37 - - [15/Oct/2014:17:42:32 -0700] "GET /favicon.ico HTTP/1.1" 200 302 "-" "Mozilla/5.0 (Windows NT 6.1; WOW64; rv:32.0) Gecko/20100101 Firefox/32.0"
67.187.201.37 - - [15/Oct/2014:17:43:16 -0700] "GET /~darroughs/d3js/ch1/histogram.html HTTP/1.1" 200 497 "-" "Mozilla/5.0 (Windows NT 6.1; WOW64; rv:32.0) Gecko/20100101 Firefox/32.0"
67.187.201.37 - - [15/Oct/2014:17:43:16 -0700] "GET /~darroughs/d3js/bootstrap/css/bootstrap.min.css HTTP/1.1" 200 103314 "http://jeremy.yosemite.edu/~darroughs/d3js/ch1/histogram.html" "Mozilla/5.0 (Windows NT 6.1; WOW64; rv:32.0) Gecko/20100101 Firefox/32.0"
67.187.201.37 - - [15/Oct/2014:17:43:16 -0700] "GET /~darroughs/d3js/ch1/histogram.js HTTP/1.1" 200 1457 "http://jeremy.yosemite.edu/~darroughs/d3js/ch1/histogram.html" "Mozilla/5.0 (Windows NT 6.1; WOW64; rv:32.0) Gecko/20100101 Firefox/32.0"
67.187.201.37 - - [15/Oct/2014:17:43:17 -0700] "GET /~darroughs/d3js/ch1/histogram-hours.json HTTP/1.1" 200 405 "http://jeremy.yosemite.edu/~darroughs/d3js/ch1/histogram.html" "Mozilla/5.0 (Windows NT 6.1; WOW64; rv:32.0) Gecko/20100101 Firefox/32.0"
10.66.16.31 - - [15/Oct/2014:17:43:26 -0700] "GET / HTTP/1.1" 200 5799 "-" "Mozilla/5.0 (Macintosh; Intel Mac OS X 10_9_5) AppleWebKit/600.1.17 (KHTML, like Gecko) Version/7.1 Safari/537.85.10"
10.66.16.31 - - [15/Oct/2014:17:43:26 -0700] "GET /history/history.css HTTP/1.1" 200 365 "http://jeremy.yosemite.edu/" "Mozilla/5.0 (Macintosh; Intel Mac OS X 10_9_5) AppleWebKit/600.1.17 (KHTML, like Gecko) Version/7.1 Safari/537.85.10"
10.66.16.31 - - [15/Oct/2014:17:43:26 -0700] "GET /history/history.js HTTP/1.1" 200 25646 "http://jeremy.yosemite.edu/" "Mozilla/5.0 (Macintosh; Intel Mac OS X 10_9_5) AppleWebKit/600.1.17 (KHTML, like Gecko) Version/7.1 Safari/537.85.10"
10.66.16.31 - - [15/Oct/2014:17:43:26 -0700] "GET /swfobject.js HTTP/1.1" 200 25574 "http://jeremy.yosemite.edu/" "Mozilla/5.0 (Macintosh; Intel Mac OS X 10_9_5) AppleWebKit/600.1.17 (KHTML, like Gecko) Version/7.1 Safari/537.85.10"
10.66.16.31 - - [15/Oct/2014:17:43:26 -0700] "GET /favicon.ico HTTP/1.1" 200 302 "http://jeremy.yosemite.edu/" "Mozilla/5.0 (Macintosh; Intel Mac OS X 10_9_5) AppleWebKit/600.1.17 (KHTML, like Gecko) Version/7.1 Safari/537.85.10"
10.66.16.31 - - [15/Oct/2014:17:43:30 -0700] "GET /~gikasc/d3/ch1/histogram.html HTTP/1.1" 200 497 "-" "Mozilla/5.0 (Macintosh; Intel Mac OS X 10_9_5) AppleWebKit/600.1.17 (KHTML, like Gecko) Version/7.1 Safari/537.85.10"
10.66.16.31 - - [15/Oct/2014:17:43:30 -0700] "GET /~gikasc/d3/ch1/histogram.js HTTP/1.1" 200 1457 "http://jeremy.yosemite.edu/~gikasc/d3/ch1/histogram.html" "Mozilla/5.0 (Macintosh; Intel Mac OS X 10_9_5) AppleWebKit/600.1.17 (KHTML, like Gecko) Version/7.1 Safari/537.85.10"
10.66.16.31 - - [15/Oct/2014:17:43:30 -0700] "GET /~gikasc/d3/bootstrap/css/bootstrap.min.css HTTP/1.1" 200 103314 "http://jeremy.yosemite.edu/~gikasc/d3/ch1/histogram.html" "Mozilla/5.0 (Macintosh; Intel Mac OS X 10_9_5) AppleWebKit/600.1.17 (KHTML, like Gecko) Version/7.1 Safari/537.85.10"
10.66.16.31 - - [15/Oct/2014:17:43:31 -0700] "GET /~gikasc/d3/ch1/histogram-hours.json HTTP/1.1" 200 405 "http://jeremy.yosemite.edu/~gikasc/d3/ch1/histogram.html" "Mozilla/5.0 (Macintosh; Intel Mac OS X 10_9_5) AppleWebKit/600.1.17 (KHTML, like Gecko) Version/7.1 Safari/537.85.10"
10.66.16.31 - - [15/Oct/2014:17:43:32 -0700] "GET /~gikasc/ HTTP/1.1" 200 2173 "-" "Mozilla/5.0 (Macintosh; Intel Mac OS X 10_9_5) AppleWebKit/600.1.17 (KHTML, like Gecko) Version/7.1 Safari/537.85.10"
10.66.16.31 - - [15/Oct/2014:17:43:32 -0700] "GET /icons/blank.gif HTTP/1.1" 200 148 "http://jeremy.yosemite.edu/~gikasc/" "Mozilla/5.0 (Macintosh; Intel Mac OS X 10_9_5) AppleWebKit/600.1.17 (KHTML, like Gecko) Version/7.1 Safari/537.85.10"
10.66.16.31 - - [15/Oct/2014:17:43:32 -0700] "GET /icons/back.gif HTTP/1.1" 200 216 "http://jeremy.yosemite.edu/~gikasc/" "Mozilla/5.0 (Macintosh; Intel Mac OS X 10_9_5) AppleWebKit/600.1.17 (KHTML, like Gecko) Version/7.1 Safari/537.85.10"
10.66.16.31 - - [15/Oct/2014:17:43:32 -0700] "GET /icons/text.gif HTTP/1.1" 200 229 "http://jeremy.yosemite.edu/~gikasc/" "Mozilla/5.0 (Macintosh; Intel Mac OS X 10_9_5) AppleWebKit/600.1.17 (KHTML, like Gecko) Version/7.1 Safari/537.85.10"
10.66.16.31 - - [15/Oct/2014:17:43:32 -0700] "GET /icons/folder.gif HTTP/1.1" 200 225 "http://jeremy.yosemite.edu/~gikasc/" "Mozilla/5.0 (Macintosh; Intel Mac OS X 10_9_5) AppleWebKit/600.1.17 (KHTML, like Gecko) Version/7.1 Safari/537.85.10"
10.66.16.31 - - [15/Oct/2014:17:43:35 -0700] "GET /~gikasc/fortune.html HTTP/1.1" 200 51 "http://jeremy.yosemite.edu/~gikasc/" "Mozilla/5.0 (Macintosh; Intel Mac OS X 10_9_5) AppleWebKit/600.1.17 (KHTML, like Gecko) Version/7.1 Safari/537.85.10"
::1 - - [15/Oct/2014:17:43:50 -0700] "OPTIONS * HTTP/1.0" 200 - "-" "Apache/2.4.6 (Linux/SUSE) PHP/5.4.20 OpenSSL/1.0.1i (internal dummy connection)"
::1 - - [15/Oct/2014:17:43:51 -0700] "OPTIONS * HTTP/1.0" 200 - "-" "Apache/2.4.6 (Linux/SUSE) PHP/5.4.20 OpenSSL/1.0.1i (internal dummy connection)"
::1 - - [15/Oct/2014:17:43:53 -0700] "OPTIONS * HTTP/1.0" 200 - "-" "Apache/2.4.6 (Linux/SUSE) PHP/5.4.20 OpenSSL/1.0.1i (internal dummy connection)"
10.25.99.197 - - [15/Oct/2014:17:44:36 -0700] "GET /~sforzas/fortune.html HTTP/1.1" 200 506 "-" "Mozilla/5.0 (Windows NT 6.1) AppleWebKit/537.36 (KHTML, like Gecko) Chrome/38.0.2125.104 Safari/537.36"
67.187.201.37 - - [15/Oct/2014:17:44:56 -0700] "GET /~dkp/tasklist/index.html HTTP/1.1" 200 900
67.187.201.37 - - [15/Oct/2014:17:44:56 -0700] "GET /~dkp/tasklist/tutorial.js HTTP/1.1" 200 3216
67.187.201.37 - - [15/Oct/2014:17:44:56 -0700] "GET /~dkp/tasklist/style.css HTTP/1.1" 200 1536
67.187.201.37 - - [15/Oct/2014:17:44:57 -0700] "GET /favicon.ico HTTP/1.1" 200 302
67.187.201.37 - - [15/Oct/2014:17:45:10 -0700] "GET /~dkp/tasklist/index.html HTTP/1.1" 200 900
67.187.201.37 - - [15/Oct/2014:17:45:12 -0700] "GET /favicon.ico HTTP/1.1" 200 302
67.187.201.37 - - [15/Oct/2014:17:45:18 -0700] "GET /~dkp/tasklist/index.html HTTP/1.1" 200 900
67.187.201.37 - - [15/Oct/2014:17:45:18 -0700] "GET /favicon.ico HTTP/1.1" 200 302
10.66.16.31 - - [15/Oct/2014:17:46:57 -0700] "GET /~gikasc/fortune.html HTTP/1.1" 200 246 "http://jeremy.yosemite.edu/~gikasc/" "Mozilla/5.0 (Macintosh; Intel Mac OS X 10_9_5) AppleWebKit/600.1.17 (KHTML, like Gecko) Version/7.1 Safari/537.85.10"
10.25.99.197 - - [15/Oct/2014:17:47:09 -0700] "GET /~sforzas/fortune.html HTTP/1.1" 200 213 "-" "Mozilla/5.0 (Windows NT 6.1) AppleWebKit/537.36 (KHTML, like Gecko) Chrome/38.0.2125.104 Safari/537.36"
10.25.99.174 - - [15/Oct/2014:17:47:55 -0700] "GET /~sassenbergm/fortune.html HTTP/1.1" 200 207 "http://jeremy.yosemite.edu/~sassenbergm/" "Mozilla/5.0 (Windows NT 6.1) AppleWebKit/537.36 (KHTML, like Gecko) Chrome/38.0.2125.101 Safari/537.36"
67.181.57.248 - - [15/Oct/2014:17:50:38 -0700] "GET /~suarezs/D3PlayingAround/ch1/histogram.html HTTP/1.1" 200 1507 "-" "Mozilla/5.0 (Windows NT 6.1; WOW64; rv:32.0) Gecko/20100101 Firefox/32.0"
67.181.57.248 - - [15/Oct/2014:17:50:38 -0700] "GET /~suarezs/D3PlayingAround/bootstrap/css/bootstrap.min.css HTTP/1.1" 200 103314 "http://jeremy.yosemite.edu/~suarezs/D3PlayingAround/ch1/histogram.html" "Mozilla/5.0 (Windows NT 6.1; WOW64; rv:32.0) Gecko/20100101 Firefox/32.0"
67.181.57.248 - - [15/Oct/2014:17:50:38 -0700] "GET /~suarezs/D3PlayingAround/ch1/histogram.js HTTP/1.1" 200 3019 "http://jeremy.yosemite.edu/~suarezs/D3PlayingAround/ch1/histogram.html" "Mozilla/5.0 (Windows NT 6.1; WOW64; rv:32.0) Gecko/20100101 Firefox/32.0"
67.181.57.248 - - [15/Oct/2014:17:50:38 -0700] "GET /~suarezs/D3PlayingAround/ch1/histogram-hours.json HTTP/1.1" 200 375 "http://jeremy.yosemite.edu/~suarezs/D3PlayingAround/ch1/histogram.html" "Mozilla/5.0 (Windows NT 6.1; WOW64; rv:32.0) Gecko/20100101 Firefox/32.0"
67.181.57.248 - - [15/Oct/2014:17:52:50 -0700] "GET /~suarezs/D3PlayingAround/ch1/histogram.html HTTP/1.1" 304 - "-" "Mozilla/5.0 (Windows NT 6.1; WOW64; rv:32.0) Gecko/20100101 Firefox/32.0"
67.181.57.248 - - [15/Oct/2014:17:52:50 -0700] "GET /~suarezs/D3PlayingAround/bootstrap/css/bootstrap.min.css HTTP/1.1" 304 - "http://jeremy.yosemite.edu/~suarezs/D3PlayingAround/ch1/histogram.html" "Mozilla/5.0 (Windows NT 6.1; WOW64; rv:32.0) Gecko/20100101 Firefox/32.0"
67.181.57.248 - - [15/Oct/2014:17:52:50 -0700] "GET /~suarezs/D3PlayingAround/ch1/histogram.js HTTP/1.1" 304 - "http://jeremy.yosemite.edu/~suarezs/D3PlayingAround/ch1/histogram.html" "Mozilla/5.0 (Windows NT 6.1; WOW64; rv:32.0) Gecko/20100101 Firefox/32.0"
67.181.57.248 - - [15/Oct/2014:17:52:50 -0700] "GET /~suarezs/D3PlayingAround/ch1/histogram-hours.json HTTP/1.1" 304 - "http://jeremy.yosemite.edu/~suarezs/D3PlayingAround/ch1/histogram.html" "Mozilla/5.0 (Windows NT 6.1; WOW64; rv:32.0) Gecko/20100101 Firefox/32.0"
10.25.99.197 - - [15/Oct/2014:17:53:09 -0700] "GET /~sforzas/fortune.html HTTP/1.1" 304 - "-" "Mozilla/5.0 (Windows NT 6.1) AppleWebKit/537.36 (KHTML, like Gecko) Chrome/38.0.2125.104 Safari/537.36"
10.25.99.148 - - [15/Oct/2014:17:53:13 -0700] "GET /~jandad/fortune.html HTTP/1.1" 200 146 "-" "Mozilla/5.0 (Windows NT 6.1) AppleWebKit/537.36 (KHTML, like Gecko) Chrome/38.0.2125.104 Safari/537.36"
10.25.99.197 - - [15/Oct/2014:17:53:18 -0700] "GET /~sforzas/fortune.html HTTP/1.1" 304 - "-" "Mozilla/5.0 (Windows NT 6.1) AppleWebKit/537.36 (KHTML, like Gecko) Chrome/38.0.2125.104 Safari/537.36"
10.25.99.148 - - [15/Oct/2014:17:53:19 -0700] "GET /~jandad/fortune.html HTTP/1.1" 304 - "-" "Mozilla/5.0 (Windows NT 6.1) AppleWebKit/537.36 (KHTML, like Gecko) Chrome/38.0.2125.104 Safari/537.36"
10.25.99.197 - - [15/Oct/2014:17:54:07 -0700] "GET /~sforzas/fortune.html HTTP/1.1" 304 - "-" "Mozilla/5.0 (Windows NT 6.1) AppleWebKit/537.36 (KHTML, like Gecko) Chrome/38.0.2125.104 Safari/537.36"
10.25.99.197 - - [15/Oct/2014:17:54:14 -0700] "GET /~sforzas/fortune.html HTTP/1.1" 304 - "-" "Mozilla/5.0 (Windows NT 6.1) AppleWebKit/537.36 (KHTML, like Gecko) Chrome/38.0.2125.104 Safari/537.36"
10.25.99.197 - - [15/Oct/2014:17:54:15 -0700] "GET /~sforzas/fortune.html HTTP/1.1" 304 - "-" "Mozilla/5.0 (Windows NT 6.1) AppleWebKit/537.36 (KHTML, like Gecko) Chrome/38.0.2125.104 Safari/537.36"
10.25.99.197 - - [15/Oct/2014:17:54:36 -0700] "GET /~sforzas/fortune.html HTTP/1.1" 304 - "-" "Mozilla/5.0 (Windows NT 6.1) AppleWebKit/537.36 (KHTML, like Gecko) Chrome/38.0.2125.104 Safari/537.36"
10.25.99.197 - - [15/Oct/2014:17:54:55 -0700] "GET /~sforzas/fortune.html HTTP/1.1" 304 - "-" "Mozilla/5.0 (Windows NT 6.1) AppleWebKit/537.36 (KHTML, like Gecko) Chrome/38.0.2125.104 Safari/537.36"
10.25.99.174 - - [15/Oct/2014:17:54:57 -0700] "GET /~sassenbergm/fortune.html HTTP/1.1" 304 - "http://jeremy.yosemite.edu/~sassenbergm/" "Mozilla/5.0 (Windows NT 6.1) AppleWebKit/537.36 (KHTML, like Gecko) Chrome/38.0.2125.101 Safari/537.36"
10.66.16.135 - - [15/Oct/2014:17:55:38 -0700] "GET /~wongj/fortune.html HTTP/1.1" 200 264 "-" "Mozilla/5.0 (Windows NT 6.3; WOW64; rv:32.0) Gecko/20100101 Firefox/32.0"
10.66.16.135 - - [15/Oct/2014:17:55:42 -0700] "GET /~wongj/fortune.html HTTP/1.1" 304 - "-" "Mozilla/5.0 (Windows NT 6.3; WOW64; rv:32.0) Gecko/20100101 Firefox/32.0"
10.25.99.197 - - [15/Oct/2014:17:56:07 -0700] "GET /~sforzas/fortune.html HTTP/1.1" 304 - "-" "Mozilla/5.0 (Windows NT 6.1) AppleWebKit/537.36 (KHTML, like Gecko) Chrome/38.0.2125.104 Safari/537.36"
10.25.99.197 - - [15/Oct/2014:17:57:07 -0700] "GET /~sforzas/fortune.html HTTP/1.1" 304 - "-" "Mozilla/5.0 (Windows NT 6.1) AppleWebKit/537.36 (KHTML, like Gecko) Chrome/38.0.2125.104 Safari/537.36"
10.66.111.153 - - [15/Oct/2014:17:58:48 -0700] "GET /~honord/fortune.html HTTP/1.1" 200 1189 "-" "Mozilla/5.0 (X11; Ubuntu; Linux x86_64; rv:32.0) Gecko/20100101 Firefox/32.0"
10.25.99.197 - - [15/Oct/2014:17:59:21 -0700] "GET /~sforzas/fortune.html HTTP/1.1" 200 252 "-" "Mozilla/5.0 (Windows NT 6.1) AppleWebKit/537.36 (KHTML, like Gecko) Chrome/38.0.2125.104 Safari/537.36"
54.197.226.18 - - [15/Oct/2014:17:59:44 -0700] "HEAD /favicon.ico HTTP/1.1" 200 - "-" "-"
172.56.38.100 - - [15/Oct/2014:17:59:46 -0700] "GET /favicon.ico HTTP/1.1" 200 302 "-" "Mozilla/5.0 (Linux; Android 4.4.2; SHIELD Tablet Build/KOT49H) AppleWebKit/537.36 (KHTML, like Gecko) Chrome/38.0.2125.102 Safari/537.36"
10.25.99.197 - - [15/Oct/2014:18:01:47 -0700] "GET /~sforzas/fortune.html HTTP/1.1" 304 - "-" "Mozilla/5.0 (Windows NT 6.1) AppleWebKit/537.36 (KHTML, like Gecko) Chrome/38.0.2125.104 Safari/537.36"
10.25.99.172 - - [15/Oct/2014:18:02:26 -0700] "GET /~clinem/fortune.html HTTP/1.1" 304 - "http://jeremy.yosemite.edu/~clinem/" "Mozilla/5.0 (Windows NT 6.1) AppleWebKit/537.36 (KHTML, like Gecko) Chrome/38.0.2125.101 Safari/537.36"
66.249.84.120 - - [15/Oct/2014:18:03:59 -0700] "GET /~mitchellc/toys/finalproj/ HTTP/1.1" 404 1010 "-" "Mozilla/5.0 (Windows NT 6.1; rv:6.0) Gecko/20110814 Firefox/6.0 Google favicon"
10.66.16.135 - - [15/Oct/2014:18:04:49 -0700] "GET /~wongj/fortune.html HTTP/1.1" 200 171 "-" "Mozilla/5.0 (Windows NT 6.3; WOW64; rv:32.0) Gecko/20100101 Firefox/32.0"
10.25.99.172 - - [15/Oct/2014:18:04:49 -0700] "GET /~clinem/fortune.html HTTP/1.1" 200 144 "http://jeremy.yosemite.edu/~clinem/" "Mozilla/5.0 (Windows NT 6.1) AppleWebKit/537.36 (KHTML, like Gecko) Chrome/38.0.2125.101 Safari/537.36"
10.24.99.54 - - [15/Oct/2014:18:05:39 -0700] "GET /~solusj/d3.js-book-examples-master/ch1/histogram.html HTTP/1.1" 200 842 "-" "Mozilla/5.0 (Windows NT 6.1) AppleWebKit/537.36 (KHTML, like Gecko) Chrome/35.0.1916.114 Safari/537.36"
10.24.99.54 - - [15/Oct/2014:18:05:39 -0700] "GET /~solusj/d3.js-book-examples-master/ch1/histogram.js HTTP/1.1" 200 1457 "http://jeremy.yosemite.edu/~solusj/d3.js-book-examples-master/ch1/histogram.html" "Mozilla/5.0 (Windows NT 6.1) AppleWebKit/537.36 (KHTML, like Gecko) Chrome/35.0.1916.114 Safari/537.36"
10.24.99.54 - - [15/Oct/2014:18:05:39 -0700] "GET /~solusj/d3.js-book-examples-master/bootstrap/css/bootstrap.min.css HTTP/1.1" 200 103314 "http://jeremy.yosemite.edu/~solusj/d3.js-book-examples-master/ch1/histogram.html" "Mozilla/5.0 (Windows NT 6.1) AppleWebKit/537.36 (KHTML, like Gecko) Chrome/35.0.1916.114 Safari/537.36"
10.24.99.54 - - [15/Oct/2014:18:05:40 -0700] "GET /~solusj/d3.js-book-examples-master/ch1/histogram-hours.json HTTP/1.1" 200 405 "http://jeremy.yosemite.edu/~solusj/d3.js-book-examples-master/ch1/histogram.html" "Mozilla/5.0 (Windows NT 6.1) AppleWebKit/537.36 (KHTML, like Gecko) Chrome/35.0.1916.114 Safari/537.36"
10.24.99.54 - - [15/Oct/2014:18:05:40 -0700] "GET /favicon.ico HTTP/1.1" 200 302 "-" "Mozilla/5.0 (Windows NT 6.1) AppleWebKit/537.36 (KHTML, like Gecko) Chrome/35.0.1916.114 Safari/537.36"
54.197.226.18 - - [15/Oct/2014:18:07:02 -0700] "HEAD /favicon.ico HTTP/1.1" 200 - "-" "-"
54.197.226.18 - - [15/Oct/2014:18:07:19 -0700] "HEAD /favicon.ico HTTP/1.1" 200 - "-" "-"
54.197.226.18 - - [15/Oct/2014:18:07:21 -0700] "HEAD /favicon.ico HTTP/1.1" 200 - "-" "-"
54.197.226.18 - - [15/Oct/2014:18:07:24 -0700] "HEAD /favicon.ico HTTP/1.1" 200 - "-" "-"
54.197.226.18 - - [15/Oct/2014:18:08:02 -0700] "HEAD /favicon.ico HTTP/1.1" 200 - "-" "-"
10.25.99.172 - - [15/Oct/2014:18:08:18 -0700] "GET /~clinem/fortune.html HTTP/1.1" 304 - "http://jeremy.yosemite.edu/~clinem/" "Mozilla/5.0 (Windows NT 6.1) AppleWebKit/537.36 (KHTML, like Gecko) Chrome/38.0.2125.101 Safari/537.36"
54.197.226.18 - - [15/Oct/2014:18:08:19 -0700] "HEAD /favicon.ico HTTP/1.1" 200 - "-" "-"
10.25.99.172 - - [15/Oct/2014:18:08:21 -0700] "GET /~clinem/fortune.html HTTP/1.1" 304 - "http://jeremy.yosemite.edu/~clinem/" "Mozilla/5.0 (Windows NT 6.1) AppleWebKit/537.36 (KHTML, like Gecko) Chrome/38.0.2125.101 Safari/537.36"
10.25.99.172 - - [15/Oct/2014:18:08:21 -0700] "GET /~clinem/fortune.html HTTP/1.1" 304 - "http://jeremy.yosemite.edu/~clinem/" "Mozilla/5.0 (Windows NT 6.1) AppleWebKit/537.36 (KHTML, like Gecko) Chrome/38.0.2125.101 Safari/537.36"
10.25.99.144 - - [15/Oct/2014:18:08:33 -0700] "GET /~hatchs/fortune.html HTTP/1.1" 304 - "-" "Mozilla/5.0 (Windows NT 6.1) AppleWebKit/537.36 (KHTML, like Gecko) Chrome/38.0.2125.104 Safari/537.36"
10.25.99.144 - - [15/Oct/2014:18:08:35 -0700] "GET /~hatchs/fortune.html HTTP/1.1" 304 - "-" "Mozilla/5.0 (Windows NT 6.1) AppleWebKit/537.36 (KHTML, like Gecko) Chrome/38.0.2125.104 Safari/537.36"
10.25.99.144 - - [15/Oct/2014:18:08:38 -0700] "GET /~hatchs/fortune.html HTTP/1.1" 304 - "-" "Mozilla/5.0 (Windows NT 6.1) AppleWebKit/537.36 (KHTML, like Gecko) Chrome/38.0.2125.104 Safari/537.36"
10.25.99.197 - - [15/Oct/2014:18:08:47 -0700] "GET /~sforzas/fortune.html HTTP/1.1" 200 178 "-" "Mozilla/5.0 (Windows NT 6.1) AppleWebKit/537.36 (KHTML, like Gecko) Chrome/38.0.2125.104 Safari/537.36"
54.197.226.18 - - [15/Oct/2014:18:09:07 -0700] "HEAD /favicon.ico HTTP/1.1" 200 - "-" "-"
10.66.16.237 - - [15/Oct/2014:18:09:07 -0700] "GET /~aguilarj/fortune.html HTTP/1.1" 200 296 "-" "Mozilla/5.0 (Macintosh; Intel Mac OS X 10_10_0) AppleWebKit/537.36 (KHTML, like Gecko) Chrome/38.0.2125.104 Safari/537.36"
54.197.226.18 - - [15/Oct/2014:18:09:16 -0700] "HEAD /favicon.ico HTTP/1.1" 200 - "-" "-"
10.25.99.172 - - [15/Oct/2014:18:09:37 -0700] "GET /~clinem/fortune.html HTTP/1.1" 304 - "http://jeremy.yosemite.edu/~clinem/" "Mozilla/5.0 (Windows NT 6.1) AppleWebKit/537.36 (KHTML, like Gecko) Chrome/38.0.2125.101 Safari/537.36"
10.25.99.172 - - [15/Oct/2014:18:09:37 -0700] "GET /~clinem/fortune.html HTTP/1.1" 304 - "http://jeremy.yosemite.edu/~clinem/" "Mozilla/5.0 (Windows NT 6.1) AppleWebKit/537.36 (KHTML, like Gecko) Chrome/38.0.2125.101 Safari/537.36"
10.25.99.197 - - [15/Oct/2014:18:09:42 -0700] "GET /~sforzas/fortune.html HTTP/1.1" 304 - "-" "Mozilla/5.0 (Windows NT 6.1) AppleWebKit/537.36 (KHTML, like Gecko) Chrome/38.0.2125.104 Safari/537.36"
