107.195.185.215 - - [14/Oct/2014:21:59:57 -0700] "GET /favicon.ico HTTP/1.1" 200 302 "-" "Mozilla/5.0 (Windows NT 6.3; WOW64) AppleWebKit/537.36 (KHTML, like Gecko) Chrome/37.0.2062.124 Safari/537.36"
107.195.185.215 - - [14/Oct/2014:21:59:56 -0700] "GET /Main.swf HTTP/1.1" 200 1911987 "http://jeremy.yosemite.edu/" "Mozilla/5.0 (Windows NT 6.3; WOW64) AppleWebKit/537.36 (KHTML, like Gecko) Chrome/37.0.2062.124 Safari/537.36"
94.202.217.38 - - [14/Oct/2014:23:02:23 -0700] "GET /tmUnblock.cgi HTTP/1.1" 400 947 "-" "-"
89.248.171.19 - - [15/Oct/2014:01:01:05 -0700] "GET /w00tw00t.at.blackhats.romanian.anti-sec:) HTTP/1.1" 404 1005 "-" "ZmEu"
89.248.171.19 - - [15/Oct/2014:01:01:05 -0700] "GET /phpMyAdmin/scripts/setup.php HTTP/1.1" 404 1005 "-" "ZmEu"
89.248.171.19 - - [15/Oct/2014:01:01:06 -0700] "GET /phpmyadmin/scripts/setup.php HTTP/1.1" 404 1005 "-" "ZmEu"
89.248.171.19 - - [15/Oct/2014:01:01:06 -0700] "GET /pma/scripts/setup.php HTTP/1.1" 404 1005 "-" "ZmEu"
89.248.171.19 - - [15/Oct/2014:01:01:06 -0700] "GET /myadmin/scripts/setup.php HTTP/1.1" 404 1005 "-" "ZmEu"
89.248.171.19 - - [15/Oct/2014:01:01:07 -0700] "GET /MyAdmin/scripts/setup.php HTTP/1.1" 404 1005 "-" "ZmEu"
66.249.65.81 - - [15/Oct/2014:01:22:08 -0700] "GET /robots.txt HTTP/1.1" 200 26 "-" "Mozilla/5.0 (compatible; Googlebot/2.1; +http://www.google.com/bot.html)"
66.240.192.138 - - [15/Oct/2014:01:46:28 -0700] "GET / HTTP/1.1" 200 5799
66.240.192.138 - - [15/Oct/2014:01:46:31 -0700] "quit" 501 955
66.249.67.4 - - [15/Oct/2014:04:45:48 -0700] "GET /robots.txt HTTP/1.1" 200 26 "-" "Mozilla/5.0 (compatible; Googlebot/2.1; +http://www.google.com/bot.html)"
207.46.13.128 - - [15/Oct/2014:07:40:24 -0700] "GET /robots.txt HTTP/1.1" 200 26 "-" "Mozilla/5.0 (compatible; bingbot/2.0; +http://www.bing.com/bingbot.htm)"
67.187.230.77 - - [15/Oct/2014:09:43:29 -0700] "GET /~martinr/bootstrap/histrogram.html HTTP/1.1" 200 124 "-" "Mozilla/5.0 (Windows NT 6.1; WOW64) AppleWebKit/537.36 (KHTML, like Gecko) Chrome/38.0.2125.101 Safari/537.36"
67.187.230.77 - - [15/Oct/2014:09:43:29 -0700] "GET /favicon.ico HTTP/1.1" 200 302 "-" "Mozilla/5.0 (Windows NT 6.1; WOW64) AppleWebKit/537.36 (KHTML, like Gecko) Chrome/38.0.2125.101 Safari/537.36"
67.187.230.77 - - [15/Oct/2014:09:43:39 -0700] "GET /~martinr/bootstrap/histrogram.html HTTP/1.1" 304 - "-" "Mozilla/5.0 (Windows NT 6.1; WOW64) AppleWebKit/537.36 (KHTML, like Gecko) Chrome/38.0.2125.101 Safari/537.36"
67.187.230.77 - - [15/Oct/2014:09:43:55 -0700] "GET /~martinr/d3js/ch1/histogram.html HTTP/1.1" 200 510 "-" "Mozilla/5.0 (Windows NT 6.1; WOW64) AppleWebKit/537.36 (KHTML, like Gecko) Chrome/38.0.2125.101 Safari/537.36"
67.187.230.77 - - [15/Oct/2014:09:43:55 -0700] "GET /~martinr/d3js/ch1/histogram.js HTTP/1.1" 200 1460 "http://jeremy.yosemite.edu/~martinr/d3js/ch1/histogram.html" "Mozilla/5.0 (Windows NT 6.1; WOW64) AppleWebKit/537.36 (KHTML, like Gecko) Chrome/38.0.2125.101 Safari/537.36"
67.187.230.77 - - [15/Oct/2014:09:43:55 -0700] "GET /~martinr/d3js/bootstrap/css/bootstrap.min.css HTTP/1.1" 200 103314 "http://jeremy.yosemite.edu/~martinr/d3js/ch1/histogram.html" "Mozilla/5.0 (Windows NT 6.1; WOW64) AppleWebKit/537.36 (KHTML, like Gecko) Chrome/38.0.2125.101 Safari/537.36"
67.187.230.77 - - [15/Oct/2014:09:43:56 -0700] "GET /~martinr/d3js/ch1/histogram-hours.json HTTP/1.1" 200 405 "http://jeremy.yosemite.edu/~martinr/d3js/ch1/histogram.html" "Mozilla/5.0 (Windows NT 6.1; WOW64) AppleWebKit/537.36 (KHTML, like Gecko) Chrome/38.0.2125.101 Safari/537.36"
54.197.226.18 - - [15/Oct/2014:09:44:24 -0700] "HEAD /favicon.ico HTTP/1.1" 200 - "-" "-"
10.25.99.98 - - [15/Oct/2014:12:36:19 -0700] "GET /~castillor/ HTTP/1.1" 200 1699 "-" "Mozilla/5.0 (Windows NT 6.1; rv:30.0) Gecko/20100101 Firefox/30.0"
10.25.99.98 - - [15/Oct/2014:12:36:19 -0700] "GET /icons/blank.gif HTTP/1.1" 200 148 "http://jeremy.yosemite.edu/~castillor/" "Mozilla/5.0 (Windows NT 6.1; rv:30.0) Gecko/20100101 Firefox/30.0"
10.25.99.98 - - [15/Oct/2014:12:36:19 -0700] "GET /icons/back.gif HTTP/1.1" 200 216 "http://jeremy.yosemite.edu/~castillor/" "Mozilla/5.0 (Windows NT 6.1; rv:30.0) Gecko/20100101 Firefox/30.0"
10.25.99.98 - - [15/Oct/2014:12:36:19 -0700] "GET /icons/text.gif HTTP/1.1" 200 229 "http://jeremy.yosemite.edu/~castillor/" "Mozilla/5.0 (Windows NT 6.1; rv:30.0) Gecko/20100101 Firefox/30.0"
10.25.99.98 - - [15/Oct/2014:12:36:19 -0700] "GET /icons/folder.gif HTTP/1.1" 200 225 "http://jeremy.yosemite.edu/~castillor/" "Mozilla/5.0 (Windows NT 6.1; rv:30.0) Gecko/20100101 Firefox/30.0"
10.25.99.98 - - [15/Oct/2014:12:36:19 -0700] "GET /~dkp/d3js/ HTTP/1.1" 200 1608 "-" "Mozilla/5.0 (Windows NT 6.1; rv:30.0) Gecko/20100101 Firefox/30.0"
10.25.99.98 - - [15/Oct/2014:12:36:19 -0700] "GET /icons/compressed.gif HTTP/1.1" 200 1038 "http://jeremy.yosemite.edu/~dkp/d3js/" "Mozilla/5.0 (Windows NT 6.1; rv:30.0) Gecko/20100101 Firefox/30.0"
10.25.99.98 - - [15/Oct/2014:12:36:19 -0700] "GET /icons/unknown.gif HTTP/1.1" 200 245 "http://jeremy.yosemite.edu/~dkp/d3js/" "Mozilla/5.0 (Windows NT 6.1; rv:30.0) Gecko/20100101 Firefox/30.0"
10.25.99.98 - - [15/Oct/2014:12:36:19 -0700] "GET /icons/blank.gif HTTP/1.1" 200 148 "http://jeremy.yosemite.edu/~dkp/d3js/" "Mozilla/5.0 (Windows NT 6.1; rv:30.0) Gecko/20100101 Firefox/30.0"
10.25.99.98 - - [15/Oct/2014:12:36:19 -0700] "GET /icons/back.gif HTTP/1.1" 200 216 "http://jeremy.yosemite.edu/~dkp/d3js/" "Mozilla/5.0 (Windows NT 6.1; rv:30.0) Gecko/20100101 Firefox/30.0"
10.25.99.98 - - [15/Oct/2014:12:36:19 -0700] "GET /icons/text.gif HTTP/1.1" 200 229 "http://jeremy.yosemite.edu/~dkp/d3js/" "Mozilla/5.0 (Windows NT 6.1; rv:30.0) Gecko/20100101 Firefox/30.0"
10.25.99.98 - - [15/Oct/2014:12:36:19 -0700] "GET /icons/folder.gif HTTP/1.1" 200 225 "http://jeremy.yosemite.edu/~dkp/d3js/" "Mozilla/5.0 (Windows NT 6.1; rv:30.0) Gecko/20100101 Firefox/30.0"
67.181.29.3 - - [15/Oct/2014:13:24:35 -0700] "GET /~solusj/d3.js-book-examples-master/ch1/histogram.html HTTP/1.1" 200 567 "-" "Mozilla/5.0 (Windows NT 5.1; rv:32.0) Gecko/20100101 Firefox/32.0"
67.181.29.3 - - [15/Oct/2014:13:24:35 -0700] "GET /~solusj/d3.js-book-examples-master/bootstrap/css/bootstrap.min.css HTTP/1.1" 200 103314 "http://jeremy.yosemite.edu/~solusj/d3.js-book-examples-master/ch1/histogram.html" "Mozilla/5.0 (Windows NT 5.1; rv:32.0) Gecko/20100101 Firefox/32.0"
67.181.29.3 - - [15/Oct/2014:13:24:36 -0700] "GET /~solusj/d3.js-book-examples-master/ch1/histogram.js HTTP/1.1" 200 1457 "http://jeremy.yosemite.edu/~solusj/d3.js-book-examples-master/ch1/histogram.html" "Mozilla/5.0 (Windows NT 5.1; rv:32.0) Gecko/20100101 Firefox/32.0"
67.181.29.3 - - [15/Oct/2014:13:24:36 -0700] "GET /~solusj/d3.js-book-examples-master/ch1/histogram-hours.json HTTP/1.1" 200 405 "http://jeremy.yosemite.edu/~solusj/d3.js-book-examples-master/ch1/histogram.html" "Mozilla/5.0 (Windows NT 5.1; rv:32.0) Gecko/20100101 Firefox/32.0"
67.181.29.3 - - [15/Oct/2014:13:24:43 -0700] "GET /~solusj/d3.js-book-examples-master/ch1/histogram.html HTTP/1.1" 304 - "-" "Mozilla/5.0 (Windows NT 5.1; rv:32.0) Gecko/20100101 Firefox/32.0"
67.181.29.3 - - [15/Oct/2014:13:24:43 -0700] "GET /~solusj/d3.js-book-examples-master/bootstrap/css/bootstrap.min.css HTTP/1.1" 304 - "http://jeremy.yosemite.edu/~solusj/d3.js-book-examples-master/ch1/histogram.html" "Mozilla/5.0 (Windows NT 5.1; rv:32.0) Gecko/20100101 Firefox/32.0"
67.181.29.3 - - [15/Oct/2014:13:24:43 -0700] "GET /~solusj/d3.js-book-examples-master/ch1/histogram.js HTTP/1.1" 304 - "http://jeremy.yosemite.edu/~solusj/d3.js-book-examples-master/ch1/histogram.html" "Mozilla/5.0 (Windows NT 5.1; rv:32.0) Gecko/20100101 Firefox/32.0"
67.181.29.3 - - [15/Oct/2014:13:24:44 -0700] "GET /~solusj/d3.js-book-examples-master/ch1/histogram-hours.json HTTP/1.1" 304 - "http://jeremy.yosemite.edu/~solusj/d3.js-book-examples-master/ch1/histogram.html" "Mozilla/5.0 (Windows NT 5.1; rv:32.0) Gecko/20100101 Firefox/32.0"
67.181.29.3 - - [15/Oct/2014:13:30:03 -0700] "GET /~solusj/d3.js-book-examples-master/ch1/histogram.html HTTP/1.1" 200 695 "-" "Mozilla/5.0 (Windows NT 5.1; rv:32.0) Gecko/20100101 Firefox/32.0"
67.181.29.3 - - [15/Oct/2014:13:30:04 -0700] "GET /~solusj/d3.js-book-examples-master/bootstrap/css/bootstrap.min.css HTTP/1.1" 304 - "http://jeremy.yosemite.edu/~solusj/d3.js-book-examples-master/ch1/histogram.html" "Mozilla/5.0 (Windows NT 5.1; rv:32.0) Gecko/20100101 Firefox/32.0"
67.181.29.3 - - [15/Oct/2014:13:30:04 -0700] "GET /~solusj/d3.js-book-examples-master/ch1/histogram.js HTTP/1.1" 304 - "http://jeremy.yosemite.edu/~solusj/d3.js-book-examples-master/ch1/histogram.html" "Mozilla/5.0 (Windows NT 5.1; rv:32.0) Gecko/20100101 Firefox/32.0"
67.181.29.3 - - [15/Oct/2014:13:30:05 -0700] "GET /~solusj/d3.js-book-examples-master/ch1/histogram-hours.json HTTP/1.1" 304 - "http://jeremy.yosemite.edu/~solusj/d3.js-book-examples-master/ch1/histogram.html" "Mozilla/5.0 (Windows NT 5.1; rv:32.0) Gecko/20100101 Firefox/32.0"
67.181.29.3 - - [15/Oct/2014:13:30:48 -0700] "GET /~solusj/d3.js-book-examples-master/ch1/histogram.html HTTP/1.1" 200 695 "-" "Mozilla/5.0 (Windows NT 5.1; rv:32.0) Gecko/20100101 Firefox/32.0"
67.181.29.3 - - [15/Oct/2014:13:30:48 -0700] "GET /~solusj/d3.js-book-examples-master/bootstrap/css/bootstrap.min.css HTTP/1.1" 304 - "http://jeremy.yosemite.edu/~solusj/d3.js-book-examples-master/ch1/histogram.html" "Mozilla/5.0 (Windows NT 5.1; rv:32.0) Gecko/20100101 Firefox/32.0"
67.181.29.3 - - [15/Oct/2014:13:30:49 -0700] "GET /~solusj/d3.js-book-examples-master/ch1/histogram.js HTTP/1.1" 304 - "http://jeremy.yosemite.edu/~solusj/d3.js-book-examples-master/ch1/histogram.html" "Mozilla/5.0 (Windows NT 5.1; rv:32.0) Gecko/20100101 Firefox/32.0"
67.181.29.3 - - [15/Oct/2014:13:30:49 -0700] "GET /~solusj/d3.js-book-examples-master/ch1/histogram-hours.json HTTP/1.1" 304 - "http://jeremy.yosemite.edu/~solusj/d3.js-book-examples-master/ch1/histogram.html" "Mozilla/5.0 (Windows NT 5.1; rv:32.0) Gecko/20100101 Firefox/32.0"
67.181.29.3 - - [15/Oct/2014:13:31:25 -0700] "GET /~solusj/d3.js-book-examples-master/ch1/histogram.html HTTP/1.1" 200 695 "-" "Mozilla/5.0 (Windows NT 5.1; rv:32.0) Gecko/20100101 Firefox/32.0"
67.181.29.3 - - [15/Oct/2014:13:31:25 -0700] "GET /~solusj/d3.js-book-examples-master/bootstrap/css/bootstrap.min.css HTTP/1.1" 304 - "http://jeremy.yosemite.edu/~solusj/d3.js-book-examples-master/ch1/histogram.html" "Mozilla/5.0 (Windows NT 5.1; rv:32.0) Gecko/20100101 Firefox/32.0"
67.181.29.3 - - [15/Oct/2014:13:31:25 -0700] "GET /~solusj/d3.js-book-examples-master/ch1/histogram.js HTTP/1.1" 304 - "http://jeremy.yosemite.edu/~solusj/d3.js-book-examples-master/ch1/histogram.html" "Mozilla/5.0 (Windows NT 5.1; rv:32.0) Gecko/20100101 Firefox/32.0"
67.181.29.3 - - [15/Oct/2014:13:31:25 -0700] "GET /~solusj/d3.js-book-examples-master/ch1/histogram-hours.json HTTP/1.1" 304 - "http://jeremy.yosemite.edu/~solusj/d3.js-book-examples-master/ch1/histogram.html" "Mozilla/5.0 (Windows NT 5.1; rv:32.0) Gecko/20100101 Firefox/32.0"
67.181.29.3 - - [15/Oct/2014:13:41:36 -0700] "GET /~solusj/d3.js-book-examples-master/ch1/histogram.html HTTP/1.1" 200 1037 "-" "Mozilla/5.0 (Windows NT 5.1; rv:32.0) Gecko/20100101 Firefox/32.0"
67.181.29.3 - - [15/Oct/2014:13:41:36 -0700] "GET /~solusj/d3.js-book-examples-master/bootstrap/css/bootstrap.min.css HTTP/1.1" 304 - "http://jeremy.yosemite.edu/~solusj/d3.js-book-examples-master/ch1/histogram.html" "Mozilla/5.0 (Windows NT 5.1; rv:32.0) Gecko/20100101 Firefox/32.0"
67.181.29.3 - - [15/Oct/2014:13:41:36 -0700] "GET /~solusj/d3.js-book-examples-master/ch1/histogram.js HTTP/1.1" 304 - "http://jeremy.yosemite.edu/~solusj/d3.js-book-examples-master/ch1/histogram.html" "Mozilla/5.0 (Windows NT 5.1; rv:32.0) Gecko/20100101 Firefox/32.0"
67.181.29.3 - - [15/Oct/2014:13:41:37 -0700] "GET /~solusj/d3.js-book-examples-master/ch1/histogram-hours.json HTTP/1.1" 304 - "http://jeremy.yosemite.edu/~solusj/d3.js-book-examples-master/ch1/histogram.html" "Mozilla/5.0 (Windows NT 5.1; rv:32.0) Gecko/20100101 Firefox/32.0"
67.181.29.3 - - [15/Oct/2014:13:42:32 -0700] "GET /~solusj/d3.js-book-examples-master/ch1/histogram.html HTTP/1.1" 200 1040 "-" "Mozilla/5.0 (Windows NT 5.1; rv:32.0) Gecko/20100101 Firefox/32.0"
67.181.29.3 - - [15/Oct/2014:13:42:32 -0700] "GET /~solusj/d3.js-book-examples-master/bootstrap/css/bootstrap.min.css HTTP/1.1" 304 - "http://jeremy.yosemite.edu/~solusj/d3.js-book-examples-master/ch1/histogram.html" "Mozilla/5.0 (Windows NT 5.1; rv:32.0) Gecko/20100101 Firefox/32.0"
67.181.29.3 - - [15/Oct/2014:13:42:32 -0700] "GET /~solusj/d3.js-book-examples-master/ch1/histogram.js HTTP/1.1" 304 - "http://jeremy.yosemite.edu/~solusj/d3.js-book-examples-master/ch1/histogram.html" "Mozilla/5.0 (Windows NT 5.1; rv:32.0) Gecko/20100101 Firefox/32.0"
67.181.29.3 - - [15/Oct/2014:13:42:33 -0700] "GET /~solusj/d3.js-book-examples-master/ch1/histogram-hours.json HTTP/1.1" 304 - "http://jeremy.yosemite.edu/~solusj/d3.js-book-examples-master/ch1/histogram.html" "Mozilla/5.0 (Windows NT 5.1; rv:32.0) Gecko/20100101 Firefox/32.0"
67.181.29.3 - - [15/Oct/2014:13:42:34 -0700] "GET /~solusj/d3.js-book-examples-master/ch1/histogram.html HTTP/1.1" 304 - "-" "Mozilla/5.0 (Windows NT 5.1; rv:32.0) Gecko/20100101 Firefox/32.0"
67.181.29.3 - - [15/Oct/2014:13:42:34 -0700] "GET /~solusj/d3.js-book-examples-master/bootstrap/css/bootstrap.min.css HTTP/1.1" 304 - "http://jeremy.yosemite.edu/~solusj/d3.js-book-examples-master/ch1/histogram.html" "Mozilla/5.0 (Windows NT 5.1; rv:32.0) Gecko/20100101 Firefox/32.0"
67.181.29.3 - - [15/Oct/2014:13:42:34 -0700] "GET /~solusj/d3.js-book-examples-master/ch1/histogram.js HTTP/1.1" 304 - "http://jeremy.yosemite.edu/~solusj/d3.js-book-examples-master/ch1/histogram.html" "Mozilla/5.0 (Windows NT 5.1; rv:32.0) Gecko/20100101 Firefox/32.0"
67.181.29.3 - - [15/Oct/2014:13:42:35 -0700] "GET /~solusj/d3.js-book-examples-master/ch1/histogram-hours.json HTTP/1.1" 304 - "http://jeremy.yosemite.edu/~solusj/d3.js-book-examples-master/ch1/histogram.html" "Mozilla/5.0 (Windows NT 5.1; rv:32.0) Gecko/20100101 Firefox/32.0"
67.181.29.3 - - [15/Oct/2014:13:45:35 -0700] "GET /~solusj/d3.js-book-examples-master/ch1/histogram.html HTTP/1.1" 200 1035 "-" "Mozilla/5.0 (Windows NT 5.1; rv:32.0) Gecko/20100101 Firefox/32.0"
67.181.29.3 - - [15/Oct/2014:13:45:35 -0700] "GET /~solusj/d3.js-book-examples-master/bootstrap/css/bootstrap.min.css HTTP/1.1" 304 - "http://jeremy.yosemite.edu/~solusj/d3.js-book-examples-master/ch1/histogram.html" "Mozilla/5.0 (Windows NT 5.1; rv:32.0) Gecko/20100101 Firefox/32.0"
67.181.29.3 - - [15/Oct/2014:13:45:36 -0700] "GET /~solusj/d3.js-book-examples-master/ch1/histogram.js HTTP/1.1" 304 - "http://jeremy.yosemite.edu/~solusj/d3.js-book-examples-master/ch1/histogram.html" "Mozilla/5.0 (Windows NT 5.1; rv:32.0) Gecko/20100101 Firefox/32.0"
67.181.29.3 - - [15/Oct/2014:13:45:36 -0700] "GET /~solusj/d3.js-book-examples-master/ch1/histogram-hours.json HTTP/1.1" 304 - "http://jeremy.yosemite.edu/~solusj/d3.js-book-examples-master/ch1/histogram.html" "Mozilla/5.0 (Windows NT 5.1; rv:32.0) Gecko/20100101 Firefox/32.0"
67.181.29.3 - - [15/Oct/2014:13:45:38 -0700] "GET /~solusj/d3.js-book-examples-master/ch1/histogram.html HTTP/1.1" 304 - "-" "Mozilla/5.0 (Windows NT 5.1; rv:32.0) Gecko/20100101 Firefox/32.0"
67.181.29.3 - - [15/Oct/2014:13:45:38 -0700] "GET /~solusj/d3.js-book-examples-master/bootstrap/css/bootstrap.min.css HTTP/1.1" 304 - "http://jeremy.yosemite.edu/~solusj/d3.js-book-examples-master/ch1/histogram.html" "Mozilla/5.0 (Windows NT 5.1; rv:32.0) Gecko/20100101 Firefox/32.0"
67.181.29.3 - - [15/Oct/2014:13:45:38 -0700] "GET /~solusj/d3.js-book-examples-master/ch1/histogram.js HTTP/1.1" 304 - "http://jeremy.yosemite.edu/~solusj/d3.js-book-examples-master/ch1/histogram.html" "Mozilla/5.0 (Windows NT 5.1; rv:32.0) Gecko/20100101 Firefox/32.0"
67.181.29.3 - - [15/Oct/2014:13:45:39 -0700] "GET /~solusj/d3.js-book-examples-master/ch1/histogram-hours.json HTTP/1.1" 304 - "http://jeremy.yosemite.edu/~solusj/d3.js-book-examples-master/ch1/histogram.html" "Mozilla/5.0 (Windows NT 5.1; rv:32.0) Gecko/20100101 Firefox/32.0"
67.181.29.3 - - [15/Oct/2014:13:49:16 -0700] "GET /~solusj/d3.js-book-examples-master/ch1/histogram.html HTTP/1.1" 200 857 "-" "Mozilla/5.0 (Windows NT 5.1; rv:32.0) Gecko/20100101 Firefox/32.0"
67.181.29.3 - - [15/Oct/2014:13:49:16 -0700] "GET /~solusj/d3.js-book-examples-master/bootstrap/css/bootstrap.min.css HTTP/1.1" 304 - "http://jeremy.yosemite.edu/~solusj/d3.js-book-examples-master/ch1/histogram.html" "Mozilla/5.0 (Windows NT 5.1; rv:32.0) Gecko/20100101 Firefox/32.0"
67.181.29.3 - - [15/Oct/2014:13:49:16 -0700] "GET /~solusj/d3.js-book-examples-master/ch1/histogram.js HTTP/1.1" 304 - "http://jeremy.yosemite.edu/~solusj/d3.js-book-examples-master/ch1/histogram.html" "Mozilla/5.0 (Windows NT 5.1; rv:32.0) Gecko/20100101 Firefox/32.0"
67.181.29.3 - - [15/Oct/2014:13:49:17 -0700] "GET /~solusj/d3.js-book-examples-master/ch1/histogram-hours.json HTTP/1.1" 304 - "http://jeremy.yosemite.edu/~solusj/d3.js-book-examples-master/ch1/histogram.html" "Mozilla/5.0 (Windows NT 5.1; rv:32.0) Gecko/20100101 Firefox/32.0"
67.181.29.3 - - [15/Oct/2014:13:49:19 -0700] "GET /~solusj/d3.js-book-examples-master/ch1/histogram.html HTTP/1.1" 304 - "-" "Mozilla/5.0 (Windows NT 5.1; rv:32.0) Gecko/20100101 Firefox/32.0"
67.181.29.3 - - [15/Oct/2014:13:49:19 -0700] "GET /~solusj/d3.js-book-examples-master/bootstrap/css/bootstrap.min.css HTTP/1.1" 304 - "http://jeremy.yosemite.edu/~solusj/d3.js-book-examples-master/ch1/histogram.html" "Mozilla/5.0 (Windows NT 5.1; rv:32.0) Gecko/20100101 Firefox/32.0"
67.181.29.3 - - [15/Oct/2014:13:49:19 -0700] "GET /~solusj/d3.js-book-examples-master/ch1/histogram.js HTTP/1.1" 304 - "http://jeremy.yosemite.edu/~solusj/d3.js-book-examples-master/ch1/histogram.html" "Mozilla/5.0 (Windows NT 5.1; rv:32.0) Gecko/20100101 Firefox/32.0"
67.181.29.3 - - [15/Oct/2014:13:49:20 -0700] "GET /~solusj/d3.js-book-examples-master/ch1/histogram-hours.json HTTP/1.1" 304 - "http://jeremy.yosemite.edu/~solusj/d3.js-book-examples-master/ch1/histogram.html" "Mozilla/5.0 (Windows NT 5.1; rv:32.0) Gecko/20100101 Firefox/32.0"
54.197.226.18 - - [15/Oct/2014:13:51:27 -0700] "HEAD /favicon.ico HTTP/1.1" 200 - "-" "-"
67.181.29.3 - - [15/Oct/2014:13:51:29 -0700] "GET /favicon.ico HTTP/1.1" 200 302 "-" "Mozilla/5.0 (Windows NT 5.1; rv:32.0) Gecko/20100101 Firefox/32.0"
67.181.29.3 - - [15/Oct/2014:13:52:12 -0700] "GET /~solusj/d3.js-book-examples-master/ch1/histogram.html HTTP/1.1" 200 924 "-" "Mozilla/5.0 (Windows NT 5.1; rv:32.0) Gecko/20100101 Firefox/32.0"
67.181.29.3 - - [15/Oct/2014:13:52:12 -0700] "GET /~solusj/d3.js-book-examples-master/bootstrap/css/bootstrap.min.css HTTP/1.1" 304 - "http://jeremy.yosemite.edu/~solusj/d3.js-book-examples-master/ch1/histogram.html" "Mozilla/5.0 (Windows NT 5.1; rv:32.0) Gecko/20100101 Firefox/32.0"
67.181.29.3 - - [15/Oct/2014:13:52:13 -0700] "GET /~solusj/d3.js-book-examples-master/ch1/histogram.js HTTP/1.1" 304 - "http://jeremy.yosemite.edu/~solusj/d3.js-book-examples-master/ch1/histogram.html" "Mozilla/5.0 (Windows NT 5.1; rv:32.0) Gecko/20100101 Firefox/32.0"
67.181.29.3 - - [15/Oct/2014:13:52:13 -0700] "GET /~solusj/d3.js-book-examples-master/ch1/histogram-hours.json HTTP/1.1" 304 - "http://jeremy.yosemite.edu/~solusj/d3.js-book-examples-master/ch1/histogram.html" "Mozilla/5.0 (Windows NT 5.1; rv:32.0) Gecko/20100101 Firefox/32.0"
67.181.29.3 - - [15/Oct/2014:13:52:17 -0700] "GET /~solusj/d3.js-book-examples-master/ch1/histogram.html HTTP/1.1" 304 - "-" "Mozilla/5.0 (Windows NT 5.1; rv:32.0) Gecko/20100101 Firefox/32.0"
67.181.29.3 - - [15/Oct/2014:13:52:17 -0700] "GET /~solusj/d3.js-book-examples-master/bootstrap/css/bootstrap.min.css HTTP/1.1" 304 - "http://jeremy.yosemite.edu/~solusj/d3.js-book-examples-master/ch1/histogram.html" "Mozilla/5.0 (Windows NT 5.1; rv:32.0) Gecko/20100101 Firefox/32.0"
67.181.29.3 - - [15/Oct/2014:13:52:17 -0700] "GET /~solusj/d3.js-book-examples-master/ch1/histogram.js HTTP/1.1" 304 - "http://jeremy.yosemite.edu/~solusj/d3.js-book-examples-master/ch1/histogram.html" "Mozilla/5.0 (Windows NT 5.1; rv:32.0) Gecko/20100101 Firefox/32.0"
67.181.29.3 - - [15/Oct/2014:13:52:18 -0700] "GET /~solusj/d3.js-book-examples-master/ch1/histogram-hours.json HTTP/1.1" 304 - "http://jeremy.yosemite.edu/~solusj/d3.js-book-examples-master/ch1/histogram.html" "Mozilla/5.0 (Windows NT 5.1; rv:32.0) Gecko/20100101 Firefox/32.0"
67.181.29.3 - - [15/Oct/2014:13:55:30 -0700] "GET /~solusj/d3.js-book-examples-master/ch1/histogram.html HTTP/1.1" 200 956 "-" "Mozilla/5.0 (Windows NT 5.1; rv:32.0) Gecko/20100101 Firefox/32.0"
67.181.29.3 - - [15/Oct/2014:13:55:30 -0700] "GET /~solusj/d3.js-book-examples-master/bootstrap/css/bootstrap.min.css HTTP/1.1" 304 - "http://jeremy.yosemite.edu/~solusj/d3.js-book-examples-master/ch1/histogram.html" "Mozilla/5.0 (Windows NT 5.1; rv:32.0) Gecko/20100101 Firefox/32.0"
67.181.29.3 - - [15/Oct/2014:13:55:31 -0700] "GET /~solusj/d3.js-book-examples-master/ch1/histogram.js HTTP/1.1" 304 - "http://jeremy.yosemite.edu/~solusj/d3.js-book-examples-master/ch1/histogram.html" "Mozilla/5.0 (Windows NT 5.1; rv:32.0) Gecko/20100101 Firefox/32.0"
67.181.29.3 - - [15/Oct/2014:13:55:31 -0700] "GET /~solusj/d3.js-book-examples-master/ch1/histogram-hours.json HTTP/1.1" 304 - "http://jeremy.yosemite.edu/~solusj/d3.js-book-examples-master/ch1/histogram.html" "Mozilla/5.0 (Windows NT 5.1; rv:32.0) Gecko/20100101 Firefox/32.0"
67.181.29.3 - - [15/Oct/2014:13:55:33 -0700] "GET /~solusj/d3.js-book-examples-master/ch1/histogram.html HTTP/1.1" 304 - "-" "Mozilla/5.0 (Windows NT 5.1; rv:32.0) Gecko/20100101 Firefox/32.0"
67.181.29.3 - - [15/Oct/2014:13:55:34 -0700] "GET /~solusj/d3.js-book-examples-master/bootstrap/css/bootstrap.min.css HTTP/1.1" 304 - "http://jeremy.yosemite.edu/~solusj/d3.js-book-examples-master/ch1/histogram.html" "Mozilla/5.0 (Windows NT 5.1; rv:32.0) Gecko/20100101 Firefox/32.0"
67.181.29.3 - - [15/Oct/2014:13:55:34 -0700] "GET /~solusj/d3.js-book-examples-master/ch1/histogram.js HTTP/1.1" 304 - "http://jeremy.yosemite.edu/~solusj/d3.js-book-examples-master/ch1/histogram.html" "Mozilla/5.0 (Windows NT 5.1; rv:32.0) Gecko/20100101 Firefox/32.0"
67.181.29.3 - - [15/Oct/2014:13:55:34 -0700] "GET /~solusj/d3.js-book-examples-master/ch1/histogram-hours.json HTTP/1.1" 304 - "http://jeremy.yosemite.edu/~solusj/d3.js-book-examples-master/ch1/histogram.html" "Mozilla/5.0 (Windows NT 5.1; rv:32.0) Gecko/20100101 Firefox/32.0"
67.181.29.3 - - [15/Oct/2014:14:04:37 -0700] "GET /~solusj/d3.js-book-examples-master/ch1/histogram.html HTTP/1.1" 200 842 "-" "Mozilla/5.0 (Windows NT 5.1; rv:32.0) Gecko/20100101 Firefox/32.0"
67.181.29.3 - - [15/Oct/2014:14:04:45 -0700] "GET /~solusj/d3.js-book-examples-master/ch1/histogram.html HTTP/1.1" 304 - "-" "Mozilla/5.0 (Windows NT 5.1; rv:32.0) Gecko/20100101 Firefox/32.0"
67.181.29.3 - - [15/Oct/2014:14:04:45 -0700] "GET /~solusj/d3.js-book-examples-master/bootstrap/css/bootstrap.min.css HTTP/1.1" 304 - "http://jeremy.yosemite.edu/~solusj/d3.js-book-examples-master/ch1/histogram.html" "Mozilla/5.0 (Windows NT 5.1; rv:32.0) Gecko/20100101 Firefox/32.0"
67.181.29.3 - - [15/Oct/2014:14:04:45 -0700] "GET /~solusj/d3.js-book-examples-master/ch1/histogram.js HTTP/1.1" 304 - "http://jeremy.yosemite.edu/~solusj/d3.js-book-examples-master/ch1/histogram.html" "Mozilla/5.0 (Windows NT 5.1; rv:32.0) Gecko/20100101 Firefox/32.0"
67.181.29.3 - - [15/Oct/2014:14:04:45 -0700] "GET /~solusj/d3.js-book-examples-master/ch1/histogram-hours.json HTTP/1.1" 304 - "http://jeremy.yosemite.edu/~solusj/d3.js-book-examples-master/ch1/histogram.html" "Mozilla/5.0 (Windows NT 5.1; rv:32.0) Gecko/20100101 Firefox/32.0"
67.181.29.3 - - [15/Oct/2014:14:04:48 -0700] "GET /~solusj/d3.js-book-examples-master/ch1/histogram.html HTTP/1.1" 304 - "-" "Mozilla/5.0 (Windows NT 5.1; rv:32.0) Gecko/20100101 Firefox/32.0"
67.181.29.3 - - [15/Oct/2014:14:04:48 -0700] "GET /~solusj/d3.js-book-examples-master/bootstrap/css/bootstrap.min.css HTTP/1.1" 304 - "http://jeremy.yosemite.edu/~solusj/d3.js-book-examples-master/ch1/histogram.html" "Mozilla/5.0 (Windows NT 5.1; rv:32.0) Gecko/20100101 Firefox/32.0"
67.181.29.3 - - [15/Oct/2014:14:04:48 -0700] "GET /~solusj/d3.js-book-examples-master/ch1/histogram.js HTTP/1.1" 304 - "http://jeremy.yosemite.edu/~solusj/d3.js-book-examples-master/ch1/histogram.html" "Mozilla/5.0 (Windows NT 5.1; rv:32.0) Gecko/20100101 Firefox/32.0"
67.181.29.3 - - [15/Oct/2014:14:04:48 -0700] "GET /~solusj/d3.js-book-examples-master/ch1/histogram-hours.json HTTP/1.1" 304 - "http://jeremy.yosemite.edu/~solusj/d3.js-book-examples-master/ch1/histogram.html" "Mozilla/5.0 (Windows NT 5.1; rv:32.0) Gecko/20100101 Firefox/32.0"
67.181.29.3 - - [15/Oct/2014:14:04:55 -0700] "GET /~solusj/d3.js-book-examples-master/ch1/histogram.html HTTP/1.1" 304 - "-" "Mozilla/5.0 (Windows NT 5.1; rv:32.0) Gecko/20100101 Firefox/32.0"
67.181.29.3 - - [15/Oct/2014:14:04:55 -0700] "GET /~solusj/d3.js-book-examples-master/bootstrap/css/bootstrap.min.css HTTP/1.1" 304 - "http://jeremy.yosemite.edu/~solusj/d3.js-book-examples-master/ch1/histogram.html" "Mozilla/5.0 (Windows NT 5.1; rv:32.0) Gecko/20100101 Firefox/32.0"
67.181.29.3 - - [15/Oct/2014:14:04:55 -0700] "GET /~solusj/d3.js-book-examples-master/ch1/histogram.js HTTP/1.1" 304 - "http://jeremy.yosemite.edu/~solusj/d3.js-book-examples-master/ch1/histogram.html" "Mozilla/5.0 (Windows NT 5.1; rv:32.0) Gecko/20100101 Firefox/32.0"
67.181.29.3 - - [15/Oct/2014:14:04:56 -0700] "GET /~solusj/d3.js-book-examples-master/ch1/histogram-hours.json HTTP/1.1" 304 - "http://jeremy.yosemite.edu/~solusj/d3.js-book-examples-master/ch1/histogram.html" "Mozilla/5.0 (Windows NT 5.1; rv:32.0) Gecko/20100101 Firefox/32.0"
67.181.29.3 - - [15/Oct/2014:14:07:53 -0700] "GET /~solusj/d3.js-book-examples-master/ch1/histogram.html HTTP/1.1" 200 842 "-" "Mozilla/5.0 (Windows NT 5.1; rv:32.0) Gecko/20100101 Firefox/32.0"
67.181.29.3 - - [15/Oct/2014:14:07:53 -0700] "GET /~solusj/d3.js-book-examples-master/bootstrap/css/bootstrap.min.css HTTP/1.1" 304 - "http://jeremy.yosemite.edu/~solusj/d3.js-book-examples-master/ch1/histogram.html" "Mozilla/5.0 (Windows NT 5.1; rv:32.0) Gecko/20100101 Firefox/32.0"
67.181.29.3 - - [15/Oct/2014:14:07:54 -0700] "GET /~solusj/d3.js-book-examples-master/ch1/histogram.js HTTP/1.1" 304 - "http://jeremy.yosemite.edu/~solusj/d3.js-book-examples-master/ch1/histogram.html" "Mozilla/5.0 (Windows NT 5.1; rv:32.0) Gecko/20100101 Firefox/32.0"
67.181.29.3 - - [15/Oct/2014:14:07:54 -0700] "GET /~solusj/d3.js-book-examples-master/ch1/histogram-hours.json HTTP/1.1" 304 - "http://jeremy.yosemite.edu/~solusj/d3.js-book-examples-master/ch1/histogram.html" "Mozilla/5.0 (Windows NT 5.1; rv:32.0) Gecko/20100101 Firefox/32.0"
67.181.29.3 - - [15/Oct/2014:14:07:56 -0700] "GET /~solusj/d3.js-book-examples-master/ch1/histogram.html HTTP/1.1" 304 - "-" "Mozilla/5.0 (Windows NT 5.1; rv:32.0) Gecko/20100101 Firefox/32.0"
67.181.29.3 - - [15/Oct/2014:14:07:56 -0700] "GET /~solusj/d3.js-book-examples-master/bootstrap/css/bootstrap.min.css HTTP/1.1" 304 - "http://jeremy.yosemite.edu/~solusj/d3.js-book-examples-master/ch1/histogram.html" "Mozilla/5.0 (Windows NT 5.1; rv:32.0) Gecko/20100101 Firefox/32.0"
67.181.29.3 - - [15/Oct/2014:14:07:56 -0700] "GET /~solusj/d3.js-book-examples-master/ch1/histogram.js HTTP/1.1" 304 - "http://jeremy.yosemite.edu/~solusj/d3.js-book-examples-master/ch1/histogram.html" "Mozilla/5.0 (Windows NT 5.1; rv:32.0) Gecko/20100101 Firefox/32.0"
67.181.29.3 - - [15/Oct/2014:14:07:57 -0700] "GET /~solusj/d3.js-book-examples-master/ch1/histogram-hours.json HTTP/1.1" 304 - "http://jeremy.yosemite.edu/~solusj/d3.js-book-examples-master/ch1/histogram.html" "Mozilla/5.0 (Windows NT 5.1; rv:32.0) Gecko/20100101 Firefox/32.0"
76.232.188.26 - - [15/Oct/2014:15:52:56 -0700] "GET /~hatchs/timesheet.html HTTP/1.1" 200 523 "-" "Mozilla/5.0 (Linux; Android 4.3; SAMSUNG-SGH-I337 Build/JSS15J) AppleWebKit/537.36 (KHTML, like Gecko) Chrome/38.0.2125.102 Mobile Safari/537.36"
76.232.188.26 - - [15/Oct/2014:15:52:57 -0700] "GET /favicon.ico HTTP/1.1" 200 302 "-" "Mozilla/5.0 (Linux; Android 4.3; SAMSUNG-SGH-I337 Build/JSS15J) AppleWebKit/537.36 (KHTML, like Gecko) Chrome/38.0.2125.102 Mobile Safari/537.36"
10.25.99.197 - - [15/Oct/2014:17:20:53 -0700] "GET /~sforzas/fortune.html HTTP/1.1" 403 1000 "-" "Mozilla/5.0 (Windows NT 6.1; rv:24.0) Gecko/20100101 Firefox/24.0"
10.25.99.197 - - [15/Oct/2014:17:20:54 -0700] "GET /favicon.ico HTTP/1.1" 200 302 "-" "Mozilla/5.0 (Windows NT 6.1; rv:24.0) Gecko/20100101 Firefox/24.0"
10.25.99.197 - - [15/Oct/2014:17:21:04 -0700] "GET /~sforzas/timesheet.html HTTP/1.1" 403 1000 "-" "Mozilla/5.0 (Windows NT 6.1; rv:24.0) Gecko/20100101 Firefox/24.0"
10.25.99.207 - - [15/Oct/2014:17:21:26 -0700] "GET /~torresm/ HTTP/1.1" 200 1379 "-" "Mozilla/5.0 (Windows NT 6.1) AppleWebKit/537.36 (KHTML, like Gecko) Chrome/37.0.2062.124 Safari/537.36"
10.66.16.237 - - [15/Oct/2014:17:21:28 -0700] "GET /~aguilarj/fortune.html HTTP/1.1" 200 167 "-" "Mozilla/5.0 (Macintosh; Intel Mac OS X 10_10_0) AppleWebKit/537.36 (KHTML, like Gecko) Chrome/38.0.2125.104 Safari/537.36"
10.25.99.12 - - [15/Oct/2014:17:21:29 -0700] "GET /~dkp/fortune.html HTTP/1.1" 200 797 "-" "Mozilla/5.0 (Windows NT 6.3; WOW64; rv:32.0) Gecko/20100101 Firefox/32.0"
10.25.99.207 - - [15/Oct/2014:17:21:29 -0700] "GET /~torresm/fortune.html HTTP/1.1" 200 415 "http://jeremy.yosemite.edu/~torresm/" "Mozilla/5.0 (Windows NT 6.1) AppleWebKit/537.36 (KHTML, like Gecko) Chrome/37.0.2062.124 Safari/537.36"
10.66.16.135 - - [15/Oct/2014:17:21:35 -0700] "GET /~wongj/fortune.html HTTP/1.1" 200 218 "-" "Mozilla/5.0 (Windows NT 6.3; WOW64; rv:32.0) Gecko/20100101 Firefox/32.0"
10.25.99.148 - - [15/Oct/2014:17:21:39 -0700] "GET /~jandad/fortune.html HTTP/1.1" 404 1010 "-" "Mozilla/5.0 (Windows NT 6.1) AppleWebKit/537.36 (KHTML, like Gecko) Chrome/38.0.2125.104 Safari/537.36"
10.25.99.148 - - [15/Oct/2014:17:21:39 -0700] "GET /favicon.ico HTTP/1.1" 200 302 "-" "Mozilla/5.0 (Windows NT 6.1) AppleWebKit/537.36 (KHTML, like Gecko) Chrome/38.0.2125.104 Safari/537.36"
10.25.99.197 - - [15/Oct/2014:17:21:40 -0700] "GET /~sforzas/fortune.html HTTP/1.1" 403 1000 "-" "Mozilla/5.0 (Windows NT 6.1) AppleWebKit/537.36 (KHTML, like Gecko) Chrome/38.0.2125.104 Safari/537.36"
10.66.57.64 - - [15/Oct/2014:17:21:44 -0700] "GET /~giesss/histogram3.html HTTP/1.1" 200 517 "-" "Mozilla/5.0 (Windows NT 6.3; WOW64; rv:32.0) Gecko/20100101 Firefox/32.0"
10.66.57.64 - - [15/Oct/2014:17:21:44 -0700] "GET /~giesss/js-data/histogram3.js HTTP/1.1" 200 3812 "http://jeremy.yosemite.edu/~giesss/histogram3.html" "Mozilla/5.0 (Windows NT 6.3; WOW64; rv:32.0) Gecko/20100101 Firefox/32.0"
10.25.99.172 - - [15/Oct/2014:17:21:44 -0700] "GET /~clinem HTTP/1.1" 301 331 "-" "Mozilla/5.0 (Windows NT 6.1) AppleWebKit/537.36 (KHTML, like Gecko) Chrome/38.0.2125.101 Safari/537.36"
10.25.99.172 - - [15/Oct/2014:17:21:44 -0700] "GET /~clinem/ HTTP/1.1" 200 921 "-" "Mozilla/5.0 (Windows NT 6.1) AppleWebKit/537.36 (KHTML, like Gecko) Chrome/38.0.2125.101 Safari/537.36"
10.25.99.188 - - [15/Oct/2014:17:21:44 -0700] "GET /~chuk/fortune.html HTTP/1.1" 200 183 "-" "Mozilla/5.0 (Windows NT 6.1; rv:33.0) Gecko/20100101 Firefox/33.0"
10.25.99.172 - - [15/Oct/2014:17:21:44 -0700] "GET /icons/blank.gif HTTP/1.1" 200 148 "http://jeremy.yosemite.edu/~clinem/" "Mozilla/5.0 (Windows NT 6.1) AppleWebKit/537.36 (KHTML, like Gecko) Chrome/38.0.2125.101 Safari/537.36"
10.25.99.172 - - [15/Oct/2014:17:21:44 -0700] "GET /icons/back.gif HTTP/1.1" 200 216 "http://jeremy.yosemite.edu/~clinem/" "Mozilla/5.0 (Windows NT 6.1) AppleWebKit/537.36 (KHTML, like Gecko) Chrome/38.0.2125.101 Safari/537.36"
10.25.99.172 - - [15/Oct/2014:17:21:44 -0700] "GET /icons/text.gif HTTP/1.1" 200 229 "http://jeremy.yosemite.edu/~clinem/" "Mozilla/5.0 (Windows NT 6.1) AppleWebKit/537.36 (KHTML, like Gecko) Chrome/38.0.2125.101 Safari/537.36"
10.25.99.188 - - [15/Oct/2014:17:21:44 -0700] "GET /favicon.ico HTTP/1.1" 200 302 "-" "Mozilla/5.0 (Windows NT 6.1; rv:33.0) Gecko/20100101 Firefox/33.0"
10.66.57.64 - - [15/Oct/2014:17:21:45 -0700] "GET /~giesss/js-data/histo_data2.json HTTP/1.1" 200 123 "http://jeremy.yosemite.edu/~giesss/histogram3.html" "Mozilla/5.0 (Windows NT 6.3; WOW64; rv:32.0) Gecko/20100101 Firefox/32.0"
10.66.57.64 - - [15/Oct/2014:17:21:45 -0700] "GET /~giesss/js-data/histo_data3.json HTTP/1.1" 200 263 "http://jeremy.yosemite.edu/~giesss/histogram3.html" "Mozilla/5.0 (Windows NT 6.3; WOW64; rv:32.0) Gecko/20100101 Firefox/32.0"
10.66.57.64 - - [15/Oct/2014:17:21:45 -0700] "GET /~giesss/js-data/histo_data4.json HTTP/1.1" 200 393 "http://jeremy.yosemite.edu/~giesss/histogram3.html" "Mozilla/5.0 (Windows NT 6.3; WOW64; rv:32.0) Gecko/20100101 Firefox/32.0"
10.25.99.172 - - [15/Oct/2014:17:21:47 -0700] "GET /~clinem/fortune.html HTTP/1.1" 200 128 "http://jeremy.yosemite.edu/~clinem/" "Mozilla/5.0 (Windows NT 6.1) AppleWebKit/537.36 (KHTML, like Gecko) Chrome/38.0.2125.101 Safari/537.36"
::1 - - [15/Oct/2014:17:21:58 -0700] "OPTIONS * HTTP/1.0" 200 - "-" "Apache/2.4.6 (Linux/SUSE) PHP/5.4.20 OpenSSL/1.0.1i (internal dummy connection)"
10.25.99.19 - - [15/Oct/2014:17:21:59 -0700] "GET /~hays/fortune_mkweb HTTP/1.1" 404 1010 "-" "Mozilla/5.0 (Windows NT 6.1) AppleWebKit/537.36 (KHTML, like Gecko) Chrome/38.0.2125.104 Safari/537.36"
10.25.99.19 - - [15/Oct/2014:17:22:00 -0700] "GET /favicon.ico HTTP/1.1" 200 302 "-" "Mozilla/5.0 (Windows NT 6.1) AppleWebKit/537.36 (KHTML, like Gecko) Chrome/38.0.2125.104 Safari/537.36"
::1 - - [15/Oct/2014:17:22:01 -0700] "OPTIONS * HTTP/1.0" 200 - "-" "Apache/2.4.6 (Linux/SUSE) PHP/5.4.20 OpenSSL/1.0.1i (internal dummy connection)"
10.66.57.64 - - [15/Oct/2014:17:22:01 -0700] "GET /~giesss/fortune.html HTTP/1.1" 200 840 "-" "Mozilla/5.0 (Windows NT 6.3; WOW64; rv:32.0) Gecko/20100101 Firefox/32.0"
10.25.99.197 - - [15/Oct/2014:17:22:01 -0700] "GET /~sforzas/timesheet.html HTTP/1.1" 403 1000 "-" "Mozilla/5.0 (Windows NT 6.1) AppleWebKit/537.36 (KHTML, like Gecko) Chrome/38.0.2125.104 Safari/537.36"
::1 - - [15/Oct/2014:17:22:02 -0700] "OPTIONS * HTTP/1.0" 200 - "-" "Apache/2.4.6 (Linux/SUSE) PHP/5.4.20 OpenSSL/1.0.1i (internal dummy connection)"
10.25.99.174 - - [15/Oct/2014:17:22:02 -0700] "GET /~sassenbergm/fortune.html HTTP/1.1" 404 1010 "-" "Mozilla/5.0 (Windows NT 6.1) AppleWebKit/537.36 (KHTML, like Gecko) Chrome/38.0.2125.101 Safari/537.36"
10.25.99.174 - - [15/Oct/2014:17:22:02 -0700] "GET /favicon.ico HTTP/1.1" 200 302 "-" "Mozilla/5.0 (Windows NT 6.1) AppleWebKit/537.36 (KHTML, like Gecko) Chrome/38.0.2125.101 Safari/537.36"
10.25.99.72 - - [15/Oct/2014:17:22:04 -0700] "GET /delgado-braunn/fortune.html HTTP/1.1" 404 1010 "-" "Mozilla/5.0 (Windows NT 6.1) AppleWebKit/537.36 (KHTML, like Gecko) Chrome/38.0.2125.104 Safari/537.36"
10.25.99.72 - - [15/Oct/2014:17:22:05 -0700] "GET /favicon.ico HTTP/1.1" 200 302 "-" "Mozilla/5.0 (Windows NT 6.1) AppleWebKit/537.36 (KHTML, like Gecko) Chrome/38.0.2125.104 Safari/537.36"
10.25.99.174 - - [15/Oct/2014:17:22:12 -0700] "GET /~sassenbergm/ HTTP/1.1" 200 2526 "-" "Mozilla/5.0 (Windows NT 6.1) AppleWebKit/537.36 (KHTML, like Gecko) Chrome/38.0.2125.101 Safari/537.36"
10.25.99.174 - - [15/Oct/2014:17:22:12 -0700] "GET /icons/blank.gif HTTP/1.1" 200 148 "http://jeremy.yosemite.edu/~sassenbergm/" "Mozilla/5.0 (Windows NT 6.1) AppleWebKit/537.36 (KHTML, like Gecko) Chrome/38.0.2125.101 Safari/537.36"
10.25.99.174 - - [15/Oct/2014:17:22:12 -0700] "GET /icons/back.gif HTTP/1.1" 200 216 "http://jeremy.yosemite.edu/~sassenbergm/" "Mozilla/5.0 (Windows NT 6.1) AppleWebKit/537.36 (KHTML, like Gecko) Chrome/38.0.2125.101 Safari/537.36"
10.25.99.174 - - [15/Oct/2014:17:22:12 -0700] "GET /icons/text.gif HTTP/1.1" 200 229 "http://jeremy.yosemite.edu/~sassenbergm/" "Mozilla/5.0 (Windows NT 6.1) AppleWebKit/537.36 (KHTML, like Gecko) Chrome/38.0.2125.101 Safari/537.36"
10.25.99.174 - - [15/Oct/2014:17:22:12 -0700] "GET /icons/folder.gif HTTP/1.1" 200 225 "http://jeremy.yosemite.edu/~sassenbergm/" "Mozilla/5.0 (Windows NT 6.1) AppleWebKit/537.36 (KHTML, like Gecko) Chrome/38.0.2125.101 Safari/537.36"
10.25.99.174 - - [15/Oct/2014:17:22:12 -0700] "GET /icons/unknown.gif HTTP/1.1" 200 245 "http://jeremy.yosemite.edu/~sassenbergm/" "Mozilla/5.0 (Windows NT 6.1) AppleWebKit/537.36 (KHTML, like Gecko) Chrome/38.0.2125.101 Safari/537.36"
10.25.99.197 - - [15/Oct/2014:17:22:12 -0700] "GET /~sforzas/fortune.html HTTP/1.1" 403 1000 "-" "Mozilla/5.0 (Windows NT 6.1) AppleWebKit/537.36 (KHTML, like Gecko) Chrome/38.0.2125.104 Safari/537.36"
10.25.99.154 - - [15/Oct/2014:17:22:16 -0700] "GET /~willisc/fortune.html HTTP/1.1" 404 1010 "-" "Mozilla/5.0 (Windows NT 6.1) AppleWebKit/537.36 (KHTML, like Gecko) Chrome/38.0.2125.104 Safari/537.36"
10.25.99.154 - - [15/Oct/2014:17:22:16 -0700] "GET /favicon.ico HTTP/1.1" 200 302 "-" "Mozilla/5.0 (Windows NT 6.1) AppleWebKit/537.36 (KHTML, like Gecko) Chrome/38.0.2125.104 Safari/537.36"
10.25.99.174 - - [15/Oct/2014:17:22:18 -0700] "GET /~sassenbergm/fortune_mkweb HTTP/1.1" 403 1000 "http://jeremy.yosemite.edu/~sassenbergm/" "Mozilla/5.0 (Windows NT 6.1) AppleWebKit/537.36 (KHTML, like Gecko) Chrome/38.0.2125.101 Safari/537.36"
10.25.99.19 - - [15/Oct/2014:17:22:22 -0700] "GET /~hays/fortune.html HTTP/1.1" 200 309 "-" "Mozilla/5.0 (Windows NT 6.1) AppleWebKit/537.36 (KHTML, like Gecko) Chrome/38.0.2125.104 Safari/537.36"
::1 - - [15/Oct/2014:17:22:30 -0700] "OPTIONS * HTTP/1.0" 200 - "-" "Apache/2.4.6 (Linux/SUSE) PHP/5.4.20 OpenSSL/1.0.1i (internal dummy connection)"
::1 - - [15/Oct/2014:17:22:31 -0700] "OPTIONS * HTTP/1.0" 200 - "-" "Apache/2.4.6 (Linux/SUSE) PHP/5.4.20 OpenSSL/1.0.1i (internal dummy connection)"
10.66.11.92 - - [15/Oct/2014:17:22:32 -0700] "GET /~bollesm/fortune.html HTTP/1.1" 200 187 "-" "Mozilla/5.0 (Windows NT 6.3; WOW64) AppleWebKit/537.36 (KHTML, like Gecko) Chrome/37.0.2062.124 Safari/537.36"
10.66.11.92 - - [15/Oct/2014:17:22:33 -0700] "GET /favicon.ico HTTP/1.1" 200 302 "-" "Mozilla/5.0 (Windows NT 6.3; WOW64) AppleWebKit/537.36 (KHTML, like Gecko) Chrome/37.0.2062.124 Safari/537.36"
::1 - - [15/Oct/2014:17:22:35 -0700] "OPTIONS * HTTP/1.0" 200 - "-" "Apache/2.4.6 (Linux/SUSE) PHP/5.4.20 OpenSSL/1.0.1i (internal dummy connection)"
10.25.99.154 - - [15/Oct/2014:17:22:36 -0700] "GET /~willisc/fortune.html HTTP/1.1" 200 101 "-" "Mozilla/5.0 (Windows NT 6.1) AppleWebKit/537.36 (KHTML, like Gecko) Chrome/38.0.2125.104 Safari/537.36"
10.66.11.92 - - [15/Oct/2014:17:22:39 -0700] "GET /~bollesm HTTP/1.1" 301 332 "-" "Mozilla/5.0 (Windows NT 6.3; WOW64) AppleWebKit/537.36 (KHTML, like Gecko) Chrome/37.0.2062.124 Safari/537.36"
10.66.11.92 - - [15/Oct/2014:17:22:39 -0700] "GET /~bollesm/ HTTP/1.1" 200 923 "-" "Mozilla/5.0 (Windows NT 6.3; WOW64) AppleWebKit/537.36 (KHTML, like Gecko) Chrome/37.0.2062.124 Safari/537.36"
10.66.11.92 - - [15/Oct/2014:17:22:39 -0700] "GET /icons/blank.gif HTTP/1.1" 200 148 "http://jeremy.yosemite.edu/~bollesm/" "Mozilla/5.0 (Windows NT 6.3; WOW64) AppleWebKit/537.36 (KHTML, like Gecko) Chrome/37.0.2062.124 Safari/537.36"
10.66.11.92 - - [15/Oct/2014:17:22:40 -0700] "GET /icons/back.gif HTTP/1.1" 200 216 "http://jeremy.yosemite.edu/~bollesm/" "Mozilla/5.0 (Windows NT 6.3; WOW64) AppleWebKit/537.36 (KHTML, like Gecko) Chrome/37.0.2062.124 Safari/537.36"
10.66.11.92 - - [15/Oct/2014:17:22:40 -0700] "GET /icons/text.gif HTTP/1.1" 200 229 "http://jeremy.yosemite.edu/~bollesm/" "Mozilla/5.0 (Windows NT 6.3; WOW64) AppleWebKit/537.36 (KHTML, like Gecko) Chrome/37.0.2062.124 Safari/537.36"
10.66.11.92 - - [15/Oct/2014:17:22:42 -0700] "GET /~bollesm/timesheet.html HTTP/1.1" 200 161 "http://jeremy.yosemite.edu/~bollesm/" "Mozilla/5.0 (Windows NT 6.3; WOW64) AppleWebKit/537.36 (KHTML, like Gecko) Chrome/37.0.2062.124 Safari/537.36"
10.66.11.92 - - [15/Oct/2014:17:22:45 -0700] "GET /~bollesm/basic.html HTTP/1.1" 200 179 "http://jeremy.yosemite.edu/~bollesm/" "Mozilla/5.0 (Windows NT 6.3; WOW64) AppleWebKit/537.36 (KHTML, like Gecko) Chrome/37.0.2062.124 Safari/537.36"
10.66.11.92 - - [15/Oct/2014:17:22:51 -0700] "GET /~bollesm/ HTTP/1.1" 200 923 "-" "Mozilla/5.0 (Windows NT 6.3; WOW64) AppleWebKit/537.36 (KHTML, like Gecko) Chrome/37.0.2062.124 Safari/537.36"
10.66.11.92 - - [15/Oct/2014:17:22:51 -0700] "GET /icons/blank.gif HTTP/1.1" 304 - "http://jeremy.yosemite.edu/~bollesm/" "Mozilla/5.0 (Windows NT 6.3; WOW64) AppleWebKit/537.36 (KHTML, like Gecko) Chrome/37.0.2062.124 Safari/537.36"
10.66.11.92 - - [15/Oct/2014:17:22:51 -0700] "GET /icons/back.gif HTTP/1.1" 304 - "http://jeremy.yosemite.edu/~bollesm/" "Mozilla/5.0 (Windows NT 6.3; WOW64) AppleWebKit/537.36 (KHTML, like Gecko) Chrome/37.0.2062.124 Safari/537.36"
10.66.11.92 - - [15/Oct/2014:17:22:51 -0700] "GET /icons/text.gif HTTP/1.1" 304 - "http://jeremy.yosemite.edu/~bollesm/" "Mozilla/5.0 (Windows NT 6.3; WOW64) AppleWebKit/537.36 (KHTML, like Gecko) Chrome/37.0.2062.124 Safari/537.36"
10.25.99.147 - - [15/Oct/2014:17:22:53 -0700] "GET /putty.exe HTTP/1.1" 200 495616 "-" "Mozilla/5.0 (Windows NT 6.1) AppleWebKit/537.36 (KHTML, like Gecko) Chrome/37.0.2062.124 Safari/537.36"
10.25.99.19 - - [15/Oct/2014:17:22:56 -0700] "GET /~hays/fortune.html HTTP/1.1" 304 - "-" "Mozilla/5.0 (Windows NT 6.1) AppleWebKit/537.36 (KHTML, like Gecko) Chrome/38.0.2125.104 Safari/537.36"
10.25.99.19 - - [15/Oct/2014:17:22:56 -0700] "GET /~hays/fortune.html HTTP/1.1" 304 - "-" "Mozilla/5.0 (Windows NT 6.1) AppleWebKit/537.36 (KHTML, like Gecko) Chrome/38.0.2125.104 Safari/537.36"
10.25.99.19 - - [15/Oct/2014:17:22:56 -0700] "GET /~hays/fortune.html HTTP/1.1" 304 - "-" "Mozilla/5.0 (Windows NT 6.1) AppleWebKit/537.36 (KHTML, like Gecko) Chrome/38.0.2125.104 Safari/537.36"
10.25.99.19 - - [15/Oct/2014:17:22:56 -0700] "GET /~hays/fortune.html HTTP/1.1" 304 - "-" "Mozilla/5.0 (Windows NT 6.1) AppleWebKit/537.36 (KHTML, like Gecko) Chrome/38.0.2125.104 Safari/537.36"
10.25.99.19 - - [15/Oct/2014:17:22:57 -0700] "GET /~hays/fortune.html HTTP/1.1" 304 - "-" "Mozilla/5.0 (Windows NT 6.1) AppleWebKit/537.36 (KHTML, like Gecko) Chrome/38.0.2125.104 Safari/537.36"
10.66.11.92 - - [15/Oct/2014:17:22:59 -0700] "GET /~bollesm/fortune.html HTTP/1.1" 304 - "http://jeremy.yosemite.edu/~bollesm/" "Mozilla/5.0 (Windows NT 6.3; WOW64) AppleWebKit/537.36 (KHTML, like Gecko) Chrome/37.0.2062.124 Safari/537.36"
10.66.16.237 - - [15/Oct/2014:17:23:01 -0700] "GET /~aguilarj/timesheet.html HTTP/1.1" 200 230 "-" "Mozilla/5.0 (Macintosh; Intel Mac OS X 10_10_0) AppleWebKit/537.36 (KHTML, like Gecko) Chrome/38.0.2125.104 Safari/537.36"
10.25.99.197 - - [15/Oct/2014:17:23:08 -0700] "GET /~sforzas/fortune.html HTTP/1.1" 403 1000 "-" "Mozilla/5.0 (Windows NT 6.1) AppleWebKit/537.36 (KHTML, like Gecko) Chrome/38.0.2125.104 Safari/537.36"
10.25.99.174 - - [15/Oct/2014:17:23:14 -0700] "GET /~sassenbergm/ HTTP/1.1" 200 2767 "-" "Mozilla/5.0 (Windows NT 6.1) AppleWebKit/537.36 (KHTML, like Gecko) Chrome/38.0.2125.101 Safari/537.36"
10.25.99.174 - - [15/Oct/2014:17:23:14 -0700] "GET /icons/blank.gif HTTP/1.1" 304 - "http://jeremy.yosemite.edu/~sassenbergm/" "Mozilla/5.0 (Windows NT 6.1) AppleWebKit/537.36 (KHTML, like Gecko) Chrome/38.0.2125.101 Safari/537.36"
10.25.99.174 - - [15/Oct/2014:17:23:14 -0700] "GET /icons/back.gif HTTP/1.1" 304 - "http://jeremy.yosemite.edu/~sassenbergm/" "Mozilla/5.0 (Windows NT 6.1) AppleWebKit/537.36 (KHTML, like Gecko) Chrome/38.0.2125.101 Safari/537.36"
10.25.99.174 - - [15/Oct/2014:17:23:14 -0700] "GET /icons/text.gif HTTP/1.1" 304 - "http://jeremy.yosemite.edu/~sassenbergm/" "Mozilla/5.0 (Windows NT 6.1) AppleWebKit/537.36 (KHTML, like Gecko) Chrome/38.0.2125.101 Safari/537.36"
10.25.99.174 - - [15/Oct/2014:17:23:14 -0700] "GET /icons/folder.gif HTTP/1.1" 304 - "http://jeremy.yosemite.edu/~sassenbergm/" "Mozilla/5.0 (Windows NT 6.1) AppleWebKit/537.36 (KHTML, like Gecko) Chrome/38.0.2125.101 Safari/537.36"
10.25.99.174 - - [15/Oct/2014:17:23:14 -0700] "GET /icons/unknown.gif HTTP/1.1" 304 - "http://jeremy.yosemite.edu/~sassenbergm/" "Mozilla/5.0 (Windows NT 6.1) AppleWebKit/537.36 (KHTML, like Gecko) Chrome/38.0.2125.101 Safari/537.36"
10.25.99.174 - - [15/Oct/2014:17:23:16 -0700] "GET /~sassenbergm/fortune.html HTTP/1.1" 200 195 "http://jeremy.yosemite.edu/~sassenbergm/" "Mozilla/5.0 (Windows NT 6.1) AppleWebKit/537.36 (KHTML, like Gecko) Chrome/38.0.2125.101 Safari/537.36"
10.25.99.207 - - [15/Oct/2014:17:23:17 -0700] "GET /~torresm/fortune.html HTTP/1.1" 200 415 "http://jeremy.yosemite.edu/~torresm/" "Mozilla/5.0 (Windows NT 6.1) AppleWebKit/537.36 (KHTML, like Gecko) Chrome/37.0.2062.124 Safari/537.36"
::1 - - [15/Oct/2014:17:23:34 -0700] "OPTIONS * HTTP/1.0" 200 - "-" "Apache/2.4.6 (Linux/SUSE) PHP/5.4.20 OpenSSL/1.0.1i (internal dummy connection)"
::1 - - [15/Oct/2014:17:23:35 -0700] "OPTIONS * HTTP/1.0" 200 - "-" "Apache/2.4.6 (Linux/SUSE) PHP/5.4.20 OpenSSL/1.0.1i (internal dummy connection)"
10.66.16.237 - - [15/Oct/2014:17:23:35 -0700] "GET /~aguilarj/timesheet.html HTTP/1.1" 200 328 "-" "Mozilla/5.0 (Macintosh; Intel Mac OS X 10_10_0) AppleWebKit/537.36 (KHTML, like Gecko) Chrome/38.0.2125.104 Safari/537.36"
10.25.99.197 - - [15/Oct/2014:17:23:36 -0700] "GET /~sforzas/fortune.html HTTP/1.1" 403 1000 "-" "Mozilla/5.0 (Windows NT 6.1) AppleWebKit/537.36 (KHTML, like Gecko) Chrome/38.0.2125.104 Safari/537.36"
10.25.99.197 - - [15/Oct/2014:17:23:41 -0700] "GET /~sforzas/ HTTP/1.1" 403 1014 "-" "Mozilla/5.0 (Windows NT 6.1) AppleWebKit/537.36 (KHTML, like Gecko) Chrome/38.0.2125.104 Safari/537.36"
10.25.99.207 - - [15/Oct/2014:17:23:44 -0700] "GET /~torresm/fortune.html HTTP/1.1" 200 415 "http://jeremy.yosemite.edu/~torresm/" "Mozilla/5.0 (Windows NT 6.1) AppleWebKit/537.36 (KHTML, like Gecko) Chrome/37.0.2062.124 Safari/537.36"
10.25.99.197 - - [15/Oct/2014:17:23:46 -0700] "GET /~sforzas/basic.html HTTP/1.1" 403 1000 "-" "Mozilla/5.0 (Windows NT 6.1) AppleWebKit/537.36 (KHTML, like Gecko) Chrome/38.0.2125.104 Safari/537.36"
10.25.99.207 - - [15/Oct/2014:17:23:49 -0700] "GET /~torresm/fortune.html HTTP/1.1" 304 - "http://jeremy.yosemite.edu/~torresm/" "Mozilla/5.0 (Windows NT 6.1) AppleWebKit/537.36 (KHTML, like Gecko) Chrome/37.0.2062.124 Safari/537.36"
10.66.5.199 - - [15/Oct/2014:17:23:59 -0700] "GET /~armijoj HTTP/1.1" 301 332 "-" "Mozilla/5.0 (Windows NT 6.2; WOW64) AppleWebKit/537.36 (KHTML, like Gecko) Chrome/37.0.2062.124 Safari/537.36"
10.66.5.199 - - [15/Oct/2014:17:23:59 -0700] "GET /~armijoj/ HTTP/1.1" 200 2086 "-" "Mozilla/5.0 (Windows NT 6.2; WOW64) AppleWebKit/537.36 (KHTML, like Gecko) Chrome/37.0.2062.124 Safari/537.36"
10.66.5.199 - - [15/Oct/2014:17:23:59 -0700] "GET /icons/blank.gif HTTP/1.1" 200 148 "http://jeremy.yosemite.edu/~armijoj/" "Mozilla/5.0 (Windows NT 6.2; WOW64) AppleWebKit/537.36 (KHTML, like Gecko) Chrome/37.0.2062.124 Safari/537.36"
10.66.5.199 - - [15/Oct/2014:17:23:59 -0700] "GET /icons/back.gif HTTP/1.1" 200 216 "http://jeremy.yosemite.edu/~armijoj/" "Mozilla/5.0 (Windows NT 6.2; WOW64) AppleWebKit/537.36 (KHTML, like Gecko) Chrome/37.0.2062.124 Safari/537.36"
10.66.5.199 - - [15/Oct/2014:17:23:59 -0700] "GET /icons/text.gif HTTP/1.1" 200 229 "http://jeremy.yosemite.edu/~armijoj/" "Mozilla/5.0 (Windows NT 6.2; WOW64) AppleWebKit/537.36 (KHTML, like Gecko) Chrome/37.0.2062.124 Safari/537.36"
10.66.5.199 - - [15/Oct/2014:17:23:59 -0700] "GET /icons/unknown.gif HTTP/1.1" 200 245 "http://jeremy.yosemite.edu/~armijoj/" "Mozilla/5.0 (Windows NT 6.2; WOW64) AppleWebKit/537.36 (KHTML, like Gecko) Chrome/37.0.2062.124 Safari/537.36"
10.66.5.199 - - [15/Oct/2014:17:23:59 -0700] "GET /icons/folder.gif HTTP/1.1" 200 225 "http://jeremy.yosemite.edu/~armijoj/" "Mozilla/5.0 (Windows NT 6.2; WOW64) AppleWebKit/537.36 (KHTML, like Gecko) Chrome/37.0.2062.124 Safari/537.36"
10.66.5.199 - - [15/Oct/2014:17:23:59 -0700] "GET /favicon.ico HTTP/1.1" 200 302 "-" "Mozilla/5.0 (Windows NT 6.2; WOW64) AppleWebKit/537.36 (KHTML, like Gecko) Chrome/37.0.2062.124 Safari/537.36"
10.66.5.199 - - [15/Oct/2014:17:24:02 -0700] "GET /~armijoj/fortune.html HTTP/1.1" 200 97 "http://jeremy.yosemite.edu/~armijoj/" "Mozilla/5.0 (Windows NT 6.2; WOW64) AppleWebKit/537.36 (KHTML, like Gecko) Chrome/37.0.2062.124 Safari/537.36"
10.25.99.197 - - [15/Oct/2014:17:24:08 -0700] "GET /~sforzas/fortune.html HTTP/1.1" 403 1000 "-" "Mozilla/5.0 (Windows NT 6.1) AppleWebKit/537.36 (KHTML, like Gecko) Chrome/38.0.2125.104 Safari/537.36"
10.25.99.148 - - [15/Oct/2014:17:24:10 -0700] "GET /~jandad/fortune.html HTTP/1.1" 200 124 "-" "Mozilla/5.0 (Windows NT 6.1) AppleWebKit/537.36 (KHTML, like Gecko) Chrome/38.0.2125.104 Safari/537.36"
10.25.99.148 - - [15/Oct/2014:17:24:26 -0700] "GET /~jandad/fortune.html HTTP/1.1" 304 - "-" "Mozilla/5.0 (Windows NT 6.1) AppleWebKit/537.36 (KHTML, like Gecko) Chrome/38.0.2125.104 Safari/537.36"
10.66.111.153 - - [15/Oct/2014:17:24:30 -0700] "GET /~honord/fortune.html HTTP/1.1" 404 1010 "-" "Mozilla/5.0 (X11; Ubuntu; Linux x86_64; rv:32.0) Gecko/20100101 Firefox/32.0"
10.25.99.19 - - [15/Oct/2014:17:24:30 -0700] "GET /~hays/fortune.html HTTP/1.1" 304 - "-" "Mozilla/5.0 (Windows NT 6.1) AppleWebKit/537.36 (KHTML, like Gecko) Chrome/38.0.2125.104 Safari/537.36"
10.25.99.19 - - [15/Oct/2014:17:24:32 -0700] "GET /~hays/fortune.html HTTP/1.1" 304 - "-" "Mozilla/5.0 (Windows NT 6.1) AppleWebKit/537.36 (KHTML, like Gecko) Chrome/38.0.2125.104 Safari/537.36"
10.66.111.153 - - [15/Oct/2014:17:24:37 -0700] "GET /~honord/timesheet.html HTTP/1.1" 200 328 "-" "Mozilla/5.0 (X11; Ubuntu; Linux x86_64; rv:32.0) Gecko/20100101 Firefox/32.0"
10.25.99.72 - - [15/Oct/2014:17:24:47 -0700] "GET /delgado-braunn/fortune.html HTTP/1.1" 404 1010 "-" "Mozilla/5.0 (Windows NT 6.1) AppleWebKit/537.36 (KHTML, like Gecko) Chrome/38.0.2125.104 Safari/537.36"
